
optiboot.elf:     Dateiformat elf32-avr

Sektionen:
Idx Name          Size      VMA       LMA       File off  Algn
  0 .data         00000000  00800100  00007ff4  00000268  2**0
                  CONTENTS, ALLOC, LOAD, DATA
  1 .version      00000002  00007ffe  00007ffe  00000268  2**0
                  CONTENTS, READONLY
  2 .text         000001f4  00007e00  00007e00  00000074  2**1
                  CONTENTS, ALLOC, LOAD, READONLY, CODE
  3 .stab         00000b4c  00000000  00000000  0000026c  2**2
                  CONTENTS, READONLY, DEBUGGING
  4 .stabstr      00000048  00000000  00000000  00000db8  2**0
                  CONTENTS, READONLY, DEBUGGING

Disassembly of section .text:

00007e00 <__ctors_end>:
	.section .text
	.func optiboot
	.global optiboot

optiboot:
	cli
    7e00:	f8 94       	cli
	eor	r1, r1
    7e02:	11 24       	eor	r1, r1
   * still use the watchdog to reset the bootloader too.
   */

//#define marker (*(uint32_t *) (RAMEND - 16 - 3))

	AIN	r2, MCUCSR
    7e04:	24 b6       	in	r2, 0x34	; 52
;	clr	r1
	AOUT	MCUCSR, r1	; MCUCSR = 0
    7e06:	14 be       	out	0x34, r1	; 52
	AOUT	RESET_CAUSE, r2	; save reason of restart (MCUCSR) in IO register
    7e08:	2e ba       	out	0x1e, r2	; 30
#else		/* no FORCE_WATCHDOG */
  // save the reset flags in the designated register
  //  This can be saved in a main program by putting code in .init0 (which
  //  executes before normal c init code) to save R2 to a global variable.
 #if TEST_OUTPUT == 0
	ldi	r24, (1<<WDRF)|(1<<PORF)|(1<<BORF)  ;0x0D
    7e0a:	8d e0       	ldi	r24, 0x0D	; 13
	and	r24, r2		; r2 hold the reset reason , MCUCSR
    7e0c:	82 21       	and	r24, r2
		; none of the WatchDog, PowerOn or BrownOut reason ?
	breq	try_loader	; interrupt must be caused by a external reset
    7e0e:	29 f0       	breq	.+10     	; 0x7e1a <try_loader>

00007e10 <appStart>:
#if (defined(__AVR_ATtiny841__) || defined(__AVR_ATtiny441__) || defined(__AVR_ATtiny1634__)) && (WATCHDOG_TIME == WATCHDOG_OFF)
	ldi	r21, 0xD8	; special signature to change protected I/O register
	AOUT	CCP, r21
	AOUT	WDTCSR, r1	; clear watchdog timer
#else
	ldi	r20, WATCHDOG_TIME	; _OFF or _4S depending on FORCE_WATCHDOG
    7e10:	40 e0       	ldi	r20, 0x00	; 0
	rcall	watchdogConfig		; WATCHDOG_OFF (or _4S if FORCE_WATCHDOG)
    7e12:	ea d0       	rcall	.+468    	; 0x7fe8 <watchdogConfig>

#ifdef	VIRTUAL_BOOT_PARTITION
	ldi	ZL, save_vect_addr/2		; // Jump to WDT vector (jmp or rjmp table)
	eor	ZH, ZH
#else
       	eor	ZL, ZL	; // Jump to RST vector	 0x0000
    7e14:	ee 27       	eor	r30, r30
      	eor	ZH, ZH
    7e16:	ff 27       	eor	r31, r31
#endif
       	ijmp
    7e18:	09 94       	ijmp

00007e1a <try_loader>:
	ldi	r20, WATCHDOG_1S	;0x0E
 #else
	ldi	r20, WATCHDOG_500MS	;
 #endif
#else
	ldi	r20, WATCHDOG_1S	;0x0E	(default value)
    7e1a:	4e e0       	ldi	r20, 0x0E	; 14
#endif
	rcall	watchdogConfig
    7e1c:	e5 d0       	rcall	.+458    	; 0x7fe8 <watchdogConfig>
#endif

#if FLASHEND > 0x1ffff
	clr	r3			; reset mode
#endif
	ldi	r18, lo8(RAMSTART)	; r18:r19 = RAMSTART
    7e1e:	20 e0       	ldi	r18, 0x00	; 0
	ldi	r19, hi8(RAMSTART)	; 
    7e20:	31 e0       	ldi	r19, 0x01	; 1

00007e22 <next_try>:
 #undef UART_SRRH
 #define UART_SRRH UART_SRC
#endif

next_try:
	wdr				; watchdog timer reset
    7e22:	a8 95       	wdr

00007e24 <wt_rx0low>:
wt_rx0low:
#if INVERSE_UART > 0
	ASBIC	UART_RX_PIN, UART_RX_BIT	; Look if RX is still high
#else
	ASBIS	UART_RX_PIN, UART_RX_BIT	; Look if RX is still low
    7e24:	48 9b       	sbis	0x09, 0	; 9
#endif
	rjmp	wt_rx0low			; wait for at least one 1 read
    7e26:	fe cf       	rjmp	.-4      	; 0x7e24 <wt_rx0low>

00007e28 <RX_was_high>:
#if !defined(TIFR1) && defined(TIFR)
 #define TIFR1 TIFR
#endif

#if SOFT_UART == 0
	ldi	r24, UART_SCALER8	; double speed mode
    7e28:	82 e0       	ldi	r24, 0x02	; 2
	AOUT	UART_CNTL, r24		; set UART scaler to 8, double speed
    7e2a:	80 93 c0 00 	sts	0x00C0, r24	; 0x8000c0 <__TEXT_REGION_LENGTH__+0x7e00c0>
	ldi	r23, (1<<UART_SEL)|(TWO_STOP_BITS<<USBS0)|(1<<UCSZ01)|(1<<UCSZ00)	;config UART U8N2
	AOUT	UART_SRC, r23
 #else
    /* no ATmega8_16_32 */
  #if !defined(__AVR_ATmega163__) && !defined(__AVR_ATtiny87__) && !defined(__AVR_ATtiny167__)
	ldi	r23, (TWO_STOP_BITS<<USBS0)|(1<<UCSZ00)|(1<<UCSZ01)	;config UART U8N2
    7e2e:	7e e0       	ldi	r23, 0x0E	; 14
	AOUT	UART_SRC, r23
    7e30:	70 93 c2 00 	sts	0x00C2, r23	; 0x8000c2 <__TEXT_REGION_LENGTH__+0x7e00c2>
 #endif	/* defined(UART_SRC) && defined(UART_SEL) */
#endif

  ; use the 16-Bit counter to measure Baud time
  ; prepare the counter 1
	AOUT	CNT16_CCRB, r1		; Stop counter 1 
    7e34:	10 92 81 00 	sts	0x0081, r1	; 0x800081 <__TEXT_REGION_LENGTH__+0x7e0081>
	AOUT	CNT16_CNTH, r1		; set initial counter to 0
    7e38:	10 92 85 00 	sts	0x0085, r1	; 0x800085 <__TEXT_REGION_LENGTH__+0x7e0085>
	AOUT	CNT16_CNTL, r1
    7e3c:	10 92 84 00 	sts	0x0084, r1	; 0x800084 <__TEXT_REGION_LENGTH__+0x7e0084>

00007e40 <wt_rx0s>:
; wait, if the UART-RX-Bit is low
wt_rx0s:
 #if INVERSE_UART > 0
	ASBIS	UART_RX_PIN, UART_RX_BIT	; Look if RX is still low, INVERSE
 #else
	ASBIC	UART_RX_PIN, UART_RX_BIT	; Look if RX is still high
    7e40:	48 99       	sbic	0x09, 0	; 9
 #endif
	rjmp	wt_rx0s
    7e42:	fe cf       	rjmp	.-4      	; 0x7e40 <wt_rx0s>
	; Position 4: 1B+Delay
	; I see no easy way to prevent the wrong baud-rate detection for each
	; of the possible start conditions. So we check here only a upper time limit
	; for the position 4 for saving flash memory (BAUD_RATE > 39).
	; A full plausibility check is done for a Boot-Page size of more than 512 Byte.
	ldi	r24, START_COUNTER_COMMAND	; start command for counter with /8 scaler or full speed
    7e44:	81 e0       	ldi	r24, 0x01	; 1

00007e46 <wt_rx1s>:
wt_rx1s:
 #if INVERSE_UART > 0
	ASBIC	UART_RX_PIN, UART_RX_BIT	; Look if RX is still high
 #else
	ASBIS	UART_RX_PIN, UART_RX_BIT	; Look if RX is still low
    7e46:	48 9b       	sbis	0x09, 0	; 9
 #endif
	rjmp	wt_rx1s
    7e48:	fe cf       	rjmp	.-4      	; 0x7e46 <wt_rx1s>
	; begin of first "1" data bit is found after S0000, if it was a STK_GET_SYNC, 0x30
	AOUT	CNT16_CCRB, r24		; Start counter 1 with /8 scaler
    7e4a:	80 93 81 00 	sts	0x0081, r24	; 0x800081 <__TEXT_REGION_LENGTH__+0x7e0081>
 #if BAUD_RATE > 39
	; the optional time-limit check is only done, if the BAUD_RATE is set > 39 
  #if TIFR1 < (0x20 + __SFR_OFFSET)
	sbi	_SFR_IO_ADDR(TIFR1), TOVFLAG	; Clear Timer OV Flag
    7e4e:	b0 9a       	sbi	0x16, 0	; 22

00007e50 <wt_rx0bs>:
	AOUT	TIFR1, r26		; clear OV-Flag
  #endif
 #endif	/* BAUD_RATE > 39 */
wt_rx0bs:
 #if BAUD_RATE > 39
	ASBIC	TIFR1, TOVFLAG	; Look if time limit is reached, OV Flag
    7e50:	b0 99       	sbic	0x16, 0	; 22
	rjmp	next_try		; upper limit for 2x Baud-time is reached
    7e52:	e7 cf       	rjmp	.-50     	; 0x7e22 <next_try>
 #endif
 #if INVERSE_UART > 0
	ASBIS	UART_RX_PIN, UART_RX_BIT	; Look if RX is still low
 #else
	ASBIC	UART_RX_PIN, UART_RX_BIT	; Look if RX is still high
    7e54:	48 99       	sbic	0x09, 0	; 9
 #endif
	rjmp	wt_rx0bs
    7e56:	fc cf       	rjmp	.-8      	; 0x7e50 <wt_rx0bs>

00007e58 <wt_rx1bs>:
 ; Transmission of byte is not finished, we must wait for last two "0" Bits
wt_rx1bs:
 #if INVERSE_UART > 0
	ASBIC	UART_RX_PIN, UART_RX_BIT	; Look if RX is still high
 #else
	ASBIS	UART_RX_PIN, UART_RX_BIT	; Look if RX is still low
    7e58:	48 9b       	sbis	0x09, 0	; 9
 #endif
	rjmp	wt_rx1bs
    7e5a:	fe cf       	rjmp	.-4      	; 0x7e58 <wt_rx1bs>

 #ifndef TWO_BIT_MEASURE
	AIN	r24, CNT16_CNTL			; read counter after second '0' bit is finished
    7e5c:	80 91 84 00 	lds	r24, 0x0084	; 0x800084 <__TEXT_REGION_LENGTH__+0x7e0084>
	AIN	r25, CNT16_CNTH
    7e60:	90 91 85 00 	lds	r25, 0x0085	; 0x800085 <__TEXT_REGION_LENGTH__+0x7e0085>
	; we must divide by 4 and subtract 1 to get the final UBRR
	; ((two_bit_time + 2) / 4) - 1  is equal to
	; (two_bit_time - 2) / 4  
   #ifdef FULLSPEED_CTR
;	sbiw	r24, 16		; (four_bit_time - 16) / 32
	sbiw	r24, 22		; (four_bit_time - 22) / 32, faster selection than correct round up
    7e64:	46 97       	sbiw	r24, 0x16	; 22
	ldi	r28, 5		; divide by 32
    7e66:	c5 e0       	ldi	r28, 0x05	; 5

00007e68 <div4lop1>:
div4lop1:
	lsr	r25
    7e68:	96 95       	lsr	r25
	ror	r24
    7e6a:	87 95       	ror	r24
	dec	r28
    7e6c:	ca 95       	dec	r28
	brne	div4lop1
    7e6e:	e1 f7       	brne	.-8      	; 0x7e68 <div4lop1>
	lsr	r25
	ror	r24		; rotate through carry
   #endif	/* FULLSPEED_CTR */
  #endif	/* TWO_BIT_MEASURE */
	; now we can start the UART
	AOUT	UART_SRRL, r24		; set the UART divider
    7e70:	80 93 c4 00 	sts	0x00C4, r24	; 0x8000c4 <__TEXT_REGION_LENGTH__+0x7e00c4>
	AOUT	UART_SRRH, r25
    7e74:	90 93 c5 00 	sts	0x00C5, r25	; 0x8000c5 <__TEXT_REGION_LENGTH__+0x7e00c5>

#if SOFT_UART == 0
 #ifdef UART_ONE_WIRE
	ldi	r24, UART_ENABLE_RX
 #else
	ldi	r24, UART_ENABLE_RX|UART_ENABLE_TX
    7e78:	88 e1       	ldi	r24, 0x18	; 24
 #endif
	AOUT	UART_SRB, r24
    7e7a:	80 93 c1 00 	sts	0x00C1, r24	; 0x8000c1 <__TEXT_REGION_LENGTH__+0x7e00c1>
#endif

#if TEST_OUTPUT == 1
	rjmp	test_out	; output 'U'= S10101010P for speed measuring
#else
	rjmp	ver_put		;  rcall verifySpace; rjmp put_ok
    7e7e:	7e c0       	rjmp	.+252    	; 0x7f7c <ver_put>

00007e80 <get_nextp>:

;=-=-=-=-=-=-=-=-=-=-=-=-=-=-=-=-=-=-=-=-=-=-=-=-=-=-=-=-=-
  /* Forever loop */
;=-=-=-=-=-=-=-=-=-=-=-=-=-=-=-=-=-=-=-=-=-=-=-=-=-=-=-=-=-
get_nextp:
	rcall	getch
    7e80:	8f d0       	rcall	.+286    	; 0x7fa0 <getch>
;=-=-=-=-=-=-=-=-=-=-=-=-=-=-=-=-=-=-=-=-=-=-=-=-=-=-=-=-=-
	cpi	r24, STK_GET_PARAMETER		; 'A' 0x41
    7e82:	81 34       	cpi	r24, 0x41	; 65
	brne	fin_get_par
    7e84:	61 f4       	brne	.+24     	; 0x7e9e <ck_SET_DEV>
// handle get parameter instruction
	rcall	getch		; get parameter byte
    7e86:	8c d0       	rcall	.+280    	; 0x7fa0 <getch>
	mov	r21, r24	; move parameter to r21
    7e88:	58 2f       	mov	r21, r24
	rcall	verifySpace	; check Sync_CRC_EOP, putch(STK_INSYNC)
    7e8a:	7d d0       	rcall	.+250    	; 0x7f86 <verifySpace>

 	ldi	r24, OPTIBOOT_MINVER	; 	
    7e8c:	83 e0       	ldi	r24, 0x03	; 3
	cpi	r21, STK_SW_MINOR	; Parm_STK_SW_MINOR (0x82)
    7e8e:	52 38       	cpi	r21, 0x82	; 130
	breq	to_putch	; rcall putch, rjmp put_ok
    7e90:	21 f0       	breq	.+8      	; 0x7e9a <to_putch>
	ldi	r24, 0x03	; answer generic 0x03
    7e92:	83 e0       	ldi	r24, 0x03	; 3
	cpi	r21, STK_SW_MAJOR	; Parm_STK_SW_MAJOR (0x81)
    7e94:	51 38       	cpi	r21, 0x81	; 129
	brne	to_putch	; rcall putch, rjmp put_ok
    7e96:	09 f4       	brne	.+2      	; 0x7e9a <to_putch>
	ldi	r24, OPTIBOOT_MAJVER+OPTIBOOT_CUSTOMVER
    7e98:	84 e7       	ldi	r24, 0x74	; 116

00007e9a <to_putch>:
to_putch:
       	rcall	putch		; answer MINVER or MAJVER+CUSTOMVER or 0x03
    7e9a:	7a d0       	rcall	.+244    	; 0x7f90 <ptch1>
	rjmp	put_ok		; putch(STK_OK); rjmp get_nextp
    7e9c:	5c c0       	rjmp	.+184    	; 0x7f56 <put_ok>

00007e9e <ck_SET_DEV>:
	rjmp	put_ok		; putch(STK_OK); rjmp get_nextp
no_read_lock:
 #endif
#endif	/* SUPPORT_READ_FUSES */
ck_SET_DEV:
	ldi	r20, 20
    7e9e:	44 e1       	ldi	r20, 0x14	; 20
;=-=-=-=-=-=-=-=-=-=-=-=-=-=-=-=-=-=-=-=-=-=-=-=-=-=-=-=-=-
	cpi	r24, STK_SET_DEVICE		; 'B'
    7ea0:	82 34       	cpi	r24, 0x42	; 66
       	breq	to_getNch	; STK set device is ignored
    7ea2:	19 f0       	breq	.+6      	; 0x7eaa <to_getNch>
	ldi	r20, 5
    7ea4:	45 e0       	ldi	r20, 0x05	; 5
;=-=-=-=-=-=-=-=-=-=-=-=-=-=-=-=-=-=-=-=-=-=-=-=-=-=-=-=-=-
   	cpi	r24, STK_SET_DEVICE_EXT		; 'E'
    7ea6:	85 34       	cpi	r24, 0x45	; 69
	brne	ck_LA
    7ea8:	11 f4       	brne	.+4      	; 0x7eae <ck_LA>

00007eaa <to_getNch>:
; STK set device or STK set device ext is ignored
to_getNch:
	rcall	getNch		; ignore r20 count (20 or 5) parameters
    7eaa:	6a d0       	rcall	.+212    	; 0x7f80 <getNch>

00007eac <to_put_ok>:
to_put_ok:
	rjmp	put_ok		; putch(STK_OK); rjmp get_nextp
    7eac:	54 c0       	rjmp	.+168    	; 0x7f56 <put_ok>

00007eae <ck_LA>:
;=-=-=-=-=-=-=-=-=-=-=-=-=-=-=-=-=-=-=-=-=-=-=-=-=-=-=-=-=-
ck_LA:
	cpi	r24, STK_LOAD_ADDRESS		; 'U'
    7eae:	85 35       	cpi	r24, 0x55	; 85
   	brne	ck_UNI
    7eb0:	41 f4       	brne	.+16     	; 0x7ec2 <ck_UNI>
; **** STK load address
	rcall	getch		; lower address bits
    7eb2:	76 d0       	rcall	.+236    	; 0x7fa0 <getch>
	mov	r4, r24
    7eb4:	48 2e       	mov	r4, r24
	rcall	getch		; upper address bits
    7eb6:	74 d0       	rcall	.+232    	; 0x7fa0 <getch>
	mov	r5, r24		; r4:5 is load address
    7eb8:	58 2e       	mov	r5, r24
#if defined(EEprom_ByteAddress)
	movw	ZL, r4		; save original address in r30:r31
#endif
	add	r4, r4		; newAddress << 1
    7eba:	44 0c       	add	r4, r4
	adc	r5, r5		; make word address to byte address
    7ebc:	55 1c       	adc	r5, r5
#if !defined(EEprom_ByteAddress)
	movw	ZL, r4		; save original address in r30:r31
    7ebe:	f2 01       	movw	r30, r4
	adc	r1, r1
	AOUT	RAMPZ, r1
	eor	r1, r1		; restore default zero value for r1
 #endif
#endif
	rjmp	ver_put 	; rcall verifySpace; rjmp put_ok
    7ec0:	5d c0       	rjmp	.+186    	; 0x7f7c <ver_put>

00007ec2 <ck_UNI>:
;=-=-=-=-=-=-=-=-=-=-=-=-=-=-=-=-=-=-=-=-=-=-=-=-=-=-=-=-=-
ck_UNI:
       	cpi	r24, STK_UNIVERSAL 	; 'V'
    7ec2:	86 35       	cpi	r24, 0x56	; 86
       	brne	ck_PP
    7ec4:	21 f4       	brne	.+8      	; 0x7ece <ck_PP>
	rcall	verifySpace
	ldi	r24,0
	rcall	putch
	rjmp	rjmp put_ok
#else
	ldi	r20, 4		; getNch(4)
    7ec6:	44 e0       	ldi	r20, 0x04	; 4
	rcall	getNch
    7ec8:	5b d0       	rcall	.+182    	; 0x7f80 <getNch>
 	ldi	r24, 0
    7eca:	80 e0       	ldi	r24, 0x00	; 0
	rjmp	to_putch	; rcall putch, rjmp put_ok
    7ecc:	e6 cf       	rjmp	.-52     	; 0x7e9a <to_putch>

00007ece <ck_PP>:
#endif
;=-=-=-=-=-=-=-=-=-=-=-=-=-=-=-=-=-=-=-=-=-=-=-=-=-=-=-=-=-
ck_PP:
  	cpi	r24, STK_PROG_PAGE 	; 'd'
    7ece:	84 36       	cpi	r24, 0x64	; 100
	breq	is_PROG
    7ed0:	09 f0       	breq	.+2      	; 0x7ed4 <is_PROG>
	rjmp	ck_READP
    7ed2:	2e c0       	rjmp	.+92     	; 0x7f30 <ck_READP>

00007ed4 <is_PROG>:
#if FLASHEND > 0x1ffff
	rcall	check_mode_change
#endif
    // Check for Mode change. If other mode before, clear RAMPZ
    /* Write memory, length is big endian and is in bytes */
	rcall	get_length	; r16:r17  and r26:r27 is length, r6=r24= type-'E'
    7ed4:	74 d0       	rcall	.+232    	; 0x7fbe <get_length>

    // PROGRAM PAGE - we support flash and optional EEPROM programming
; - - - - - - - - - - - - - - - - - - - - - - - - - - - - -
//#if (SUPPORT_EEPROM > 0) && (NRWWSTART != 0)
#if (NRWWSTART != 0)
    	breq	no_pg_erase	; if (type)
    7ed6:	21 f0       	breq	.+8      	; 0x7ee0 <no_pg_erase>
#endif
#if NRWWSTART != 0
  ; if NRWWSTART is zero, no RWW section is present. Never erase the page
  ; at this early state.
	ldi	r24, hi8(NRWWSTART) ; 0x70
    7ed8:	80 e7       	ldi	r24, 0x70	; 112
	cp	r5, r24		; lo8(NRWWSTART) is allways zero
    7eda:	58 16       	cp	r5, r24
	brsh	no_pg_erase	; if (address < NRWWSTART)
    7edc:	08 f4       	brcc	.+2      	; 0x7ee0 <no_pg_erase>
 // If we are in RWW section, immediately start page erase
	rcall	boot_page_erase
    7ede:	7c d0       	rcall	.+248    	; 0x7fd8 <boot_page_erase>

00007ee0 <no_pg_erase>:
 // While that is going on, read in page contents
#endif

no_pg_erase:
; - - - - - - - - - - - - - - - - - - - - - - - - - - - - -
	movw	YL, r18		; buf16Ptr (r28:r29) = RAMSTART
    7ee0:	e9 01       	movw	r28, r18

00007ee2 <fill_buf>:
fill_buf:
	rcall	getch		; call next data from serial
    7ee2:	5e d0       	rcall	.+188    	; 0x7fa0 <getch>
	st	Y+, r24		; *bufPtr++ = getch()
    7ee4:	89 93       	st	Y+, r24
	sbiw	r26, 1		; length = length - 1
    7ee6:	11 97       	sbiw	r26, 0x01	; 1
	brne	fill_buf
    7ee8:	e1 f7       	brne	.-8      	; 0x7ee2 <fill_buf>
	movw	r26, r16	; set length back to start value
    7eea:	d8 01       	movw	r26, r16
	movw	YL, r18		; buf16Ptr (r28:r29) = RAMSTART
    7eec:	e9 01       	movw	r28, r18

	; SRAM of ATmega is filled with data
	rcall	verifySpace	; check Sync_CRC_EOP, putch(STK_INSYNC)
    7eee:	4b d0       	rcall	.+150    	; 0x7f86 <verifySpace>
#if SUPPORT_EEPROM > 0
	cpse	r6, r1		; r6 == 0, is EEprom write
    7ef0:	61 10       	cpse	r6, r1
	rjmp	write_flash	; if (!type)
    7ef2:	09 c0       	rjmp	.+18     	; 0x7f06 <write_flash>

00007ef4 <ee_wrlop>:

; is EEprom write
; the address is allŕeady set in Z
ee_wrlop:
     	wdr		; watchdogReset();
    7ef4:	a8 95       	wdr
	ld	r24, Y+			; *bufPtr++
    7ef6:	89 91       	ld	r24, Y+
 #if defined(VIRTUAL_BOOT_PARTITION)
	rcall	wr_eeprom
 #else
 /* eeprom write is done only here, therefore without a rcall to save flash */
	rcall	set_eeprom_adr	; Z+
    7ef8:	5c d0       	rcall	.+184    	; 0x7fb2 <set_eeprom_adr>
	AOUT	EEDR, r24	; data to EEprom controller
    7efa:	80 bd       	out	0x20, r24	; 32
	ASBI	EECR, EEMPE
    7efc:	fa 9a       	sbi	0x1f, 2	; 31
	ASBI	EECR, EEPE	; /* Start eeprom write by setting EEPE */
    7efe:	f9 9a       	sbi	0x1f, 1	; 31
 #endif 	/* VIRTUAL_BOOT_PARTITION */

	sbiw	r26, 1		; length = length - 1
    7f00:	11 97       	sbiw	r26, 0x01	; 1
	brne	ee_wrlop
    7f02:	c1 f7       	brne	.-16     	; 0x7ef4 <ee_wrlop>
	; eeprom write is finished
	rjmp	put_ok		; putch(STK_OK); rjmp get_nextp
    7f04:	28 c0       	rjmp	.+80     	; 0x7f56 <put_ok>

00007f06 <write_flash>:

; - - - - - - - - - - - - - - - - - - - - - - - - - - - - -
write_flash:
#if NRWWSTART != 0
  ; If NRWWSTART is zero, boot_page_erase must be called every time here!
	ldi	r24, hi8(NRWWSTART) ; 0x70
    7f06:	80 e7       	ldi	r24, 0x70	; 112
	cp	r5, r24			; hi8(NRWWSTART) lo8(NRWWSTART) is allways zero
    7f08:	58 16       	cp	r5, r24
	brlo	no_erase1
    7f0a:	08 f0       	brcs	.+2      	; 0x7f0e <no_erase1>
        // Todo: Take RAMPZ into account (not doing so just means that we will
        //  treat the top of both "pages" of flash as NRWW, for a slight speed
        //  decrease, so fixing this is not urgent.)
#endif

	rcall	boot_page_erase
    7f0c:	65 d0       	rcall	.+202    	; 0x7fd8 <boot_page_erase>

00007f0e <no_erase1>:
no_erase1:
        // If only a partial page is to be programmed, the erase might not be complete.
        // So check that here
	rcall	wait_flash_ready
    7f0e:	60 d0       	rcall	.+192    	; 0x7fd0 <wait_flash_ready>
no_patch1:
#endif		/* VIRTUAL_BOOT_PARTITION */

;     Fill the programming buffer
;     ---------------------------
	movw	ZL, r4		; addrPtr = address
    7f10:	f2 01       	movw	r30, r4

00007f12 <wr_lop1>:
#if FLASHEND > 0x1ffff
	AIN	r21, RAMPZ	; save old RAMPZ
#endif
;	buf16Ptr (r28:r29) = RAMSTART
wr_lop1:
    	ld	r0, Y+		; *buf16Ptr++
    7f12:	09 90       	ld	r0, Y+
	ld	r1, Y+
    7f14:	19 90       	ld	r1, Y+
	ldi	r20, (1<<SELFPRGEN)
    7f16:	41 e0       	ldi	r20, 0x01	; 1
	; r0:r1 is data, Z r30:r31 is address, probably RAMPZ is also set
	rcall	do_spm		; AOUT SPMCSR, r20 ; spm
    7f18:	61 d0       	rcall	.+194    	; 0x7fdc <do_spm>
	eor	r1, r1
    7f1a:	11 24       	eor	r1, r1
	adiw	ZL, 2		; increment address
    7f1c:	32 96       	adiw	r30, 0x02	; 2
#if FLASHEND > 0x1ffff
	adc	r21, r1		; increment the RAMPZ content
#endif
	sbiw	r26, 2		; length = length - 2
    7f1e:	12 97       	sbiw	r26, 0x02	; 2
	brne	wr_lop1
    7f20:	c1 f7       	brne	.-16     	; 0x7f12 <wr_lop1>

	movw	ZL, r4		; addrPtr = address
    7f22:	f2 01       	movw	r30, r4
#if defined(__AVR_ATtiny48__) || defined(__AVR_ATtiny88__)
	andi	ZL, 0xc0	; make shure a zero Z5:1 for ATtiny48/88, 64 Byte Flash
#endif
        // Write from programming buffer
        // -----------------------------
	ldi	r20, (1<<PGWRT)|(1<<SELFPRGEN)	; 0x05	
    7f24:	45 e0       	ldi	r20, 0x05	; 5
	rcall	do_spm		; AOUT SPMCSR, r20 ; spm
    7f26:	5a d0       	rcall	.+180    	; 0x7fdc <do_spm>
	rcall	wait_flash_ready
    7f28:	53 d0       	rcall	.+166    	; 0x7fd0 <wait_flash_ready>
#if defined(RWWSRE)
       // Reenable read access to flash
	ldi	r20, (1<<RWWSRE)|(1<<SELFPRGEN)	; 0x11	
    7f2a:	41 e1       	ldi	r20, 0x11	; 17
	rcall	do_spm		; AOUT SPMCSR, r20 ; spm
    7f2c:	57 d0       	rcall	.+174    	; 0x7fdc <do_spm>
	rcall	wr_eeprom
        ; Now we have saved the original save_vector address to the last two EEproms.
	; The save_vector has now the original address from the reset vector and
	; the reset vector now jmp to the bootloader.
#endif
	rjmp	put_ok		; putch(STK_OK); rjmp get_nextp
    7f2e:	13 c0       	rjmp	.+38     	; 0x7f56 <put_ok>

00007f30 <ck_READP>:
;=-=-=-=-=-=-=-=-=-=-=-=-=-=-=-=-=-=-=-=-=-=-=-=-=-=-=-=-=-
ck_READP:
      	cpi	r24, STK_READ_PAGE	; 't'
    7f30:	84 37       	cpi	r24, 0x74	; 116
	brne   	ck_READS
    7f32:	a1 f4       	brne	.+40     	; 0x7f5c <ck_READS>
#if FLASHEND > 0x1ffff
	rcall	check_mode_change
#endif
    /* Read memory block mode, length is big endian.  */
	rcall	get_length	; r16:r17  and r26:r27 is length, r6=r24= type-'E'
    7f34:	44 d0       	rcall	.+136    	; 0x7fbe <get_length>
     // READ PAGE - we only read flash and optional EEPROM
	rcall	verifySpace	; check Sync_CRC_EOP, putch(STK_INSYNC)
    7f36:	27 d0       	rcall	.+78     	; 0x7f86 <verifySpace>
;	TODO: putNch()

#if SUPPORT_EEPROM > 0
	tst	r6		; check if type was 'E'
    7f38:	66 20       	and	r6, r6
	brne	flash_read
    7f3a:	39 f4       	brne	.+14     	; 0x7f4a <flash_read>

00007f3c <ee_rd_lop2>:
;     must be EEprom read
; read EEprom, the Address is allready set in Z
ee_rd_lop2:
	sbiw	r26, 1		; length-1
    7f3c:	11 97       	sbiw	r26, 0x01	; 1
	brcs	next_adr_put_ok	;
    7f3e:	50 f0       	brcs	.+20     	; 0x7f54 <next_adr_put_ok>
 #ifdef VIRTUAL_BOOT_PARTITION
	rcall	rd_eeprom	; Z+
 #else
  /* EEprom read is only required here without the VIRTUAL_BOOT_PARTITION */
  /* Therefore is is used without a rcall directly                        */
	rcall 	set_eeprom_adr	; Z+
    7f40:	38 d0       	rcall	.+112    	; 0x7fb2 <set_eeprom_adr>
	ASBI	EECR, EERE
    7f42:	f8 9a       	sbi	0x1f, 0	; 31
	AIN	r24, EEDR		; read data from EEprom
    7f44:	80 b5       	in	r24, 0x20	; 32
 #endif
	rcall	putch
    7f46:	24 d0       	rcall	.+72     	; 0x7f90 <ptch1>
	rjmp	ee_rd_lop2
    7f48:	f9 cf       	rjmp	.-14     	; 0x7f3c <ee_rd_lop2>

00007f4a <flash_read>:
#endif

; - - - - - - - - - - - - - - - - - - - - - - - - - - - - -
;	read flash
flash_read:
	movw	ZL, r4		; Z = addrPtr = address
    7f4a:	f2 01       	movw	r30, r4

00007f4c <flash_rd_lop>:
          //      do putch(pgm_read_byte_near(address++));
          //      while (--length);
          // read a Flash and increment the address (may increment RAMPZ)
	elpm	r24, Z+
#else
	lpm	r24, Z+
    7f4c:	85 91       	lpm	r24, Z+
	mov	r21, r25	; save second byte
	rcall	putch
	mov	r24, r21
#endif		/* VIRTUAL_BOOT_PARTITION */

	rcall	putch
    7f4e:	20 d0       	rcall	.+64     	; 0x7f90 <ptch1>
	sbiw	r26, LenDecrement	; length - 1 or 2 bytes for VIRTUAL_BOOT_PARTITION
    7f50:	11 97       	sbiw	r26, 0x01	; 1
	brne	flash_rd_lop
    7f52:	e1 f7       	brne	.-8      	; 0x7f4c <flash_rd_lop>

00007f54 <next_adr_put_ok>:
next_adr_put_ok:
	movw	r4, ZL		; new address  ???
    7f54:	2f 01       	movw	r4, r30

00007f56 <put_ok>:
put_ok:
     	ldi	r24, STK_OK	; 0x10
    7f56:	80 e1       	ldi	r24, 0x10	; 16
       	rcall	putch
    7f58:	1b d0       	rcall	.+54     	; 0x7f90 <ptch1>

00007f5a <to_get_nextp>:
to_get_nextp:
       	rjmp	get_nextp
    7f5a:	92 cf       	rjmp	.-220    	; 0x7e80 <get_nextp>

00007f5c <ck_READS>:

;=-=-=-=-=-=-=-=-=-=-=-=-=-=-=-=-=-=-=-=-=-=-=-=-=-=-=-=-=-
ck_READS:
     	cpi	r24, STK_READ_SIGN	; 'u'
    7f5c:	85 37       	cpi	r24, 0x75	; 117
	brne	ck_EOP
    7f5e:	41 f4       	brne	.+16     	; 0x7f70 <ck_EOP>
	brne	ck_LEAVE
    7f60:	49 f4       	brne	.+18     	; 0x7f74 <ck_LEAVE>
;	READ SIGN - return what Avrdude wants to hear
	rcall	verifySpace	; check Sync_CRC_EOP, putch(STK_INSYNC)
    7f62:	11 d0       	rcall	.+34     	; 0x7f86 <verifySpace>
	ldi	r24, SIGNATURE_0
    7f64:	8e e1       	ldi	r24, 0x1E	; 30
	rcall	putch
    7f66:	14 d0       	rcall	.+40     	; 0x7f90 <ptch1>
	ldi	r24, SIGNATURE_1
    7f68:	85 e9       	ldi	r24, 0x95	; 149
	rcall	putch
    7f6a:	12 d0       	rcall	.+36     	; 0x7f90 <ptch1>
	ldi	r24, SIGNATURE_2
    7f6c:	8f e0       	ldi	r24, 0x0F	; 15
	rjmp	to_putch	; rcall putch, rjmp put_ok
    7f6e:	95 cf       	rjmp	.-214    	; 0x7e9a <to_putch>

00007f70 <ck_EOP>:
;=-=-=-=-=-=-=-=-=-=-=-=-=-=-=-=-=-=-=-=-=-=-=-=-=-=-=-=-=-
ck_EOP:
			; avrdude send a STK_GET_SYNC followed by CRC_EOP
			; if the STK_GET_SYNC is loose out, the CRC_EOP is detected as last character
	cpi	r24, CRC_EOP			; ' ' 0x20
    7f70:	80 32       	cpi	r24, 0x20	; 32
	breq	to_get_nextp			; wait for next STK_GET_SYNC
    7f72:	99 f3       	breq	.-26     	; 0x7f5a <to_get_nextp>

00007f74 <ck_LEAVE>:
;=-=-=-=-=-=-=-=-=-=-=-=-=-=-=-=-=-=-=-=-=-=-=-=-=-=-=-=-=-
ck_LEAVE:
      	cpi	r24, STK_LEAVE_PROGMODE	; 'Q'
    7f74:	81 35       	cpi	r24, 0x51	; 81
	brne	ver_put
    7f76:	11 f4       	brne	.+4      	; 0x7f7c <ver_put>
;  Adaboot no wait mod
	ldi	r20, WATCHDOG_16MS	; 0x08
    7f78:	48 e0       	ldi	r20, 0x08	; 8
	rcall	watchdogConfig
    7f7a:	36 d0       	rcall	.+108    	; 0x7fe8 <watchdogConfig>

00007f7c <ver_put>:
ver_put:
     	rcall	verifySpace	; check Sync_CRC_EOP, putch(STK_INSYNC)
    7f7c:	04 d0       	rcall	.+8      	; 0x7f86 <verifySpace>
	rjmp	put_ok		; putch(STK_OK); rjmp get_nextp
    7f7e:	eb cf       	rjmp	.-42     	; 0x7f56 <put_ok>

00007f80 <getNch>:
;**********************************************************
; read r20 count character from serial input and look if space follow
getNch:		; call  getNch, r20 = count
	; repeat count times "call getch"
repeat_g:
     	rcall	getch		; do getch(); while (--count);
    7f80:	0f d0       	rcall	.+30     	; 0x7fa0 <getch>
       	subi	r20, 1		; count - 1
    7f82:	41 50       	subi	r20, 0x01	; 1
     	brne	repeat_g
    7f84:	e9 f7       	brne	.-6      	; 0x7f80 <getNch>

00007f86 <verifySpace>:

;**********************************************************
; look if a space character can be read from serial input and answer
verifySpace:		/* void verifySpace(void) { */
; use of r24,
     	rcall	getch		; if (getch() != CRC_EOP)
    7f86:	0c d0       	rcall	.+24     	; 0x7fa0 <getch>
       	cpi	r24, CRC_EOP	; 0x20
    7f88:	80 32       	cpi	r24, 0x20	; 32
       	breq	no_to
    7f8a:	09 f0       	breq	.+2      	; 0x7f8e <no_to>
     	rcall	wait_timeout		;wait_timeout();
    7f8c:	2a d0       	rcall	.+84     	; 0x7fe2 <wait_timeout>

00007f8e <no_to>:
no_to:
       	ldi	r24, STK_INSYNC
    7f8e:	84 e1       	ldi	r24, 0x14	; 20

00007f90 <ptch1>:
	AOUT	UART_SRB, r25		; enable UART input
 #else
	/* For normal serial transfer we wait until the buffer UDR is free. */
	/* After loading the buffer we return immediately to caller */
ptch1:
	AIN	r25, UART_STATUS	; while (!(UART_SRA & _BV(UDRE0)));
    7f90:	90 91 c0 00 	lds	r25, 0x00C0	; 0x8000c0 <__TEXT_REGION_LENGTH__+0x7e00c0>
      	sbrs	r25, UDRE0
    7f94:	95 ff       	sbrs	r25, 5
      	rjmp	ptch1		; wait, UART out not ready
    7f96:	fc cf       	rjmp	.-8      	; 0x7f90 <ptch1>
 #endif
	AOUT	UART_UDR, r24	; UART_UDR = ch;
    7f98:	80 93 c6 00 	sts	0x00C6, r24	; 0x8000c6 <__TEXT_REGION_LENGTH__+0x7e00c6>
 #if ((LED_DATA_FLASH & 0x02) > 0) && defined(LED_PORT) && defined(LEDbit)
	ACBI	LED_PORT, LEDbit
 #endif
	wdr		; watchdogReset(); /* prevent watch dog timeout during slow serial output */
    7f9c:	a8 95       	wdr
      	ret
    7f9e:	08 95       	ret

00007fa0 <getch>:
getch: 
 #if ((LED_DATA_FLASH & 0x01) > 0) && defined(LED_PORT) && defined(LEDbit)
	ASBI	LED_PORT, LEDbit
 #endif
gtch1:
	AIN	r24, UART_STATUS	; if (UART_SRA & _BV(RXC0)) {
    7fa0:	80 91 c0 00 	lds	r24, 0x00C0	; 0x8000c0 <__TEXT_REGION_LENGTH__+0x7e00c0>
     	sbrs	r24, RXC0
    7fa4:	87 ff       	sbrs	r24, 7
       	rjmp	gtch1			; no data received, wait
    7fa6:	fc cf       	rjmp	.-8      	; 0x7fa0 <getch>
#if UART_STATUS != UART_ERRSTAT
	AIN	r24, UART_ERRSTAT
#endif
      	sbrs	r24, FE0		; if (!(UART_SRA & _BV(FE0))) {
    7fa8:	84 ff       	sbrs	r24, 4
     	wdr		; watchdogReset();
    7faa:	a8 95       	wdr
         * watchdog.  This should cause the bootloader to abort and run
         * the application "soon", if it keeps happening.  (Note that we
         * don't care that an invalid char is returned...)
         */

 	AIN	r24, UART_UDR	; ch = UART_UDR; return ch;
    7fac:	80 91 c6 00 	lds	r24, 0x00C6	; 0x8000c6 <__TEXT_REGION_LENGTH__+0x7e00c6>
 #if ((LED_DATA_FLASH & 0x01) > 0) && defined(LED_PORT) && defined(LEDbit)
	ACBI	LED_PORT, LEDbit
 #endif
       	ret
    7fb0:	08 95       	ret

00007fb2 <set_eeprom_adr>:
;**********************************************************
#if defined(VIRTUAL_BOOT_PARTITION) || defined(SUPPORT_EEPROM)
/* Z hold the eeprom address, which is loaded to EEAR and afterwards increased by 1 */
/* ASBIC can destroy content of register r0 */
set_eeprom_adr:
  	ASBIC	EECR, EEPE	; while (!eeprom_is_ready())
    7fb2:	f9 99       	sbic	0x1f, 1	; 31
   	rjmp	set_eeprom_adr	; wait
    7fb4:	fe cf       	rjmp	.-4      	; 0x7fb2 <set_eeprom_adr>
;	rcall	wait_flash_ready

 #ifdef EEARH
	AOUT	EEARH, ZH	; EEAR = addrPtr++
    7fb6:	f2 bd       	out	0x22, r31	; 34
 #endif
	AOUT	EEARL, ZL
    7fb8:	e1 bd       	out	0x21, r30	; 33
	adiw	ZL, 1
    7fba:	31 96       	adiw	r30, 0x01	; 1
	ret			; set_eeprom_adr
    7fbc:	08 95       	ret

00007fbe <get_length>:
;	result is r26:r27 = r16:r17  last:first byte
;	use r22, r25 (soft)
;	additional result is r6 = r24 = type  - 'E' 
;	zero-Flag is set, if type is 'E' (with SUPPORT_EEPROM)
get_length:
	rcall	getch
    7fbe:	f0 df       	rcall	.-32     	; 0x7fa0 <getch>
	mov	r17, r24	; r17 = upper bits of length
    7fc0:	18 2f       	mov	r17, r24
	rcall	getch
    7fc2:	ee df       	rcall	.-36     	; 0x7fa0 <getch>
	mov	r16, r24	; r16 = lower bits of length
    7fc4:	08 2f       	mov	r16, r24
	movw	r26, r16	; can be changed by sbiw or adiw
    7fc6:	d8 01       	movw	r26, r16
	rcall	getch		; read in type
    7fc8:	eb df       	rcall	.-42     	; 0x7fa0 <getch>
//#if SUPPORT_EEPROM > 0
	subi	r24, 'E'	; type = getch() - 'E'
    7fca:	85 54       	subi	r24, 0x45	; 69
	mov	r6, r24
    7fcc:	68 2e       	mov	r6, r24
//#endif
	ret
    7fce:	08 95       	ret

00007fd0 <wait_flash_ready>:

;**********************************************************
;	call wait_flash_ready wait for a idle Flash controller
;	use r0
wait_flash_ready:
       	AIN	r0, SPMCSR 
    7fd0:	07 b6       	in	r0, 0x37	; 55
	sbrc	r0, SELFPRGEN
    7fd2:	00 fc       	sbrc	r0, 0
	rjmp	wait_flash_ready
    7fd4:	fd cf       	rjmp	.-6      	; 0x7fd0 <wait_flash_ready>
	ret
    7fd6:	08 95       	ret

00007fd8 <boot_page_erase>:
;	r20 is used to setup the spm instruction
;	probably RAMPZ must be set before to extend the r4:r5 address
;	return is immediately, the flash controller is probably still busy
boot_page_erase:
;	rcall	wait_flash_ready
    	movw	ZL, r4		; __boot_page_erase_short((uint16_t)(void*)address)
    7fd8:	f2 01       	movw	r30, r4
   #warning "4 page erase for t841/441"
  #endif
	and	r20, r4
	brne	no_erase4	; not a fourth page
 #endif
	ldi	r20, (1<<PGERS)|(1<<SELFPRGEN)	; 0x03
    7fda:	43 e0       	ldi	r20, 0x03	; 3

00007fdc <do_spm>:
do_spm:
	AOUT	SPMCSR, r20	; (1<<PGERS)|(SELFPRGEN)
    7fdc:	47 bf       	out	0x37, r20	; 55
	spm
    7fde:	e8 95       	spm

00007fe0 <no_erase4>:
;	special handling of spm for ATmega163 and ATmega323
	.word	0xffff
	nop
#endif
no_erase4:
	ret
    7fe0:	08 95       	ret

00007fe2 <wait_timeout>:
#endif

;**********************************************************
;	rcall wait_timeout  set the watch dog timer to 16ms and wait for reset
wait_timeout:
     	ldi	r20, WATCHDOG_16MS
    7fe2:	48 e0       	ldi	r20, 0x08	; 8
	rcall	watchdogConfig	;  watchdogConfig(WATCHDOG_16MS) 
    7fe4:	01 d0       	rcall	.+2      	; 0x7fe8 <watchdogConfig>

00007fe6 <lop77>:
lop77:
    	rjmp	lop77		; endless loop, watch Dog will reset!
    7fe6:	ff cf       	rjmp	.-2      	; 0x7fe6 <lop77>

00007fe8 <watchdogConfig>:
watchdogConfig: 
#ifndef WDTCSR
 #define WDTCSR  WDTCR
#endif
#if defined(WDCE)
    	ldi	r21, (1<<WDCE) | (1<<WDE)	; 0x18
    7fe8:	58 e1       	ldi	r21, 0x18	; 24
	AOUT	WDTCSR, r21	; (1<<WDCE) | (1<<WDE) ; watchdogConfig(x);
    7fea:	50 93 60 00 	sts	0x0060, r21	; 0x800060 <__TEXT_REGION_LENGTH__+0x7e0060>
 #else
    	ldi	r21, (1<<WDE)	; 0x08
	AOUT	WDTCSR, r21	; (1<<WDE) ; watchdogConfig(x);
 #endif
#endif
       	AOUT	WDTCSR, r20		; WDTCSR = x;
    7fee:	40 93 60 00 	sts	0x0060, r20	; 0x800060 <__TEXT_REGION_LENGTH__+0x7e0060>
       	ret
    7ff2:	08 95       	ret
; 
; FORCE_WATCHDOG=
; LED_START_FLASHES=0
; LED_DATA_FLASH=
; LED=
; UART=
; SOURCE_TYPE=S
; SUPPORT_EEPROM=1
; MCU_TARGET = atmega328p
; AVR_FREQ= 16000000
; BAUD_RATE=56
