
optiboot.elf:     Dateiformat elf32-avr

Sektionen:
Idx Name          Größe     VMA       LMA       Datei-Off Ausr.
  0 .data         00000000  00800100  00007fd6  0000024a  2**0
                  CONTENTS, ALLOC, LOAD, DATA
  1 .text         000001d6  00007e00  00007e00  00000074  2**1
                  CONTENTS, ALLOC, LOAD, READONLY, CODE
  2 .version      00000002  00007ffe  00007ffe  0000024a  2**0
                  CONTENTS, READONLY
  3 .stab         00000ab0  00000000  00000000  0000024c  2**2
                  CONTENTS, READONLY, DEBUGGING
  4 .stabstr      00000032  00000000  00000000  00000cfc  2**0
                  CONTENTS, READONLY, DEBUGGING

Disassembly of section .text:

00007e00 <__ctors_end>:
	.global optiboot

optiboot:
;	AIN	r28, SPL
;	AIN	r29, SPH
	cli
    7e00:	f8 94       	cli
	eor	r1, r1
    7e02:	11 24       	eor	r1, r1
 #define MCUSR MCUCSR		/* ATmega16 */
#endif

//#define RESET_CAUSE GPIOR1

	AIN	r24, MCUSR
    7e04:	84 b7       	in	r24, 0x34	; 52
	AOUT	MCUSR, r1	; MCUSR = 0
    7e06:	14 be       	out	0x34, r1	; 52
	AOUT	RESET_CAUSE, r24	; save reason of restart (MCUSR) in IO register
    7e08:	8e bb       	out	0x1e, r24	; 30
 #define WATCHDOG_TIME WATCHDOG_4S
#else		/* no FORCE_WATCHDOG */
  // save the reset flags in the designated register
  //  This can be saved in a main program by putting code in .init0 (which
  //  executes before normal c init code) to save R2 to a global variable.
	andi	r24, (1<<WDRF)|(1<<PORF)|(1<<BORF)  ;0x0D	
    7e0a:	8d 70       	andi	r24, 0x0D	; 13
	breq	try_loader		; none of the WatchDog, PowerOn or BrownOut reason
    7e0c:	31 f0       	breq	.+12     	; 0x7e1a <try_loader>

00007e0e <appStart>:
 #define WATCHDOG_TIME WATCHDOG_OFF
#endif		/* FORCE_WATCHDOG */
;***************************************************************
appStart:

	ldi	r20, WATCHDOG_TIME	; _OFF or _4S depending on FORCE_WATCHDOG
    7e0e:	40 e0       	ldi	r20, 0x00	; 0
	rcall	watchdogConfig		; WATCHDOG_OFF (or _4S if FORCE_WATCHDOG)
    7e10:	ce d0       	rcall	.+412    	; 0x7fae <watchdogConfig>
	ldi	ZL,lo8(1000)
	AOUT	GPIOR1, ZH
	AOUT	ICR1L, ZH
;##############################################################
#endif
	AIN	r2, RESET_CAUSE			; R2  is compatible  to older optiboot version
    7e12:	2e b2       	in	r2, 0x1e	; 30

#ifdef	VIRTUAL_BOOT_PARTITION
	ldi	ZL, save_vect_addr/2		; // Jump to WDT vector (jmp or rjmp table)
	eor	ZH, ZH
#else
       	eor	ZL, ZL	; // Jump to RST vector	 0x0000
    7e14:	ee 27       	eor	r30, r30
      	eor	ZH, ZH
    7e16:	ff 27       	eor	r31, r31
#endif
       	ijmp
    7e18:	09 94       	ijmp

00007e1a <try_loader>:
  #if BAUD_DIV > 250
   #error Unachievable baud rate (too slow) BAUD_RATE
  #endif // baud rate slow check
 	ldi	r24, (0<<U2X0)
 #else
	ldi	r24, (1<<U2X0)
    7e1a:	82 e0       	ldi	r24, 0x02	; 2
 #endif
	sts	UART_SRA, r24
    7e1c:	80 93 c0 00 	sts	0x00C0, r24
	ldi	r24, (1<<RXEN0)|(1<<TXEN0)	;0x18	
    7e20:	88 e1       	ldi	r24, 0x18	; 24
	sts	UART_SRB, r24
    7e22:	80 93 c1 00 	sts	0x00C1, r24
 #if defined(__AVR_ATmega8__) || defined(__AVR_ATmega16__) || defined (__AVR_ATmega32__)
	ldi	r25, (1<<URSEL)|(1<<UCSZ1)|(1<<UCSZ0)	;config UART
	sts	UCSRC, r25
 #else
	ldi	r25, (1<<UCSZ00)|(1<<UCSZ01)	;0x06
    7e26:	96 e0       	ldi	r25, 0x06	; 6
	sts	UART_SRC, r25
    7e28:	90 93 c2 00 	sts	0x00C2, r25
 #endif
	ldi	r25, BAUD_DIV	; 0x10
    7e2c:	90 e1       	ldi	r25, 0x10	; 16
	sts	UART_SRL, r25
    7e2e:	90 93 c4 00 	sts	0x00C4, r25
#endif		/* no SOFT_UART */

	ldi	r20, WATCHDOG_1S	;0x0E
    7e32:	4e e0       	ldi	r20, 0x0E	; 14
	rcall	watchdogConfig
    7e34:	bc d0       	rcall	.+376    	; 0x7fae <watchdogConfig>

#if (LED_START_FLASHES > 0) || (LED_DATA_FLASH > 0)
	ASBI	LED_DDR, LEDbit			; set LED Port bit to output
    7e36:	25 9a       	sbi	0x04, 5	; 4
#ifdef SOFT_UART
	; initialize the TX output
	ASBI	UART_TX_PORT, UART_TX_BIT	; set TX bit to high
	ASBI	UART_TX_DDR, UART_TX_BIT	; set TX bit as output
#endif
	ldi	r18, lo8(RAMSTART)	; r18:r19 = RAMSTART
    7e38:	20 e0       	ldi	r18, 0x00	; 0
	ldi	r19, hi8(RAMSTART)	; 
    7e3a:	31 e0       	ldi	r19, 0x01	; 1

#if LED_START_FLASHES > 0
 ; Flash the LED is requested
 #if LED_START_FLASHES > 1
  ; Flash the LED is requested more than once, loop is required
	ldi	r25, LED_START_FLASHES
    7e3c:	93 e0       	ldi	r25, 0x03	; 3

00007e3e <fl_lop>:
fl_lop:
 #endif
	ASBI	LED_PORT, LEDbit	; set LED-Pin high
    7e3e:	2d 9a       	sbi	0x05, 5	; 5
	rcall	wait_T1ov
    7e40:	bc d0       	rcall	.+376    	; 0x7fba <wait_T1ov>
	ACBI	LED_PORT, LEDbit	; set LED-Pin low
    7e42:	2d 98       	cbi	0x05, 5	; 5
 #if LED_START_FLASHES > 1
	rcall	wait_T1ov
    7e44:	ba d0       	rcall	.+372    	; 0x7fba <wait_T1ov>
	subi	r25, 1
    7e46:	91 50       	subi	r25, 0x01	; 1
	brne	fl_lop		; while (--count)
    7e48:	d1 f7       	brne	.-12     	; 0x7e3e <fl_lop>

00007e4a <get_nextp>:

;=-=-=-=-=-=-=-=-=-=-=-=-=-=-=-=-=-=-=-=-=-=-=-=-=-=-=-=-=-
  /* Forever loop */
;=-=-=-=-=-=-=-=-=-=-=-=-=-=-=-=-=-=-=-=-=-=-=-=-=-=-=-=-=-
get_nextp:
	rcall	getch
    7e4a:	90 d0       	rcall	.+288    	; 0x7f6c <getch>
;=-=-=-=-=-=-=-=-=-=-=-=-=-=-=-=-=-=-=-=-=-=-=-=-=-=-=-=-=-
	cpi	r24, STK_GET_PARAMETER		; 'A'
    7e4c:	81 34       	cpi	r24, 0x41	; 65
	brne	fin_get_par
    7e4e:	61 f4       	brne	.+24     	; 0x7e68 <ck_SET_DEV>
// handle get parameter instruction
	rcall	getch		; get parameter byte
    7e50:	8d d0       	rcall	.+282    	; 0x7f6c <getch>
	mov	r21, r24	; move parameter to r21
    7e52:	58 2f       	mov	r21, r24
	rcall	verifySpace	; check Sync_CRC_EOP, putch(STK_INSYNC)
    7e54:	7f d0       	rcall	.+254    	; 0x7f54 <verifySpace>

 	ldi	r24, OPTIBOOT_MINVER	; 	
    7e56:	82 e0       	ldi	r24, 0x02	; 2
	cpi	r21, 0x82	; 130
    7e58:	52 38       	cpi	r21, 0x82	; 130
	breq	to_putch	; rcall putch, rjmp put_ok
    7e5a:	21 f0       	breq	.+8      	; 0x7e64 <to_putch>
	ldi	r24, 0x03	; answer generic 0x03
    7e5c:	83 e0       	ldi	r24, 0x03	; 3
	cpi	r21, 0x81	; 129
    7e5e:	51 38       	cpi	r21, 0x81	; 129
	brne	to_putch	; rcall putch, rjmp put_ok
    7e60:	09 f4       	brne	.+2      	; 0x7e64 <to_putch>
	ldi	r24, OPTIBOOT_MAJVER+OPTIBOOT_CUSTOMVER
    7e62:	84 e7       	ldi	r24, 0x74	; 116

00007e64 <to_putch>:
to_putch:
       	rcall	putch		; answer MINVER or MAJVER+CUSTOMVER or 0x03
    7e64:	7c d0       	rcall	.+248    	; 0x7f5e <putch>
	rjmp	put_ok		; putch(STK_OK); rjmp get_nextp
    7e66:	61 c0       	rjmp	.+194    	; 0x7f2a <put_ok>

00007e68 <ck_SET_DEV>:
	rjmp	put_ok		; putch(STK_OK); rjmp get_nextp
no_read_lock:
 #endif
#endif	/* SUPPORT_READ_FUSES */
ck_SET_DEV:
	ldi	r20, 20
    7e68:	44 e1       	ldi	r20, 0x14	; 20
	cpi	r24, STK_SET_DEVICE		; 'B'
    7e6a:	82 34       	cpi	r24, 0x42	; 66
       	breq	to_getNch	; STK set device is ignored
    7e6c:	19 f0       	breq	.+6      	; 0x7e74 <to_getNch>
;=-=-=-=-=-=-=-=-=-=-=-=-=-=-=-=-=-=-=-=-=-=-=-=-=-=-=-=-=-
	ldi	r20, 5
    7e6e:	45 e0       	ldi	r20, 0x05	; 5
   	cpi	r24, STK_SET_DEVICE_EXT		; 'E'
    7e70:	85 34       	cpi	r24, 0x45	; 69
	brne	ck_LA
    7e72:	11 f4       	brne	.+4      	; 0x7e78 <ck_LA>

00007e74 <to_getNch>:
; STK set device or STK set device ext is ignored
to_getNch:
	rcall	getNch		; ignore r20 count (20 or 5) parameters
    7e74:	6c d0       	rcall	.+216    	; 0x7f4e <getNch>

00007e76 <to_put_ok>:
to_put_ok:
	rjmp	put_ok		; putch(STK_OK); rjmp get_nextp
    7e76:	59 c0       	rjmp	.+178    	; 0x7f2a <put_ok>

00007e78 <ck_LA>:
;=-=-=-=-=-=-=-=-=-=-=-=-=-=-=-=-=-=-=-=-=-=-=-=-=-=-=-=-=-
ck_LA:
	cpi	r24, STK_LOAD_ADDRESS		; 'U'
    7e78:	85 35       	cpi	r24, 0x55	; 85
   	brne	ck_UNI
    7e7a:	41 f4       	brne	.+16     	; 0x7e8c <ck_UNI>
; **** STK load address
	rcall	getch		; lower address bits
    7e7c:	77 d0       	rcall	.+238    	; 0x7f6c <getch>
	mov	r4, r24
    7e7e:	48 2e       	mov	r4, r24
	rcall	getch		; upper address bits
    7e80:	75 d0       	rcall	.+234    	; 0x7f6c <getch>
	mov	r5, r24		; r4:5 is load address
    7e82:	58 2e       	mov	r5, r24
	add	r4, r4		; newAddress << 1
    7e84:	44 0c       	add	r4, r4
	adc	r5, r5		; make word address to byte address
    7e86:	55 1c       	adc	r5, r5
	movw	ZL, r4		; save original address in r30:r31
    7e88:	f2 01       	movw	r30, r4
#ifdef RAMPZ
	adc	r1, r1
	AOUT	RAMPZ, r1
	eor	r1, r1		; restore default zero value for r1
#endif
	rjmp	ver_put 	; rcall verifySpace; rjmp put_ok
    7e8a:	5f c0       	rjmp	.+190    	; 0x7f4a <ver_put>

00007e8c <ck_UNI>:
;=-=-=-=-=-=-=-=-=-=-=-=-=-=-=-=-=-=-=-=-=-=-=-=-=-=-=-=-=-
ck_UNI:
       	cpi	r24, STK_UNIVERSAL 	; 'V'
    7e8c:	86 35       	cpi	r24, 0x56	; 86
       	brne	ck_PP
    7e8e:	21 f4       	brne	.+8      	; 0x7e98 <ck_PP>
	ldi	r20, 4		; getNch(4)
    7e90:	44 e0       	ldi	r20, 0x04	; 4
	rcall	getNch
    7e92:	5d d0       	rcall	.+186    	; 0x7f4e <getNch>
 	ldi	r24, 0
    7e94:	80 e0       	ldi	r24, 0x00	; 0
	rjmp	to_putch	; rcall putch, rjmp put_ok
    7e96:	e6 cf       	rjmp	.-52     	; 0x7e64 <to_putch>

00007e98 <ck_PP>:
;=-=-=-=-=-=-=-=-=-=-=-=-=-=-=-=-=-=-=-=-=-=-=-=-=-=-=-=-=-
ck_PP:
  	cpi	r24, STK_PROG_PAGE 	; 'd'
    7e98:	84 36       	cpi	r24, 0x64	; 100
	breq	is_PROG
    7e9a:	09 f0       	breq	.+2      	; 0x7e9e <is_PROG>
	rjmp	ck_READP
    7e9c:	31 c0       	rjmp	.+98     	; 0x7f00 <ck_READP>

00007e9e <is_PROG>:
is_PROG:
    /* Write memory, length is big endian and is in bytes */
	rcall	get_length	; r16:r17  and r26:r27 is length
    7e9e:	75 d0       	rcall	.+234    	; 0x7f8a <get_length>

	rcall	getch	
    7ea0:	65 d0       	rcall	.+202    	; 0x7f6c <getch>

00007ea2 <ee_check>:
    // PROGRAM PAGE - we support flash and optional EEPROM programming
; - - - - - - - - - - - - - - - - - - - - - - - - - - - - -
ee_check:
#if SUPPORT_EEPROM > 0
	subi	r24, 'E'	; type = getch() - 'E'
    7ea2:	85 54       	subi	r24, 0x45	; 69
	mov	r6, r24
    7ea4:	68 2e       	mov	r6, r24

    	breq	no_pg_erase	; if (type)
    7ea6:	21 f0       	breq	.+8      	; 0x7eb0 <no_pg_erase>
#endif
#if NRWWSTART != 0
  ; if NRWWSTART is zero, no RWW section is present. Never erase the page
  ; at this early state.
;**	cp	r4, r1		; lo8(NRWWSTART) allways 0
	ldi	r24, hi8(NRWWSTART) ; 0x70
    7ea8:	80 e7       	ldi	r24, 0x70	; 112
;**	cpc	r5, r24
;**	brcc	no_pg_erase	; if (address < NRWWSTART)
	cp	r5, r24		; lo8() is allways zero
    7eaa:	58 16       	cp	r5, r24
	brsh	no_pg_erase	; if (address < NRWWSTART)
    7eac:	08 f4       	brcc	.+2      	; 0x7eb0 <no_pg_erase>
 // If we are in RWW section, immediately start page erase
	rcall	boot_page_erase
    7eae:	77 d0       	rcall	.+238    	; 0x7f9e <boot_page_erase>

00007eb0 <no_pg_erase>:
 // While that is going on, read in page contents
#endif
no_pg_erase:
; - - - - - - - - - - - - - - - - - - - - - - - - - - - - -
	movw	YL, r18		; buf16Ptr (r28:r29) = RAMSTART
    7eb0:	e9 01       	movw	r28, r18

00007eb2 <fill_buf>:
fill_buf:
	rcall	getch		; call next data from serial
    7eb2:	5c d0       	rcall	.+184    	; 0x7f6c <getch>
	st	Y+, r24		; *bufPtr++ = getch()
    7eb4:	89 93       	st	Y+, r24
	sbiw	r26, 1		; length = length - 1
    7eb6:	11 97       	sbiw	r26, 0x01	; 1
	brne	fill_buf
    7eb8:	e1 f7       	brne	.-8      	; 0x7eb2 <fill_buf>
	movw	r26, r16	; set length back to start value
    7eba:	d8 01       	movw	r26, r16
	movw	YL, r18		; buf16Ptr (r28:r29) = RAMSTART
    7ebc:	e9 01       	movw	r28, r18

	; SRAM of ATmega is filled with data
	rcall	verifySpace	; check Sync_CRC_EOP, putch(STK_INSYNC)
    7ebe:	4a d0       	rcall	.+148    	; 0x7f54 <verifySpace>
#if SUPPORT_EEPROM > 0
	cpse	r6, r1		; r6 == 0, is EEprom write
    7ec0:	61 10       	cpse	r6, r1
	rjmp	write_flash	; if (!type)
    7ec2:	09 c0       	rjmp	.+18     	; 0x7ed6 <write_flash>

00007ec4 <ee_wrlop>:
; is EEprom write
ee_wrlop:
     	wdr		; watchdogReset();
    7ec4:	a8 95       	wdr
	ld	r24, Y+			; *bufPtr++
    7ec6:	89 91       	ld	r24, Y+
 #if defined(VIRTUAL_BOOT_PARTITION)
	rcall	wr_eeprom
 #else
 /* eeprom write is done only here, therefore without a rcall to save flash */
	rcall	set_eeprom_adr	; Z+
    7ec8:	5a d0       	rcall	.+180    	; 0x7f7e <set_eeprom_adr>
	AOUT	EEDR, r24	; data to EEprom controller
    7eca:	80 bd       	out	0x20, r24	; 32
	ASBI	EECR, EEMPE
    7ecc:	fa 9a       	sbi	0x1f, 2	; 31
	ASBI	EECR, EEPE	; /* Start eeprom write by setting EEPE */
    7ece:	f9 9a       	sbi	0x1f, 1	; 31
 #endif 	/* VIRTUAL_BOOT_PARTITION */

	sbiw	r26, 1		; length = length - 1
    7ed0:	11 97       	sbiw	r26, 0x01	; 1
	brne	ee_wrlop
    7ed2:	c1 f7       	brne	.-16     	; 0x7ec4 <ee_wrlop>
	; eeprom write is finished
	rjmp	put_ok		; putch(STK_OK); rjmp get_nextp
    7ed4:	2a c0       	rjmp	.+84     	; 0x7f2a <put_ok>

00007ed6 <write_flash>:
; - - - - - - - - - - - - - - - - - - - - - - - - - - - - -
write_flash:
#if NRWWSTART != 0
  ; If NRWWSTART is zero, boot_page_erase must be called every time here!
;**	cp	r4, r1			; lo8(NRWWSTART) is 0 
	ldi	ZH, hi8(NRWWSTART) ; 0x70
    7ed6:	f0 e7       	ldi	r31, 0x70	; 112
;**	cpc	r5, ZH
;**	brcs	no_erase1		;if (address >= NRWWSTART)
	cp	r5, ZH			; hi8(NRWWSTART) lo8() is allways zero
    7ed8:	5f 16       	cp	r5, r31
	brlo	no_erase1
    7eda:	08 f0       	brcs	.+2      	; 0x7ede <no_erase1>
        // Todo: Take RAMPZ into account (not doing so just means that we will
        //  treat the top of both "pages" of flash as NRWW, for a slight speed
        //  decrease, so fixing this is not urgent.)
#endif

	rcall	boot_page_erase
    7edc:	60 d0       	rcall	.+192    	; 0x7f9e <boot_page_erase>

00007ede <no_erase1>:
no_erase1:
        // If only a partial page is to be programmed, the erase might not be complete.
        // So check that here
	rcall	wait_flash_ready
    7ede:	5b d0       	rcall	.+182    	; 0x7f96 <wait_flash_ready>
 #endif		/* FLASHEND > 8192 */ 

no_patch1:
#endif		/* VIRTUAL_BOOT_PARTITION */

	movw	ZL, r4		; addrPtr = address
    7ee0:	f2 01       	movw	r30, r4

00007ee2 <wr_lop1>:
;	movw	YL, r18		; buf16Ptr (r28:r29) = RAMSTART
wr_lop1:
    	ld	r0, Y+		; *buf16Ptr++
    7ee2:	09 90       	ld	r0, Y+
	ld	r1, Y+
    7ee4:	19 90       	ld	r1, Y+
	ldi	r20, (1<<SELFPRGEN)
    7ee6:	41 e0       	ldi	r20, 0x01	; 1
	; r0:r1 is data, Z r30:r31 is address, probably RAMPZ is also set
	rcall	do_spm		; AOUT SPMCSR, r20 ; spm
    7ee8:	5c d0       	rcall	.+184    	; 0x7fa2 <do_spm>
	eor	r1, r1
    7eea:	11 24       	eor	r1, r1
	adiw	ZL, 2		; increment address
    7eec:	32 96       	adiw	r30, 0x02	; 2
	sbiw	r26, 2		; length = length - 2
    7eee:	12 97       	sbiw	r26, 0x02	; 2
	brne	wr_lop1
    7ef0:	c1 f7       	brne	.-16     	; 0x7ee2 <wr_lop1>

	movw	ZL, r4		; addrPtr = address
    7ef2:	f2 01       	movw	r30, r4
        // Write from programming buffer
	ldi	r20, (1<<PGWRT)|(1<<SELFPRGEN)	; 0x05	
    7ef4:	45 e0       	ldi	r20, 0x05	; 5
	rcall	do_spm		; AOUT SPMCSR, r20 ; spm
    7ef6:	55 d0       	rcall	.+170    	; 0x7fa2 <do_spm>
	rcall	wait_flash_ready
    7ef8:	4e d0       	rcall	.+156    	; 0x7f96 <wait_flash_ready>
#if defined(RWWSRE)
       // Reenable read access to flash
	ldi	r20, (1<<RWWSRE)|(1<<SELFPRGEN)	; 0x11	
    7efa:	41 e1       	ldi	r20, 0x11	; 17
	rcall	do_spm		; AOUT SPMCSR, r20 ; spm
    7efc:	52 d0       	rcall	.+164    	; 0x7fa2 <do_spm>
	rcall	wr_eeprom
        ; Now we have saved the original save_vector address to the last two EEproms.
	; The save_vector has now the original address from the reset vector and
	; the reset vector now jmp to the bootloader.
#endif
	rjmp	put_ok		; putch(STK_OK); rjmp get_nextp
    7efe:	15 c0       	rjmp	.+42     	; 0x7f2a <put_ok>

00007f00 <ck_READP>:
;=-=-=-=-=-=-=-=-=-=-=-=-=-=-=-=-=-=-=-=-=-=-=-=-=-=-=-=-=-
ck_READP:
      	cpi	r24, STK_READ_PAGE	; 't'
    7f00:	84 37       	cpi	r24, 0x74	; 116
	brne   	ck_READS
    7f02:	b1 f4       	brne	.+44     	; 0x7f30 <ck_READS>
    /* Read memory block mode, length is big endian.  */
	rcall	get_length	; r16:r17  and r26:r27 is length
    7f04:	42 d0       	rcall	.+132    	; 0x7f8a <get_length>
     // READ PAGE - we only read flash and optional EEPROM
	rcall	getch
    7f06:	32 d0       	rcall	.+100    	; 0x7f6c <getch>
	mov	r21, r24	; type = getch()
    7f08:	58 2f       	mov	r21, r24
	rcall	verifySpace	; check Sync_CRC_EOP, putch(STK_INSYNC)
    7f0a:	24 d0       	rcall	.+72     	; 0x7f54 <verifySpace>
;	TODO: putNch()
	movw	ZL, r4		; Z = addrPtr = address
    7f0c:	f2 01       	movw	r30, r4

#if SUPPORT_EEPROM > 0
	cpi	r21, 'E'	; 0x45
    7f0e:	55 34       	cpi	r21, 0x45	; 69
	brne	flash_rd_lop
    7f10:	39 f4       	brne	.+14     	; 0x7f20 <flash_rd_lop>

00007f12 <ee_rd_lop2>:
;     must be EEprom read
; read EEprom
ee_rd_lop2:
	sbiw	r26, 1		; length-1
    7f12:	11 97       	sbiw	r26, 0x01	; 1
	brcs	next_adr_put_ok	;
    7f14:	48 f0       	brcs	.+18     	; 0x7f28 <next_adr_put_ok>
 #ifdef VIRTUAL_BOOT_PARTITION
	rcall	rd_eeprom	; Z+
 #else
  /* EEprom read is only required here without the VIRTUAL_BOOT_PARTITION */
  /* Therefore is is used without a rcall directly                        */
	rcall 	set_eeprom_adr	; Z+
    7f16:	33 d0       	rcall	.+102    	; 0x7f7e <set_eeprom_adr>
	ASBI	EECR, EERE
    7f18:	f8 9a       	sbi	0x1f, 0	; 31
	AIN	r24, EEDR		; read data from EEprom
    7f1a:	80 b5       	in	r24, 0x20	; 32
 #endif
	rcall	putch
    7f1c:	20 d0       	rcall	.+64     	; 0x7f5e <putch>
	rjmp	ee_rd_lop2
    7f1e:	f9 cf       	rjmp	.-14     	; 0x7f12 <ee_rd_lop2>

00007f20 <flash_rd_lop>:
          //      do putch(pgm_read_byte_near(address++));
          //      while (--length);
          // read a Flash and increment the address (may increment RAMPZ)
	elpm	r24, Z+
#else
	lpm	r24, Z+
    7f20:	85 91       	lpm	r24, Z+
	mov	r21, r25	; save second byte
	rcall	putch
	mov	r24, r21
#endif		/* VIRTUAL_BOOT_PARTITION */

	rcall	putch
    7f22:	1d d0       	rcall	.+58     	; 0x7f5e <putch>
	sbiw	r26, LenDecrement	; length - 1 or 2 bytes for VIRTUAL_BOOT_PARTITION
    7f24:	11 97       	sbiw	r26, 0x01	; 1
	brne	flash_rd_lop
    7f26:	e1 f7       	brne	.-8      	; 0x7f20 <flash_rd_lop>

00007f28 <next_adr_put_ok>:
next_adr_put_ok:
	movw	r4, ZL		; new address  ???
    7f28:	2f 01       	movw	r4, r30

00007f2a <put_ok>:
put_ok:
     	ldi	r24, STK_OK	; 0x10
    7f2a:	80 e1       	ldi	r24, 0x10	; 16
       	rcall	putch
    7f2c:	18 d0       	rcall	.+48     	; 0x7f5e <putch>
       	rjmp	get_nextp
    7f2e:	8d cf       	rjmp	.-230    	; 0x7e4a <get_nextp>

00007f30 <ck_READS>:

;=-=-=-=-=-=-=-=-=-=-=-=-=-=-=-=-=-=-=-=-=-=-=-=-=-=-=-=-=-
ck_READS:
     	cpi	r24, STK_READ_SIGN	; 'u'
    7f30:	85 37       	cpi	r24, 0x75	; 117
	brne	ck_LEAVE
    7f32:	39 f4       	brne	.+14     	; 0x7f42 <ck_LEAVE>
;	READ SIGN - return what Avrdude wants to hear
	rcall	verifySpace	; check Sync_CRC_EOP, putch(STK_INSYNC)
    7f34:	0f d0       	rcall	.+30     	; 0x7f54 <verifySpace>
	ldi	r24, SIGNATURE_0
    7f36:	8e e1       	ldi	r24, 0x1E	; 30
	rcall	putch
    7f38:	12 d0       	rcall	.+36     	; 0x7f5e <putch>
	ldi	r24, SIGNATURE_1
    7f3a:	85 e9       	ldi	r24, 0x95	; 149
	rcall	putch
    7f3c:	10 d0       	rcall	.+32     	; 0x7f5e <putch>
	ldi	r24, SIGNATURE_2
    7f3e:	8f e0       	ldi	r24, 0x0F	; 15
	rjmp	to_putch	; rcall putch, rjmp put_ok
    7f40:	91 cf       	rjmp	.-222    	; 0x7e64 <to_putch>

00007f42 <ck_LEAVE>:
;=-=-=-=-=-=-=-=-=-=-=-=-=-=-=-=-=-=-=-=-=-=-=-=-=-=-=-=-=-
ck_LEAVE:
      	cpi	r24, STK_LEAVE_PROGMODE	; 'Q'
    7f42:	81 35       	cpi	r24, 0x51	; 81
	brne	ver_put 
    7f44:	11 f4       	brne	.+4      	; 0x7f4a <ver_put>
;  Adaboot no wait mod
	ldi	r20, WATCHDOG_16MS	; 0x08
    7f46:	48 e0       	ldi	r20, 0x08	; 8
	rcall	watchdogConfig
    7f48:	32 d0       	rcall	.+100    	; 0x7fae <watchdogConfig>

00007f4a <ver_put>:
ver_put:
     	rcall	verifySpace	; check Sync_CRC_EOP, putch(STK_INSYNC)
    7f4a:	04 d0       	rcall	.+8      	; 0x7f54 <verifySpace>
	rjmp	put_ok		; putch(STK_OK); rjmp get_nextp
    7f4c:	ee cf       	rjmp	.-36     	; 0x7f2a <put_ok>

00007f4e <getNch>:
;**********************************************************
; read r20 count character from serial input and look if space follow
getNch:		; call  getNch, r20 = count
	; repeat count times "call getch"
repeat_g:
     	rcall	getch		; do getch(); while (--count);
    7f4e:	0e d0       	rcall	.+28     	; 0x7f6c <getch>
       	subi	r20, 1		; count - 1
    7f50:	41 50       	subi	r20, 0x01	; 1
     	brne	repeat_g
    7f52:	e9 f7       	brne	.-6      	; 0x7f4e <getNch>

00007f54 <verifySpace>:

;**********************************************************
; look if a space character can be read from serial input and answer
verifySpace:		/* void verifySpace(void) { */
; use of r24,
     	rcall	getch		; if (getch() != CRC_EOP)
    7f54:	0b d0       	rcall	.+22     	; 0x7f6c <getch>
       	cpi	r24, CRC_EOP	; 0x20
    7f56:	80 32       	cpi	r24, 0x20	; 32
       	breq	no_to
    7f58:	09 f0       	breq	.+2      	; 0x7f5c <no_to>
#if 1
     	rcall	wait_timeout		;wait_timeout();
    7f5a:	26 d0       	rcall	.+76     	; 0x7fa8 <wait_timeout>

00007f5c <no_to>:
	ldi	r24, STK_NOSYNC
	rcall	putch
	rjmp	get_nextp	
#endif
no_to:
       	ldi	r24, STK_INSYNC
    7f5c:	84 e1       	ldi	r24, 0x14	; 20

00007f5e <putch>:
  #if BAUD_ERROR != 0 // permit high bitrates (ie 1Mbps@16MHz) if error is zero
   #error Unachievable baud rate (too fast) BAUD_RATE
  #endif
 #endif // baud rate fastn check
putch:	/* void putch(char r24) */
	lds	r25, UART_SRA	; while (!(UART_SRA & _BV(UDRE0)));
    7f5e:	90 91 c0 00 	lds	r25, 0x00C0
      	sbrs	r25, UDRE0
    7f62:	95 ff       	sbrs	r25, 5
      	rjmp	putch		; wait, UART out not ready
    7f64:	fc cf       	rjmp	.-8      	; 0x7f5e <putch>
	sts	UART_UDR, r24	; UART_UDR = ch;
    7f66:	80 93 c6 00 	sts	0x00C6, r24
      	ret
    7f6a:	08 95       	ret

00007f6c <getch>:
getch: 
 #if (LED_DATA_FLASH > 0) && defined(LED_PORT) && defined(LEDbit)
	ASBI	LED_PORT, LEDbit
 #endif
gtch1:
	AIN	r24, UART_SRA		; if (UART_SRA & _BV(RXC0)) {
    7f6c:	80 91 c0 00 	lds	r24, 0x00C0
     	sbrs	r24, RXC0
    7f70:	87 ff       	sbrs	r24, 7
       	rjmp	gtch1			; no data received, wait
    7f72:	fc cf       	rjmp	.-8      	; 0x7f6c <getch>
;	lds	r24, UART_SRA		; if (!(UART_SRA & _BV(FE0))) {
      	sbrs	r24, FE0
    7f74:	84 ff       	sbrs	r24, 4
     	wdr		; watchdogReset();
    7f76:	a8 95       	wdr
         * watchdog.  This should cause the bootloader to abort and run
         * the application "soon", if it keeps happening.  (Note that we
         * don't care that an invalid char is returned...)
         */

 	lds	r24, UART_UDR	; ch = UART_UDR; return ch;
    7f78:	80 91 c6 00 	lds	r24, 0x00C6
 #if (LED_DATA_FLASH > 0) && defined(LED_PORT) && defined(LEDbit)
	ACBI	LED_PORT, LEDbit
 #endif
       	ret
    7f7c:	08 95       	ret

00007f7e <set_eeprom_adr>:
;**********************************************************
#if defined(VIRTUAL_BOOT_PARTITION) || defined(SUPPORT_EEPROM)
/* Z hold the eeprom address, which is loaded to EEAR and afterwards increased by 1 */
/* ASBIC can destroy content of register r0 */
set_eeprom_adr:
  	ASBIC	EECR, EEPE	; while (!eeprom_is_ready())
    7f7e:	f9 99       	sbic	0x1f, 1	; 31
   	rjmp	set_eeprom_adr	; wait
    7f80:	fe cf       	rjmp	.-4      	; 0x7f7e <set_eeprom_adr>
;	rcall	wait_flash_ready

	AOUT	EEARH, ZH	; EEAR = addrPtr++
    7f82:	f2 bd       	out	0x22, r31	; 34
	AOUT	EEARL, ZL
    7f84:	e1 bd       	out	0x21, r30	; 33
	adiw	ZL, 1
    7f86:	31 96       	adiw	r30, 0x01	; 1
	ret			; set_eeprom_adr
    7f88:	08 95       	ret

00007f8a <get_length>:
;**********************************************************
;	rcall get_length get two bytes from serial inputi
;	result is r26:r27 = r16:r17  last:first byte
;	use r22, r25 (soft)
get_length:
	rcall	getch
    7f8a:	f0 df       	rcall	.-32     	; 0x7f6c <getch>
	mov	r17, r24	; r17 = upper bits of length
    7f8c:	18 2f       	mov	r17, r24
	rcall	getch
    7f8e:	ee df       	rcall	.-36     	; 0x7f6c <getch>
	mov	r16, r24	; r16 = lower bits of length
    7f90:	08 2f       	mov	r16, r24
	movw	r26, r16	; can be changed by sbiw or adiw
    7f92:	d8 01       	movw	r26, r16
	ret
    7f94:	08 95       	ret

00007f96 <wait_flash_ready>:

;**********************************************************
;	call wait_flash_ready wait for a idle Flash controller
;	use r0
wait_flash_ready:
       	AIN	r0, SPMCSR 
    7f96:	07 b6       	in	r0, 0x37	; 55
	sbrc	r0, SELFPRGEN
    7f98:	00 fc       	sbrc	r0, 0
	rjmp	wait_flash_ready
    7f9a:	fd cf       	rjmp	.-6      	; 0x7f96 <wait_flash_ready>
	ret
    7f9c:	08 95       	ret

00007f9e <boot_page_erase>:
;	r20 is used to setup the spm instruction
;	probably RAMPZ must be set before to extend the r4:r5 address
;	return is immediately, the flash controller is probably still busy
boot_page_erase:
;	rcall	wait_flash_ready
    	movw	ZL, r4		; __boot_page_erase_short((uint16_t)(void*)address)
    7f9e:	f2 01       	movw	r30, r4
	ldi	r20, (1<<PGERS)|(1<<SELFPRGEN)	; 0x03
    7fa0:	43 e0       	ldi	r20, 0x03	; 3

00007fa2 <do_spm>:
;	second entry	***********************************
;	rcall do_spm
;	r20 must contain the spm command
;	no register is destroyed
do_spm:
	AOUT	SPMCSR, r20	; (1<<PGERS)|(SELFPRGEN)
    7fa2:	47 bf       	out	0x37, r20	; 55
	spm
    7fa4:	e8 95       	spm
	ret
    7fa6:	08 95       	ret

00007fa8 <wait_timeout>:

;**********************************************************
;	rcall wait_timeout  set the watch dog timer to 16ms and wait for reset
wait_timeout:
     	ldi	r20, WATCHDOG_16MS
    7fa8:	48 e0       	ldi	r20, 0x08	; 8
	rcall	watchdogConfig	;  watchdogConfig(WATCHDOG_16MS) 
    7faa:	01 d0       	rcall	.+2      	; 0x7fae <watchdogConfig>

00007fac <lop77>:
lop77:
    	rjmp	lop77		; endless loop, watch Dog will reset!
    7fac:	ff cf       	rjmp	.-2      	; 0x7fac <lop77>

00007fae <watchdogConfig>:
;**********************************************************
;	rcall watchdogConfig set the watch dog timer to the time specified by r20
;	use r21
watchdogConfig: 
#if defined(WDTCSR) && defined(WDCE)
    	ldi	r21, (1<<WDCE) | (1<<WDE)	; 0x18
    7fae:	58 e1       	ldi	r21, 0x18	; 24
	AOUT	WDTCSR, r21	; (1<<WDCE) | (1<<WDE) ; watchdogConfig(x);
    7fb0:	50 93 60 00 	sts	0x0060, r21
       	AOUT	WDTCSR, r20		; WDTCSR = x;
    7fb4:	40 93 60 00 	sts	0x0060, r20
#else
    	ldi	r21, (1<<WDTOE) | (1<<WDE)	; 0x18
	AOUT	WDTCR, r21	; (1<<WDCE) | (1<<WDE) ; watchdogConfig(x);
       	AOUT	WDTCR, r20		; WDTCR = x;
#endif
       	ret
    7fb8:	08 95       	ret

00007fba <wait_T1ov>:
;**********************************************************
#if LED_START_FLASHES > 0
; rcall wait_T1ov setup the timer1 to overflow in r24:r25 clock tics
; use  r24 and probably r0
wait_T1ov:
	ldi	r24, (1<<CS12)|(1<<CS10)	; internal clock, divide by 1024
    7fba:	85 e0       	ldi	r24, 0x05	; 5
	sts	TCCR1B, r24	
    7fbc:	80 93 81 00 	sts	0x0081, r24
	ldi	r24, hi8(0xfffe - (F_CPU/(1024*16)))
    7fc0:	8c ef       	ldi	r24, 0xFC	; 252
	AOUT	TCNT1H, r24		; set new counter value to TCNT1
    7fc2:	80 93 85 00 	sts	0x0085, r24
	ldi	r24, lo8(0xfffe - (F_CPU/(1024*16)))
    7fc6:	8e e2       	ldi	r24, 0x2E	; 46
	AOUT	TCNT1L, r24
    7fc8:	80 93 84 00 	sts	0x0084, r24
 #if defined(__AVR_ATmega8__) || defined(__AVR_ATmega16__) || defined(__AVR_ATmega32__)
	ldi	r24, (1<<TOV1)
	AOUT	TIFR, r24		; clear OV bit Timer 1
 #else
	ASBI	TIFR1, TOV1	; clear OV bit Timer1
    7fcc:	b0 9a       	sbi	0x16, 0	; 22

00007fce <wt_ov>:
 #if defined(__AVR_ATmega8__) || defined(__AVR_ATmega16__) || defined(__AVR_ATmega32__)
	AIN	r24, TIFR
	sbrc	r24, (1<<TOV1)
	rjmp	wt_ov
 #else
	ASBIS	TIFR1, TOV1	; wait until OV bit is set again
    7fce:	b0 9b       	sbis	0x16, 0	; 22
	rjmp	wt_ov
    7fd0:	fe cf       	rjmp	.-4      	; 0x7fce <wt_ov>

00007fd2 <wt_fin>:
 #endif
wt_fin:
     	wdr		; watchdogReset();
    7fd2:	a8 95       	wdr
	ret
    7fd4:	08 95       	ret
