Archive member included because of file (symbol)

/usr/lib/gcc/avr/4.8.2/avr5/libgcc.a(_umulhisi3.o)
                              main.o (__umulhisi3)
/usr/lib/gcc/avr/4.8.2/avr5/libgcc.a(_usmulhisi3.o)
                              main.o (__usmulhisi3)
/usr/lib/gcc/avr/4.8.2/avr5/libgcc.a(_muluhisi3.o)
                              main.o (__muluhisi3)
/usr/lib/gcc/avr/4.8.2/avr5/libgcc.a(_mulsi3.o)
                              ReadADC.o (__mulsi3)
/usr/lib/gcc/avr/4.8.2/avr5/libgcc.a(_udivmodhi4.o)
                              RefVoltage.o (__udivmodhi4)
/usr/lib/gcc/avr/4.8.2/avr5/libgcc.a(_divmodhi4.o)
                              lcd-routines.o (__divmodhi4)
/usr/lib/gcc/avr/4.8.2/avr5/libgcc.a(_udivmodsi4.o)
                              DisplayValue.o (__udivmodsi4)
/usr/lib/gcc/avr/4.8.2/avr5/libgcc.a(_divmodsi4.o)
                              main.o (__divmodsi4)
/usr/lib/gcc/avr/4.8.2/avr5/libgcc.a(_udivdi3.o)
                              GetFrequency.o (__udivdi3)
/usr/lib/gcc/avr/4.8.2/avr5/libgcc.a(_udivmod64.o)
                              /usr/lib/gcc/avr/4.8.2/avr5/libgcc.a(_udivdi3.o) (__udivmod64)
/usr/lib/gcc/avr/4.8.2/avr5/libgcc.a(_negsi2.o)
                              /usr/lib/gcc/avr/4.8.2/avr5/libgcc.a(_divmodsi4.o) (__negsi2)
/usr/lib/gcc/avr/4.8.2/avr5/libgcc.a(_prologue.o)
                              lcd-routines.o (__prologue_saves__)
/usr/lib/gcc/avr/4.8.2/avr5/libgcc.a(_epilogue.o)
                              lcd-routines.o (__epilogue_restores__)
/usr/lib/gcc/avr/4.8.2/avr5/libgcc.a(_exit.o)
                              /usr/lib/gcc/avr/4.8.2/../../../avr/lib/avr5/crtm328p.o (exit)
/usr/lib/gcc/avr/4.8.2/avr5/libgcc.a(_tablejump.o)
                              lcd-routines.o (__tablejump2__)
/usr/lib/gcc/avr/4.8.2/avr5/libgcc.a(_clear_bss.o)
                              lcd-routines.o (__do_clear_bss)
/usr/lib/gcc/avr/4.8.2/avr5/libgcc.a(_ashldi3.o)
                              GetFrequency.o (__ashldi3)
/usr/lib/gcc/avr/4.8.2/avr5/libgcc.a(_subdi3.o)
                              GetFrequency.o (__subdi3)
/usr/lib/gcc/avr/4.8.2/../../../avr/lib/avr5/libc.a(ultoa.o)
                              DisplayValue.o (ultoa)
/usr/lib/gcc/avr/4.8.2/../../../avr/lib/avr5/libc.a(utoa.o)
                              i2lcd.o (utoa)
/usr/lib/gcc/avr/4.8.2/../../../avr/lib/avr5/libc.a(eerd_byte_atmega328p.o)
                              RefVoltage.o (__eerd_byte_m328p)
/usr/lib/gcc/avr/4.8.2/../../../avr/lib/avr5/libc.a(eerd_word_atmega328p.o)
                              ShowData.o (__eerd_word_m328p)
/usr/lib/gcc/avr/4.8.2/../../../avr/lib/avr5/libc.a(eewr_byte_atmega328p.o)
                              main.o (__eewr_byte_m328p)
/usr/lib/gcc/avr/4.8.2/../../../avr/lib/avr5/libc.a(eewr_word_atmega328p.o)
                              main.o (__eewr_word_m328p)
/usr/lib/gcc/avr/4.8.2/../../../avr/lib/avr5/libc.a(strrev.o)
                              /usr/lib/gcc/avr/4.8.2/../../../avr/lib/avr5/libc.a(ultoa.o) (strrev)
/usr/lib/gcc/avr/4.8.2/../../../avr/lib/avr5/libc.a(eerd_block_atmega328p.o)
                              /usr/lib/gcc/avr/4.8.2/../../../avr/lib/avr5/libc.a(eerd_word_atmega328p.o) (__eerd_blraw_m328p)

Allocating common symbols
Common symbol       size              file

diode_sequence      0x1               main.o
ext_freq            0x4               main.o
display_time        0x2               main.o
resis680mi          0x2               main.o
ref_mv_offs         0x2               main.o
NumOfDiodes         0x1               main.o
PartMode            0x1               main.o
PartFound           0x1               main.o
resis680pl          0x2               main.o
tmpval              0x1               main.o
inductor_lpre       0x1               lcd-routines.o
mess_count          0x1               main.o
outval              0xa               main.o
resis               0x18              main.o
ADCconfig           0x6               main.o
pin_rpl             0x2               main.o
ref_mv              0x2               main.o
OutBuffer           0xa               main.o
lcd_bit_mem         0x400             main.o
tmpval2             0x1               main.o
UnCalibrated        0x1               main.o
pin_rmi             0x2               main.o
WithReference       0x1               main.o
_trans              0x2               main.o
_page               0x1               lcd-routines.o
ntrans              0xe               main.o
empty_count         0x1               main.o
pin_combination     0x1               main.o
ovcnt16             0x2               main.o
cell_mv             0x6               lcd-routines.o
ptrans              0xe               main.o
pinchange_max       0x2               main.o
pinchange_count     0x2               main.o
adc_internal_reference
                    0x2               main.o
ResistorsFound      0x1               main.o
unfinished          0x1               main.o
RHmultip            0x2               main.o
cap                 0x14              main.o
load_diff           0x2               main.o
diodes              0x18              main.o
inductor_lx         0x4               lcd-routines.o
_xpos               0x1               lcd-routines.o

↵
Speichereinrichtung
↵

Name             Ursprung           Länge             Eigenschaften
text             0x0000000000000000 0x0000000000020000 xr
data             0x0000000000800060 0x000000000000ffa0 rw !x
eeprom           0x0000000000810000 0x0000000000010000 rw !x
fuse             0x0000000000820000 0x0000000000000400 rw !x
lock             0x0000000000830000 0x0000000000000400 rw !x
signature        0x0000000000840000 0x0000000000000400 rw !x
user_signatures  0x0000000000850000 0x0000000000000400 rw !x
*default*        0x0000000000000000 0xffffffffffffffff

Linker script and memory map

Address of section .data set to 0x800100
LOAD /usr/lib/gcc/avr/4.8.2/../../../avr/lib/avr5/crtm328p.o
LOAD lcd_hw_4_bit.o
LOAD lcd-routines.o
LOAD i2lcd.o
LOAD PinLayout.o
LOAD RvalOut.o
LOAD UfAusgabe.o
LOAD DisplayValue.o
LOAD font.o
LOAD lcd-draw.o
LOAD swuart.o
LOAD wait1000ms.o
LOAD sleep_5ms.o
LOAD ReadADC.o
LOAD wait_for_key_ms.o
LOAD RefVoltage.o
LOAD get_log.o
LOAD main.o
LOAD CheckPins.o
LOAD ChargePin10ms.o
LOAD EntladePins.o
LOAD ReadCapacity.o
LOAD GetRLmultip.o
LOAD Calibrate_UR.o
LOAD ReadInductance.o
LOAD GetESR.o
LOAD GetVloss.o
LOAD GetFrequency.o
LOAD function_menu.o
LOAD message_key_released.o
LOAD ReadBigCap.o
LOAD CheckRotaryEncoder.o
LOAD CalibrationCap.o
LOAD ShowData.o
LOAD EE_check_init.o
START GROUP
LOAD /usr/lib/gcc/avr/4.8.2/avr5/libgcc.a
LOAD /usr/lib/gcc/avr/4.8.2/../../../avr/lib/avr5/libm.a
LOAD /usr/lib/gcc/avr/4.8.2/../../../avr/lib/avr5/libc.a
END GROUP

.hash
 *(.hash)

.dynsym
 *(.dynsym)

.dynstr
 *(.dynstr)

.gnu.version
 *(.gnu.version)

.gnu.version_d
 *(.gnu.version_d)

.gnu.version_r
 *(.gnu.version_r)

.rel.init
 *(.rel.init)

.rela.init
 *(.rela.init)

.rel.text
 *(.rel.text)
 *(.rel.text.*)
 *(.rel.gnu.linkonce.t*)

.rela.text
 *(.rela.text)
 *(.rela.text.*)
 *(.rela.gnu.linkonce.t*)

.rel.fini
 *(.rel.fini)

.rela.fini
 *(.rela.fini)

.rel.rodata
 *(.rel.rodata)
 *(.rel.rodata.*)
 *(.rel.gnu.linkonce.r*)

.rela.rodata
 *(.rela.rodata)
 *(.rela.rodata.*)
 *(.rela.gnu.linkonce.r*)

.rel.data
 *(.rel.data)
 *(.rel.data.*)
 *(.rel.gnu.linkonce.d*)

.rela.data
 *(.rela.data)
 *(.rela.data.*)
 *(.rela.gnu.linkonce.d*)

.rel.ctors
 *(.rel.ctors)

.rela.ctors
 *(.rela.ctors)

.rel.dtors
 *(.rel.dtors)

.rela.dtors
 *(.rela.dtors)

.rel.got
 *(.rel.got)

.rela.got
 *(.rela.got)

.rel.bss
 *(.rel.bss)

.rela.bss
 *(.rela.bss)

.rel.plt
 *(.rel.plt)

.rela.plt
 *(.rela.plt)

.text           0x0000000000000000     0x73fc
 *(.vectors)
 .vectors       0x0000000000000000       0x68 /usr/lib/gcc/avr/4.8.2/../../../avr/lib/avr5/crtm328p.o
                0x0000000000000000                __vectors
                0x0000000000000000                __vector_default
 *(.vectors)
 *(.progmem.gcc*)
 .progmem.gcc_sw_table
                0x0000000000000068        0xe lcd-routines.o
 *(.progmem*)
 .progmem.data  0x0000000000000076     0x1000 font.o
                0x0000000000000076                font
 .progmem.data  0x0000000000001076       0x16 lcd-draw.o
 .progmem.data  0x000000000000108c      0x7ed main.o
                0x000000000000108c                clear_msk
                0x0000000000001094                set_msk
                0x000000000000109c                bmp_inductor_data
                0x00000000000010ae                bmp_vakdiode_data
                0x00000000000010d0                bmp_triac_data
                0x0000000000001132                bmp_thyristor_data
                0x0000000000001180                bmp_three_data
                0x0000000000001187                bmp_two_data
                0x000000000000118e                bmp_one_data
                0x0000000000001195                bmp_pnp_data
                0x000000000000119d                bmp_npn_data
                0x00000000000011ff                bmp_p_jfet_data
                0x000000000000120b                bmp_n_jfet_data
                0x000000000000126d                bmp_p_d_mos_data
                0x000000000000127b                bmp_n_d_mos_data
                0x0000000000001289                bmp_p_e_mos_data
                0x0000000000001297                bmp_n_e_mos_data
                0x00000000000012f9                bmp_p_d_igbt_data
                0x000000000000131f                bmp_n_d_igbt_data
                0x0000000000001329                bmp_p_e_igbt_data
                0x000000000000134f                bmp_n_e_igbt_data
                0x00000000000013b1                REF_R_str
                0x00000000000013b8                REF_C_str
                0x00000000000013bf                MinCap_str
                0x00000000000013c7                CyrillicMuIcon
                0x00000000000013cf                CyrillicOmegaIcon
                0x00000000000013d7                PrefixTab
                0x00000000000013de                PinADCtab
                0x00000000000013e1                PinRHtab
                0x00000000000013e4                PinRLtab
                0x00000000000013e7                ResIcon3
                0x00000000000013ef                ResIcon2
                0x00000000000013f7                ResIcon1
                0x00000000000013ff                CapIcon
                0x0000000000001407                DiodeIcon2
                0x000000000000140f                DiodeIcon1
                0x0000000000001417                C_ESR_str
                0x0000000000001423                FatTP2_str
                0x0000000000001429                T50HZ
                0x000000000000142f                C0_str
                0x0000000000001433                RILO
                0x000000000000143a                RIHI
                0x0000000000001441                R0_str
                0x0000000000001445                RHRL
                0x000000000000144b                RHRH
                0x0000000000001459                RLRL
                0x0000000000001467                RH1H
                0x000000000000146b                RH1L
                0x000000000000146f                RHfakt
                0x0000000000001474                URefT
                0x0000000000001479                ICEs_str
                0x000000000000147f                ICE0_str
                0x0000000000001485                VERSION_str
                0x0000000000001493                Resistor_str
                0x0000000000001498                Dioden
                0x000000000000149d                KatAn
                0x00000000000014a1                AnKat
                0x00000000000014a5                HelpCalibration_str
                0x0000000000001623                Ir_str
                0x0000000000001629                Lis_str
                0x000000000000162c                VLOSS_str
                0x0000000000001634                ESR_str
                0x000000000000163a                VCC_str
                0x000000000000163f                Cell_str
                0x0000000000001645                CapZeich
                0x0000000000001649                Vgs_str
                0x000000000000164e                vt_str
                0x0000000000001653                Uf_str
                0x0000000000001657                N123_str
                0x000000000000165d                PNP_str
                0x0000000000001661                NPN_str
                0x0000000000001665                hfe_str
                0x0000000000001668                GateCap_str
                0x000000000000166b                igbt_str
                0x0000000000001671                jfet_str
                0x0000000000001676                mosfet_str
                0x000000000000167b                OK_str
                0x000000000000167e                Bat_str
                0x0000000000001684                SHORT_PROBES_str
                0x0000000000001690                FULLCHECK_str
                0x00000000000016a0                TURN_str
                0x00000000000016a9                RotaryEncoder_str
                0x00000000000016b7                PWM_10bit_str
                0x00000000000016c2                F_GEN_str
                0x00000000000016ce                OFF_str
                0x00000000000016d8                SHOW_str
                0x00000000000016e8                VOLTAGE_str
                0x00000000000016f2                FREQ_str
                0x00000000000016fd                TESTER_str
                0x000000000000170d                SELECTION_str
                0x0000000000001717                ATE
                0x0000000000001725                RELPROBE
                0x000000000000172f                SELFTEST
                0x000000000000173f                TestTimedOut
                0x0000000000001747                OrBroken
                0x0000000000001753                TestFailed1
                0x0000000000001763                Unknown
                0x000000000000176e                Thyristor
                0x0000000000001777                Triac
                0x0000000000001780                Bauteil
                0x0000000000001787                TestFailed2
                0x0000000000001791                BatEmpty
                0x0000000000001798                BatWeak
                0x000000000000179f                TestRunning
                0x00000000000017af                RHtab
                0x00000000000017c1                LogTab
                0x000000000000181f                RLtab
                0x000000000000187a                . = ALIGN (0x2)
 *fill*         0x0000000000001879        0x1 
                0x000000000000187a                __trampolines_start = .
 *(.trampolines)
 .trampolines   0x000000000000187a        0x0 linker stubs
 *(.trampolines*)
                0x000000000000187a                __trampolines_end = .
 *(.jumptables)
 *(.jumptables*)
 *(.lowtext)
 *(.lowtext*)
                0x000000000000187a                __ctors_start = .
 *(.ctors)
                0x000000000000187a                __ctors_end = .
                0x000000000000187a                __dtors_start = .
 *(.dtors)
                0x000000000000187a                __dtors_end = .
 SORT(*)(.ctors)
 SORT(*)(.dtors)
 *(.init0)
 .init0         0x000000000000187a        0x0 /usr/lib/gcc/avr/4.8.2/../../../avr/lib/avr5/crtm328p.o
                0x000000000000187a                __init
 *(.init0)
 *(.init1)
 *(.init1)
 *(.init2)
 .init2         0x000000000000187a        0xc /usr/lib/gcc/avr/4.8.2/../../../avr/lib/avr5/crtm328p.o
 *(.init2)
 *(.init3)
 *(.init3)
 *(.init4)
 .init4         0x0000000000001886       0x10 /usr/lib/gcc/avr/4.8.2/avr5/libgcc.a(_clear_bss.o)
                0x0000000000001886                __do_clear_bss
 *(.init4)
 *(.init5)
 *(.init5)
 *(.init6)
 *(.init6)
 *(.init7)
 *(.init7)
 *(.init8)
 *(.init8)
 *(.init9)
 .init9         0x0000000000001896        0x8 /usr/lib/gcc/avr/4.8.2/../../../avr/lib/avr5/crtm328p.o
 *(.init9)
 *(.text)
 .text          0x000000000000189e        0x4 /usr/lib/gcc/avr/4.8.2/../../../avr/lib/avr5/crtm328p.o
                0x000000000000189e                __vector_22
                0x000000000000189e                __vector_1
                0x000000000000189e                __vector_24
                0x000000000000189e                __bad_interrupt
                0x000000000000189e                __vector_6
                0x000000000000189e                __vector_3
                0x000000000000189e                __vector_23
                0x000000000000189e                __vector_25
                0x000000000000189e                __vector_17
                0x000000000000189e                __vector_19
                0x000000000000189e                __vector_4
                0x000000000000189e                __vector_9
                0x000000000000189e                __vector_2
                0x000000000000189e                __vector_15
                0x000000000000189e                __vector_8
                0x000000000000189e                __vector_14
                0x000000000000189e                __vector_18
                0x000000000000189e                __vector_20
 .text          0x00000000000018a2       0x7c lcd_hw_4_bit.o
                0x00000000000018a2                _lcd_hw_write
 .text          0x000000000000191e      0x43a lcd-routines.o
                0x000000000000191e                lcd_line1
                0x0000000000001928                lcd_line2
                0x0000000000001934                lcd_line3
                0x0000000000001940                lcd_line4
                0x000000000000194c                lcd_set_cursor
                0x0000000000001960                lcd_data
                0x0000000000001aa0                lcd_testpin
                0x0000000000001aa8                lcd_space
                0x0000000000001ab0                uart_newline
                0x0000000000001abe                lcd_command
                0x0000000000001ad8                lcd_clear
                0x0000000000001b06                lcd_string
                0x0000000000001b1e                lcd_pgm_string
                0x0000000000001b3c                lcd_fix_customchar
                0x0000000000001b3e                lcd_clear_line
                0x0000000000001b4e                lcd_pgm_bitmap
                0x0000000000001cb8                lcd_refresh
                0x0000000000001d1c                lcd_init
 .text          0x0000000000001d58       0x26 i2lcd.o
                0x0000000000001d58                i2lcd
                0x0000000000001d6e                u2lcd
 .text          0x0000000000001d7e       0x4e PinLayout.o
                0x0000000000001d7e                PinLayout
 .text          0x0000000000001dcc       0x4c RvalOut.o
                0x0000000000001dcc                RvalOut
 .text          0x0000000000001e18       0xb0 UfAusgabe.o
                0x0000000000001e18                mVAusgabe
                0x0000000000001e40                UfAusgabe
                0x0000000000001e6c                SerienDiodenAusgabe
 .text          0x0000000000001ec8      0x18a DisplayValue.o
                0x0000000000001ec8                DisplayValue
 .text          0x0000000000002052        0x0 font.o
 .text          0x0000000000002052       0xf4 lcd-draw.o
                0x0000000000002052                lcd_draw_pin
                0x000000000000206a                lcd_draw_trans_pins
                0x00000000000020de                lcd_draw_mosfet
                0x0000000000002112                lcd_draw_igbt
 .text          0x0000000000002146       0x26 swuart.o
                0x0000000000002146                uart_putc
 .text          0x000000000000216c       0x4a wait1000ms.o
                0x000000000000216c                wait5s
                0x000000000000216e                wait4s
                0x0000000000002170                wait3s
                0x0000000000002172                wait2s
                0x0000000000002174                wait1000ms
                0x0000000000002174                wait1s
                0x0000000000002176                wait500ms
                0x0000000000002178                wait400ms
                0x000000000000217a                wait300ms
                0x000000000000217c                wait200ms
                0x000000000000217e                wait100ms
                0x0000000000002182                wait50ms
                0x0000000000002184                wait40ms
                0x0000000000002186                wait30ms
                0x0000000000002188                wait20ms
                0x000000000000218a                wait10ms
                0x000000000000218c                wait5ms
                0x000000000000218e                wait4ms
                0x0000000000002190                wait3ms
                0x0000000000002192                wait2ms
                0x0000000000002194                wait1ms
                0x0000000000002196                wait500us
                0x0000000000002198                wait400us
                0x000000000000219a                wait300us
                0x000000000000219c                wait200us
                0x000000000000219e                wait100us
                0x00000000000021a0                wait50us
                0x00000000000021a2                wait40us
                0x00000000000021a4                wait30us
                0x00000000000021a6                wait20us
                0x00000000000021a8                wait10us
                0x00000000000021aa                wait5us
                0x00000000000021ac                wait4us
                0x00000000000021ae                wait3us
                0x00000000000021b0                wait2us
                0x00000000000021b2                wait1us
 .text          0x00000000000021b6       0x54 sleep_5ms.o
                0x00000000000021b6                sleep_5ms
 .text          0x000000000000220a       0xd4 ReadADC.o
                0x000000000000220a                W20msReadADC
                0x0000000000002212                W10msReadADC
                0x000000000000221a                W5msReadADC
                0x0000000000002222                ReadADC
 .text          0x00000000000022de       0x98 wait_for_key_ms.o
                0x00000000000022de                wait_for_key_ms
                0x0000000000002360                wait_for_key_5s_line2
 .text          0x0000000000002376       0xb0 RefVoltage.o
                0x0000000000002376                RefVoltage
 .text          0x0000000000002426       0x3e get_log.o
                0x0000000000002426                get_log
 .text          0x0000000000002464      0x960 main.o
                0x0000000000002464                __vector_7
                0x0000000000002466                __vector_21
                0x0000000000002468                ShortedProbes
                0x00000000000024e2                AllProbesShorted
                0x0000000000002506                AutoCheck
                0x0000000000002d2c                mark_as_uncalibrated
                0x0000000000002d50                GetIr
 .text          0x0000000000002dc4      0xefa CheckPins.o
                0x0000000000002dc4                CheckPins
 .text          0x0000000000003cbe       0x30 ChargePin10ms.o
                0x0000000000003cbe                ChargePin10ms
 .text          0x0000000000003cee      0x11a EntladePins.o
                0x0000000000003cee                EntladePins
 .text          0x0000000000003e08      0x686 ReadCapacity.o
                0x0000000000003e08                Scale_C_with_vcc
                0x0000000000003e88                ReadCapacity
                0x00000000000043fe                __vector_13
                0x000000000000444a                __vector_10
 .text          0x000000000000448e       0x5e GetRLmultip.o
                0x000000000000448e                GetRLmultip
 .text          0x00000000000044ec      0x194 Calibrate_UR.o
                0x00000000000044ec                Calibrate_UR
 .text          0x0000000000004680      0x474 ReadInductance.o
                0x0000000000004680                ReadInductance
 .text          0x0000000000004af4      0x3b8 GetESR.o
                0x0000000000004af4                GetESR
 .text          0x0000000000004eac      0x15e GetVloss.o
                0x0000000000004eac                GetVloss
 .text          0x000000000000500a      0x488 GetFrequency.o
                0x000000000000500a                GetFrequency
                0x00000000000053a6                __vector_16
                0x00000000000053f2                __vector_12
                0x000000000000540e                __vector_11
                0x000000000000542a                __vector_5
 .text          0x0000000000005492      0x744 function_menu.o
                0x0000000000005492                message2line
                0x00000000000054f6                show_C_ESR
                0x00000000000055c2                show_vext
                0x00000000000055c4                switch_frequency
                0x0000000000005890                make_frequency
                0x00000000000059b6                do_10bit_PWM
                0x0000000000005af0                function_menu
 .text          0x0000000000005bd6       0x38 message_key_released.o
                0x0000000000005bd6                message_key_released
 .text          0x0000000000005c0e      0x254 ReadBigCap.o
                0x0000000000005c0e                ReadBigCap
 .text          0x0000000000005e62      0x2b0 CheckRotaryEncoder.o
                0x0000000000005e62                CheckRotaryEncoder
 .text          0x0000000000006112        0x0 CalibrationCap.o
 .text          0x0000000000006112      0x19a ShowData.o
                0x0000000000006112                ShowData
 .text          0x00000000000062ac       0xe2 EE_check_init.o
                0x00000000000062ac                EE_check_init
 .text          0x000000000000638e        0x0 /usr/lib/gcc/avr/4.8.2/avr5/libgcc.a(_umulhisi3.o)
 .text          0x000000000000638e        0x0 /usr/lib/gcc/avr/4.8.2/avr5/libgcc.a(_usmulhisi3.o)
 .text          0x000000000000638e        0x0 /usr/lib/gcc/avr/4.8.2/avr5/libgcc.a(_muluhisi3.o)
 .text          0x000000000000638e        0x0 /usr/lib/gcc/avr/4.8.2/avr5/libgcc.a(_mulsi3.o)
 .text          0x000000000000638e        0x0 /usr/lib/gcc/avr/4.8.2/avr5/libgcc.a(_udivmodhi4.o)
 .text          0x000000000000638e        0x0 /usr/lib/gcc/avr/4.8.2/avr5/libgcc.a(_divmodhi4.o)
 .text          0x000000000000638e        0x0 /usr/lib/gcc/avr/4.8.2/avr5/libgcc.a(_udivmodsi4.o)
 .text          0x000000000000638e        0x0 /usr/lib/gcc/avr/4.8.2/avr5/libgcc.a(_divmodsi4.o)
 .text          0x000000000000638e        0x0 /usr/lib/gcc/avr/4.8.2/avr5/libgcc.a(_udivdi3.o)
 .text          0x000000000000638e        0x0 /usr/lib/gcc/avr/4.8.2/avr5/libgcc.a(_udivmod64.o)
 .text          0x000000000000638e        0x0 /usr/lib/gcc/avr/4.8.2/avr5/libgcc.a(_negsi2.o)
 .text          0x000000000000638e        0x0 /usr/lib/gcc/avr/4.8.2/avr5/libgcc.a(_prologue.o)
 .text          0x000000000000638e        0x0 /usr/lib/gcc/avr/4.8.2/avr5/libgcc.a(_epilogue.o)
 .text          0x000000000000638e        0x0 /usr/lib/gcc/avr/4.8.2/avr5/libgcc.a(_exit.o)
 .text          0x000000000000638e        0x0 /usr/lib/gcc/avr/4.8.2/avr5/libgcc.a(_tablejump.o)
 .text          0x000000000000638e        0x0 /usr/lib/gcc/avr/4.8.2/avr5/libgcc.a(_clear_bss.o)
 .text          0x000000000000638e        0x0 /usr/lib/gcc/avr/4.8.2/avr5/libgcc.a(_ashldi3.o)
 .text          0x000000000000638e        0x0 /usr/lib/gcc/avr/4.8.2/avr5/libgcc.a(_subdi3.o)
 .text          0x000000000000638e        0x0 /usr/lib/gcc/avr/4.8.2/../../../avr/lib/avr5/libc.a(ultoa.o)
 .text          0x000000000000638e        0x0 /usr/lib/gcc/avr/4.8.2/../../../avr/lib/avr5/libc.a(utoa.o)
 .text          0x000000000000638e        0x0 /usr/lib/gcc/avr/4.8.2/../../../avr/lib/avr5/libc.a(eerd_byte_atmega328p.o)
 .text          0x000000000000638e        0x0 /usr/lib/gcc/avr/4.8.2/../../../avr/lib/avr5/libc.a(eerd_word_atmega328p.o)
 .text          0x000000000000638e        0x0 /usr/lib/gcc/avr/4.8.2/../../../avr/lib/avr5/libc.a(eewr_byte_atmega328p.o)
 .text          0x000000000000638e        0x0 /usr/lib/gcc/avr/4.8.2/../../../avr/lib/avr5/libc.a(eewr_word_atmega328p.o)
 .text          0x000000000000638e        0x0 /usr/lib/gcc/avr/4.8.2/../../../avr/lib/avr5/libc.a(strrev.o)
 .text          0x000000000000638e        0x0 /usr/lib/gcc/avr/4.8.2/../../../avr/lib/avr5/libc.a(eerd_block_atmega328p.o)
                0x000000000000638e                . = ALIGN (0x2)
 *(.text.*)
 .text.startup  0x000000000000638e      0xcc2 main.o
                0x000000000000638e                main
 .text.libgcc.mul
                0x0000000000007050       0x1e /usr/lib/gcc/avr/4.8.2/avr5/libgcc.a(_umulhisi3.o)
                0x0000000000007050                __umulhisi3
 .text.libgcc.div
                0x000000000000706e        0x0 /usr/lib/gcc/avr/4.8.2/avr5/libgcc.a(_umulhisi3.o)
 .text.libgcc   0x000000000000706e        0x0 /usr/lib/gcc/avr/4.8.2/avr5/libgcc.a(_umulhisi3.o)
 .text.libgcc.prologue
                0x000000000000706e        0x0 /usr/lib/gcc/avr/4.8.2/avr5/libgcc.a(_umulhisi3.o)
 .text.libgcc.builtins
                0x000000000000706e        0x0 /usr/lib/gcc/avr/4.8.2/avr5/libgcc.a(_umulhisi3.o)
 .text.libgcc.fmul
                0x000000000000706e        0x0 /usr/lib/gcc/avr/4.8.2/avr5/libgcc.a(_umulhisi3.o)
 .text.libgcc.fixed
                0x000000000000706e        0x0 /usr/lib/gcc/avr/4.8.2/avr5/libgcc.a(_umulhisi3.o)
 .text.libgcc.mul
                0x000000000000706e        0xe /usr/lib/gcc/avr/4.8.2/avr5/libgcc.a(_usmulhisi3.o)
                0x000000000000706e                __usmulhisi3
                0x0000000000007072                __usmulhisi3_tail
 .text.libgcc.div
                0x000000000000707c        0x0 /usr/lib/gcc/avr/4.8.2/avr5/libgcc.a(_usmulhisi3.o)
 .text.libgcc   0x000000000000707c        0x0 /usr/lib/gcc/avr/4.8.2/avr5/libgcc.a(_usmulhisi3.o)
 .text.libgcc.prologue
                0x000000000000707c        0x0 /usr/lib/gcc/avr/4.8.2/avr5/libgcc.a(_usmulhisi3.o)
 .text.libgcc.builtins
                0x000000000000707c        0x0 /usr/lib/gcc/avr/4.8.2/avr5/libgcc.a(_usmulhisi3.o)
 .text.libgcc.fmul
                0x000000000000707c        0x0 /usr/lib/gcc/avr/4.8.2/avr5/libgcc.a(_usmulhisi3.o)
 .text.libgcc.fixed
                0x000000000000707c        0x0 /usr/lib/gcc/avr/4.8.2/avr5/libgcc.a(_usmulhisi3.o)
 .text.libgcc.mul
                0x000000000000707c       0x16 /usr/lib/gcc/avr/4.8.2/avr5/libgcc.a(_muluhisi3.o)
                0x000000000000707c                __muluhisi3
 .text.libgcc.div
                0x0000000000007092        0x0 /usr/lib/gcc/avr/4.8.2/avr5/libgcc.a(_muluhisi3.o)
 .text.libgcc   0x0000000000007092        0x0 /usr/lib/gcc/avr/4.8.2/avr5/libgcc.a(_muluhisi3.o)
 .text.libgcc.prologue
                0x0000000000007092        0x0 /usr/lib/gcc/avr/4.8.2/avr5/libgcc.a(_muluhisi3.o)
 .text.libgcc.builtins
                0x0000000000007092        0x0 /usr/lib/gcc/avr/4.8.2/avr5/libgcc.a(_muluhisi3.o)
 .text.libgcc.fmul
                0x0000000000007092        0x0 /usr/lib/gcc/avr/4.8.2/avr5/libgcc.a(_muluhisi3.o)
 .text.libgcc.fixed
                0x0000000000007092        0x0 /usr/lib/gcc/avr/4.8.2/avr5/libgcc.a(_muluhisi3.o)
 .text.libgcc.mul
                0x0000000000007092       0x20 /usr/lib/gcc/avr/4.8.2/avr5/libgcc.a(_mulsi3.o)
                0x0000000000007092                __mulsi3
 .text.libgcc.div
                0x00000000000070b2        0x0 /usr/lib/gcc/avr/4.8.2/avr5/libgcc.a(_mulsi3.o)
 .text.libgcc   0x00000000000070b2        0x0 /usr/lib/gcc/avr/4.8.2/avr5/libgcc.a(_mulsi3.o)
 .text.libgcc.prologue
                0x00000000000070b2        0x0 /usr/lib/gcc/avr/4.8.2/avr5/libgcc.a(_mulsi3.o)
 .text.libgcc.builtins
                0x00000000000070b2        0x0 /usr/lib/gcc/avr/4.8.2/avr5/libgcc.a(_mulsi3.o)
 .text.libgcc.fmul
                0x00000000000070b2        0x0 /usr/lib/gcc/avr/4.8.2/avr5/libgcc.a(_mulsi3.o)
 .text.libgcc.fixed
                0x00000000000070b2        0x0 /usr/lib/gcc/avr/4.8.2/avr5/libgcc.a(_mulsi3.o)
 .text.libgcc.mul
                0x00000000000070b2        0x0 /usr/lib/gcc/avr/4.8.2/avr5/libgcc.a(_udivmodhi4.o)
 .text.libgcc.div
                0x00000000000070b2       0x28 /usr/lib/gcc/avr/4.8.2/avr5/libgcc.a(_udivmodhi4.o)
                0x00000000000070b2                __udivmodhi4
 .text.libgcc   0x00000000000070da        0x0 /usr/lib/gcc/avr/4.8.2/avr5/libgcc.a(_udivmodhi4.o)
 .text.libgcc.prologue
                0x00000000000070da        0x0 /usr/lib/gcc/avr/4.8.2/avr5/libgcc.a(_udivmodhi4.o)
 .text.libgcc.builtins
                0x00000000000070da        0x0 /usr/lib/gcc/avr/4.8.2/avr5/libgcc.a(_udivmodhi4.o)
 .text.libgcc.fmul
                0x00000000000070da        0x0 /usr/lib/gcc/avr/4.8.2/avr5/libgcc.a(_udivmodhi4.o)
 .text.libgcc.fixed
                0x00000000000070da        0x0 /usr/lib/gcc/avr/4.8.2/avr5/libgcc.a(_udivmodhi4.o)
 .text.libgcc.mul
                0x00000000000070da        0x0 /usr/lib/gcc/avr/4.8.2/avr5/libgcc.a(_divmodhi4.o)
 .text.libgcc.div
                0x00000000000070da       0x28 /usr/lib/gcc/avr/4.8.2/avr5/libgcc.a(_divmodhi4.o)
                0x00000000000070da                __divmodhi4
                0x00000000000070da                _div
 .text.libgcc   0x0000000000007102        0x0 /usr/lib/gcc/avr/4.8.2/avr5/libgcc.a(_divmodhi4.o)
 .text.libgcc.prologue
                0x0000000000007102        0x0 /usr/lib/gcc/avr/4.8.2/avr5/libgcc.a(_divmodhi4.o)
 .text.libgcc.builtins
                0x0000000000007102        0x0 /usr/lib/gcc/avr/4.8.2/avr5/libgcc.a(_divmodhi4.o)
 .text.libgcc.fmul
                0x0000000000007102        0x0 /usr/lib/gcc/avr/4.8.2/avr5/libgcc.a(_divmodhi4.o)
 .text.libgcc.fixed
                0x0000000000007102        0x0 /usr/lib/gcc/avr/4.8.2/avr5/libgcc.a(_divmodhi4.o)
 .text.libgcc.mul
                0x0000000000007102        0x0 /usr/lib/gcc/avr/4.8.2/avr5/libgcc.a(_udivmodsi4.o)
 .text.libgcc.div
                0x0000000000007102       0x44 /usr/lib/gcc/avr/4.8.2/avr5/libgcc.a(_udivmodsi4.o)
                0x0000000000007102                __udivmodsi4
 .text.libgcc   0x0000000000007146        0x0 /usr/lib/gcc/avr/4.8.2/avr5/libgcc.a(_udivmodsi4.o)
 .text.libgcc.prologue
                0x0000000000007146        0x0 /usr/lib/gcc/avr/4.8.2/avr5/libgcc.a(_udivmodsi4.o)
 .text.libgcc.builtins
                0x0000000000007146        0x0 /usr/lib/gcc/avr/4.8.2/avr5/libgcc.a(_udivmodsi4.o)
 .text.libgcc.fmul
                0x0000000000007146        0x0 /usr/lib/gcc/avr/4.8.2/avr5/libgcc.a(_udivmodsi4.o)
 .text.libgcc.fixed
                0x0000000000007146        0x0 /usr/lib/gcc/avr/4.8.2/avr5/libgcc.a(_udivmodsi4.o)
 .text.libgcc.mul
                0x0000000000007146        0x0 /usr/lib/gcc/avr/4.8.2/avr5/libgcc.a(_divmodsi4.o)
 .text.libgcc.div
                0x0000000000007146       0x2e /usr/lib/gcc/avr/4.8.2/avr5/libgcc.a(_divmodsi4.o)
                0x0000000000007146                __divmodsi4
 .text.libgcc   0x0000000000007174        0x0 /usr/lib/gcc/avr/4.8.2/avr5/libgcc.a(_divmodsi4.o)
 .text.libgcc.prologue
                0x0000000000007174        0x0 /usr/lib/gcc/avr/4.8.2/avr5/libgcc.a(_divmodsi4.o)
 .text.libgcc.builtins
                0x0000000000007174        0x0 /usr/lib/gcc/avr/4.8.2/avr5/libgcc.a(_divmodsi4.o)
 .text.libgcc.fmul
                0x0000000000007174        0x0 /usr/lib/gcc/avr/4.8.2/avr5/libgcc.a(_divmodsi4.o)
 .text.libgcc.fixed
                0x0000000000007174        0x0 /usr/lib/gcc/avr/4.8.2/avr5/libgcc.a(_divmodsi4.o)
 .text.libgcc.mul
                0x0000000000007174        0x0 /usr/lib/gcc/avr/4.8.2/avr5/libgcc.a(_udivdi3.o)
 .text.libgcc.div
                0x0000000000007174       0x1c /usr/lib/gcc/avr/4.8.2/avr5/libgcc.a(_udivdi3.o)
                0x0000000000007174                __umoddi3
                0x0000000000007178                __udivdi3
                0x000000000000717a                __udivdi3_umoddi3
 .text.libgcc   0x0000000000007190        0x0 /usr/lib/gcc/avr/4.8.2/avr5/libgcc.a(_udivdi3.o)
 .text.libgcc.prologue
                0x0000000000007190        0x0 /usr/lib/gcc/avr/4.8.2/avr5/libgcc.a(_udivdi3.o)
 .text.libgcc.builtins
                0x0000000000007190        0x0 /usr/lib/gcc/avr/4.8.2/avr5/libgcc.a(_udivdi3.o)
 .text.libgcc.fmul
                0x0000000000007190        0x0 /usr/lib/gcc/avr/4.8.2/avr5/libgcc.a(_udivdi3.o)
 .text.libgcc.fixed
                0x0000000000007190        0x0 /usr/lib/gcc/avr/4.8.2/avr5/libgcc.a(_udivdi3.o)
 .text.libgcc.mul
                0x0000000000007190        0x0 /usr/lib/gcc/avr/4.8.2/avr5/libgcc.a(_udivmod64.o)
 .text.libgcc.div
                0x0000000000007190       0xa2 /usr/lib/gcc/avr/4.8.2/avr5/libgcc.a(_udivmod64.o)
                0x0000000000007190                __udivmod64
 .text.libgcc   0x0000000000007232        0x0 /usr/lib/gcc/avr/4.8.2/avr5/libgcc.a(_udivmod64.o)
 .text.libgcc.prologue
                0x0000000000007232        0x0 /usr/lib/gcc/avr/4.8.2/avr5/libgcc.a(_udivmod64.o)
 .text.libgcc.builtins
                0x0000000000007232        0x0 /usr/lib/gcc/avr/4.8.2/avr5/libgcc.a(_udivmod64.o)
 .text.libgcc.fmul
                0x0000000000007232        0x0 /usr/lib/gcc/avr/4.8.2/avr5/libgcc.a(_udivmod64.o)
 .text.libgcc.fixed
                0x0000000000007232        0x0 /usr/lib/gcc/avr/4.8.2/avr5/libgcc.a(_udivmod64.o)
 .text.libgcc.mul
                0x0000000000007232        0x0 /usr/lib/gcc/avr/4.8.2/avr5/libgcc.a(_negsi2.o)
 .text.libgcc.div
                0x0000000000007232       0x10 /usr/lib/gcc/avr/4.8.2/avr5/libgcc.a(_negsi2.o)
                0x0000000000007232                __negsi2
 .text.libgcc   0x0000000000007242        0x0 /usr/lib/gcc/avr/4.8.2/avr5/libgcc.a(_negsi2.o)
 .text.libgcc.prologue
                0x0000000000007242        0x0 /usr/lib/gcc/avr/4.8.2/avr5/libgcc.a(_negsi2.o)
 .text.libgcc.builtins
                0x0000000000007242        0x0 /usr/lib/gcc/avr/4.8.2/avr5/libgcc.a(_negsi2.o)
 .text.libgcc.fmul
                0x0000000000007242        0x0 /usr/lib/gcc/avr/4.8.2/avr5/libgcc.a(_negsi2.o)
 .text.libgcc.fixed
                0x0000000000007242        0x0 /usr/lib/gcc/avr/4.8.2/avr5/libgcc.a(_negsi2.o)
 .text.libgcc.mul
                0x0000000000007242        0x0 /usr/lib/gcc/avr/4.8.2/avr5/libgcc.a(_prologue.o)
 .text.libgcc.div
                0x0000000000007242        0x0 /usr/lib/gcc/avr/4.8.2/avr5/libgcc.a(_prologue.o)
 .text.libgcc   0x0000000000007242        0x0 /usr/lib/gcc/avr/4.8.2/avr5/libgcc.a(_prologue.o)
 .text.libgcc.prologue
                0x0000000000007242       0x38 /usr/lib/gcc/avr/4.8.2/avr5/libgcc.a(_prologue.o)
                0x0000000000007242                __prologue_saves__
 .text.libgcc.builtins
                0x000000000000727a        0x0 /usr/lib/gcc/avr/4.8.2/avr5/libgcc.a(_prologue.o)
 .text.libgcc.fmul
                0x000000000000727a        0x0 /usr/lib/gcc/avr/4.8.2/avr5/libgcc.a(_prologue.o)
 .text.libgcc.fixed
                0x000000000000727a        0x0 /usr/lib/gcc/avr/4.8.2/avr5/libgcc.a(_prologue.o)
 .text.libgcc.mul
                0x000000000000727a        0x0 /usr/lib/gcc/avr/4.8.2/avr5/libgcc.a(_epilogue.o)
 .text.libgcc.div
                0x000000000000727a        0x0 /usr/lib/gcc/avr/4.8.2/avr5/libgcc.a(_epilogue.o)
 .text.libgcc   0x000000000000727a        0x0 /usr/lib/gcc/avr/4.8.2/avr5/libgcc.a(_epilogue.o)
 .text.libgcc.prologue
                0x000000000000727a       0x36 /usr/lib/gcc/avr/4.8.2/avr5/libgcc.a(_epilogue.o)
                0x000000000000727a                __epilogue_restores__
 .text.libgcc.builtins
                0x00000000000072b0        0x0 /usr/lib/gcc/avr/4.8.2/avr5/libgcc.a(_epilogue.o)
 .text.libgcc.fmul
                0x00000000000072b0        0x0 /usr/lib/gcc/avr/4.8.2/avr5/libgcc.a(_epilogue.o)
 .text.libgcc.fixed
                0x00000000000072b0        0x0 /usr/lib/gcc/avr/4.8.2/avr5/libgcc.a(_epilogue.o)
 .text.libgcc.mul
                0x00000000000072b0        0x0 /usr/lib/gcc/avr/4.8.2/avr5/libgcc.a(_exit.o)
 .text.libgcc.div
                0x00000000000072b0        0x0 /usr/lib/gcc/avr/4.8.2/avr5/libgcc.a(_exit.o)
 .text.libgcc   0x00000000000072b0        0x0 /usr/lib/gcc/avr/4.8.2/avr5/libgcc.a(_exit.o)
 .text.libgcc.prologue
                0x00000000000072b0        0x0 /usr/lib/gcc/avr/4.8.2/avr5/libgcc.a(_exit.o)
 .text.libgcc.builtins
                0x00000000000072b0        0x0 /usr/lib/gcc/avr/4.8.2/avr5/libgcc.a(_exit.o)
 .text.libgcc.fmul
                0x00000000000072b0        0x0 /usr/lib/gcc/avr/4.8.2/avr5/libgcc.a(_exit.o)
 .text.libgcc.fixed
                0x00000000000072b0        0x0 /usr/lib/gcc/avr/4.8.2/avr5/libgcc.a(_exit.o)
 .text.libgcc.mul
                0x00000000000072b0        0x0 /usr/lib/gcc/avr/4.8.2/avr5/libgcc.a(_tablejump.o)
 .text.libgcc.div
                0x00000000000072b0        0x0 /usr/lib/gcc/avr/4.8.2/avr5/libgcc.a(_tablejump.o)
 .text.libgcc   0x00000000000072b0        0xc /usr/lib/gcc/avr/4.8.2/avr5/libgcc.a(_tablejump.o)
                0x00000000000072b0                __tablejump2__
                0x00000000000072b4                __tablejump__
 .text.libgcc.prologue
                0x00000000000072bc        0x0 /usr/lib/gcc/avr/4.8.2/avr5/libgcc.a(_tablejump.o)
 .text.libgcc.builtins
                0x00000000000072bc        0x0 /usr/lib/gcc/avr/4.8.2/avr5/libgcc.a(_tablejump.o)
 .text.libgcc.fmul
                0x00000000000072bc        0x0 /usr/lib/gcc/avr/4.8.2/avr5/libgcc.a(_tablejump.o)
 .text.libgcc.fixed
                0x00000000000072bc        0x0 /usr/lib/gcc/avr/4.8.2/avr5/libgcc.a(_tablejump.o)
 .text.libgcc.mul
                0x00000000000072bc        0x0 /usr/lib/gcc/avr/4.8.2/avr5/libgcc.a(_clear_bss.o)
 .text.libgcc.div
                0x00000000000072bc        0x0 /usr/lib/gcc/avr/4.8.2/avr5/libgcc.a(_clear_bss.o)
 .text.libgcc   0x00000000000072bc        0x0 /usr/lib/gcc/avr/4.8.2/avr5/libgcc.a(_clear_bss.o)
 .text.libgcc.prologue
                0x00000000000072bc        0x0 /usr/lib/gcc/avr/4.8.2/avr5/libgcc.a(_clear_bss.o)
 .text.libgcc.builtins
                0x00000000000072bc        0x0 /usr/lib/gcc/avr/4.8.2/avr5/libgcc.a(_clear_bss.o)
 .text.libgcc.fmul
                0x00000000000072bc        0x0 /usr/lib/gcc/avr/4.8.2/avr5/libgcc.a(_clear_bss.o)
 .text.libgcc.fixed
                0x00000000000072bc        0x0 /usr/lib/gcc/avr/4.8.2/avr5/libgcc.a(_clear_bss.o)
 .text.libgcc.mul
                0x00000000000072bc        0x0 /usr/lib/gcc/avr/4.8.2/avr5/libgcc.a(_ashldi3.o)
 .text.libgcc.div
                0x00000000000072bc        0x0 /usr/lib/gcc/avr/4.8.2/avr5/libgcc.a(_ashldi3.o)
 .text.libgcc   0x00000000000072bc        0x0 /usr/lib/gcc/avr/4.8.2/avr5/libgcc.a(_ashldi3.o)
 .text.libgcc.prologue
                0x00000000000072bc        0x0 /usr/lib/gcc/avr/4.8.2/avr5/libgcc.a(_ashldi3.o)
 .text.libgcc.builtins
                0x00000000000072bc       0x32 /usr/lib/gcc/avr/4.8.2/avr5/libgcc.a(_ashldi3.o)
                0x00000000000072bc                __ashldi3
 .text.libgcc.fmul
                0x00000000000072ee        0x0 /usr/lib/gcc/avr/4.8.2/avr5/libgcc.a(_ashldi3.o)
 .text.libgcc.fixed
                0x00000000000072ee        0x0 /usr/lib/gcc/avr/4.8.2/avr5/libgcc.a(_ashldi3.o)
 .text.libgcc.mul
                0x00000000000072ee        0x0 /usr/lib/gcc/avr/4.8.2/avr5/libgcc.a(_subdi3.o)
 .text.libgcc.div
                0x00000000000072ee        0x0 /usr/lib/gcc/avr/4.8.2/avr5/libgcc.a(_subdi3.o)
 .text.libgcc   0x00000000000072ee       0x12 /usr/lib/gcc/avr/4.8.2/avr5/libgcc.a(_subdi3.o)
                0x00000000000072ee                __subdi3
 .text.libgcc.prologue
                0x0000000000007300        0x0 /usr/lib/gcc/avr/4.8.2/avr5/libgcc.a(_subdi3.o)
 .text.libgcc.builtins
                0x0000000000007300        0x0 /usr/lib/gcc/avr/4.8.2/avr5/libgcc.a(_subdi3.o)
 .text.libgcc.fmul
                0x0000000000007300        0x0 /usr/lib/gcc/avr/4.8.2/avr5/libgcc.a(_subdi3.o)
 .text.libgcc.fixed
                0x0000000000007300        0x0 /usr/lib/gcc/avr/4.8.2/avr5/libgcc.a(_subdi3.o)
 .text.avr-libc
                0x0000000000007300       0x4a /usr/lib/gcc/avr/4.8.2/../../../avr/lib/avr5/libc.a(ultoa.o)
                0x0000000000007300                ultoa
 .text.avr-libc
                0x000000000000734a       0x2c /usr/lib/gcc/avr/4.8.2/../../../avr/lib/avr5/libc.a(utoa.o)
                0x000000000000734a                utoa
 .text.avr-libc
                0x0000000000007376       0x10 /usr/lib/gcc/avr/4.8.2/../../../avr/lib/avr5/libc.a(eerd_byte_atmega328p.o)
                0x0000000000007376                __eerd_byte_m328p
 .text.avr-libc
                0x0000000000007386        0xc /usr/lib/gcc/avr/4.8.2/../../../avr/lib/avr5/libc.a(eerd_word_atmega328p.o)
                0x0000000000007386                __eerd_word_m328p
 .text.avr-libc
                0x0000000000007392       0x1c /usr/lib/gcc/avr/4.8.2/../../../avr/lib/avr5/libc.a(eewr_byte_atmega328p.o)
                0x0000000000007392                __eewr_byte_m328p
                0x0000000000007394                __eewr_r18_m328p
 .text.avr-libc
                0x00000000000073ae        0xa /usr/lib/gcc/avr/4.8.2/../../../avr/lib/avr5/libc.a(eewr_word_atmega328p.o)
                0x00000000000073ae                __eewr_word_m328p
 .text.avr-libc
                0x00000000000073b8       0x20 /usr/lib/gcc/avr/4.8.2/../../../avr/lib/avr5/libc.a(strrev.o)
                0x00000000000073b8                strrev
 .text.avr-libc
                0x00000000000073d8       0x20 /usr/lib/gcc/avr/4.8.2/../../../avr/lib/avr5/libc.a(eerd_block_atmega328p.o)
                0x00000000000073d8                __eerd_block_m328p
                0x00000000000073dc                __eerd_blraw_m328p
                0x00000000000073f8                . = ALIGN (0x2)
 *(.fini9)
 .fini9         0x00000000000073f8        0x0 /usr/lib/gcc/avr/4.8.2/avr5/libgcc.a(_exit.o)
                0x00000000000073f8                exit
                0x00000000000073f8                _exit
 *(.fini9)
 *(.fini8)
 *(.fini8)
 *(.fini7)
 *(.fini7)
 *(.fini6)
 *(.fini6)
 *(.fini5)
 *(.fini5)
 *(.fini4)
 *(.fini4)
 *(.fini3)
 *(.fini3)
 *(.fini2)
 *(.fini2)
 *(.fini1)
 *(.fini1)
 *(.fini0)
 .fini0         0x00000000000073f8        0x4 /usr/lib/gcc/avr/4.8.2/avr5/libgcc.a(_exit.o)
 *(.fini0)
                0x00000000000073fc                _etext = .

.data           0x0000000000800100        0x0 load address 0x00000000000073fc
                0x0000000000800100                PROVIDE (__data_start, .)
 *(.data)
 .data          0x0000000000800100        0x0 /usr/lib/gcc/avr/4.8.2/../../../avr/lib/avr5/crtm328p.o
 .data          0x0000000000800100        0x0 lcd_hw_4_bit.o
 .data          0x0000000000800100        0x0 lcd-routines.o
 .data          0x0000000000800100        0x0 i2lcd.o
 .data          0x0000000000800100        0x0 PinLayout.o
 .data          0x0000000000800100        0x0 RvalOut.o
 .data          0x0000000000800100        0x0 UfAusgabe.o
 .data          0x0000000000800100        0x0 DisplayValue.o
 .data          0x0000000000800100        0x0 font.o
 .data          0x0000000000800100        0x0 lcd-draw.o
 .data          0x0000000000800100        0x0 swuart.o
 .data          0x0000000000800100        0x0 wait1000ms.o
 .data          0x0000000000800100        0x0 sleep_5ms.o
 .data          0x0000000000800100        0x0 ReadADC.o
 .data          0x0000000000800100        0x0 wait_for_key_ms.o
 .data          0x0000000000800100        0x0 RefVoltage.o
 .data          0x0000000000800100        0x0 get_log.o
 .data          0x0000000000800100        0x0 main.o
 .data          0x0000000000800100        0x0 CheckPins.o
 .data          0x0000000000800100        0x0 ChargePin10ms.o
 .data          0x0000000000800100        0x0 EntladePins.o
 .data          0x0000000000800100        0x0 ReadCapacity.o
 .data          0x0000000000800100        0x0 GetRLmultip.o
 .data          0x0000000000800100        0x0 Calibrate_UR.o
 .data          0x0000000000800100        0x0 ReadInductance.o
 .data          0x0000000000800100        0x0 GetESR.o
 .data          0x0000000000800100        0x0 GetVloss.o
 .data          0x0000000000800100        0x0 GetFrequency.o
 .data          0x0000000000800100        0x0 function_menu.o
 .data          0x0000000000800100        0x0 message_key_released.o
 .data          0x0000000000800100        0x0 ReadBigCap.o
 .data          0x0000000000800100        0x0 CheckRotaryEncoder.o
 .data          0x0000000000800100        0x0 CalibrationCap.o
 .data          0x0000000000800100        0x0 ShowData.o
 .data          0x0000000000800100        0x0 EE_check_init.o
 .data          0x0000000000800100        0x0 /usr/lib/gcc/avr/4.8.2/avr5/libgcc.a(_umulhisi3.o)
 .data          0x0000000000800100        0x0 /usr/lib/gcc/avr/4.8.2/avr5/libgcc.a(_usmulhisi3.o)
 .data          0x0000000000800100        0x0 /usr/lib/gcc/avr/4.8.2/avr5/libgcc.a(_muluhisi3.o)
 .data          0x0000000000800100        0x0 /usr/lib/gcc/avr/4.8.2/avr5/libgcc.a(_mulsi3.o)
 .data          0x0000000000800100        0x0 /usr/lib/gcc/avr/4.8.2/avr5/libgcc.a(_udivmodhi4.o)
 .data          0x0000000000800100        0x0 /usr/lib/gcc/avr/4.8.2/avr5/libgcc.a(_divmodhi4.o)
 .data          0x0000000000800100        0x0 /usr/lib/gcc/avr/4.8.2/avr5/libgcc.a(_udivmodsi4.o)
 .data          0x0000000000800100        0x0 /usr/lib/gcc/avr/4.8.2/avr5/libgcc.a(_divmodsi4.o)
 .data          0x0000000000800100        0x0 /usr/lib/gcc/avr/4.8.2/avr5/libgcc.a(_udivdi3.o)
 .data          0x0000000000800100        0x0 /usr/lib/gcc/avr/4.8.2/avr5/libgcc.a(_udivmod64.o)
 .data          0x0000000000800100        0x0 /usr/lib/gcc/avr/4.8.2/avr5/libgcc.a(_negsi2.o)
 .data          0x0000000000800100        0x0 /usr/lib/gcc/avr/4.8.2/avr5/libgcc.a(_prologue.o)
 .data          0x0000000000800100        0x0 /usr/lib/gcc/avr/4.8.2/avr5/libgcc.a(_epilogue.o)
 .data          0x0000000000800100        0x0 /usr/lib/gcc/avr/4.8.2/avr5/libgcc.a(_exit.o)
 .data          0x0000000000800100        0x0 /usr/lib/gcc/avr/4.8.2/avr5/libgcc.a(_tablejump.o)
 .data          0x0000000000800100        0x0 /usr/lib/gcc/avr/4.8.2/avr5/libgcc.a(_clear_bss.o)
 .data          0x0000000000800100        0x0 /usr/lib/gcc/avr/4.8.2/avr5/libgcc.a(_ashldi3.o)
 .data          0x0000000000800100        0x0 /usr/lib/gcc/avr/4.8.2/avr5/libgcc.a(_subdi3.o)
 .data          0x0000000000800100        0x0 /usr/lib/gcc/avr/4.8.2/../../../avr/lib/avr5/libc.a(ultoa.o)
 .data          0x0000000000800100        0x0 /usr/lib/gcc/avr/4.8.2/../../../avr/lib/avr5/libc.a(utoa.o)
 .data          0x0000000000800100        0x0 /usr/lib/gcc/avr/4.8.2/../../../avr/lib/avr5/libc.a(eerd_byte_atmega328p.o)
 .data          0x0000000000800100        0x0 /usr/lib/gcc/avr/4.8.2/../../../avr/lib/avr5/libc.a(eerd_word_atmega328p.o)
 .data          0x0000000000800100        0x0 /usr/lib/gcc/avr/4.8.2/../../../avr/lib/avr5/libc.a(eewr_byte_atmega328p.o)
 .data          0x0000000000800100        0x0 /usr/lib/gcc/avr/4.8.2/../../../avr/lib/avr5/libc.a(eewr_word_atmega328p.o)
 .data          0x0000000000800100        0x0 /usr/lib/gcc/avr/4.8.2/../../../avr/lib/avr5/libc.a(strrev.o)
 .data          0x0000000000800100        0x0 /usr/lib/gcc/avr/4.8.2/../../../avr/lib/avr5/libc.a(eerd_block_atmega328p.o)
 *(.data*)
 *(.rodata)
 *(.rodata*)
 *(.gnu.linkonce.d*)
                0x0000000000800100                . = ALIGN (0x2)
                0x0000000000800100                _edata = .
                0x0000000000800100                PROVIDE (__data_end, .)

.bss            0x0000000000800100      0x4b4
                0x0000000000800100                PROVIDE (__bss_start, .)
 *(.bss)
 .bss           0x0000000000800100        0x0 /usr/lib/gcc/avr/4.8.2/../../../avr/lib/avr5/crtm328p.o
 .bss           0x0000000000800100        0x0 lcd_hw_4_bit.o
 .bss           0x0000000000800100        0x0 lcd-routines.o
 .bss           0x0000000000800100        0x0 i2lcd.o
 .bss           0x0000000000800100        0x0 PinLayout.o
 .bss           0x0000000000800100        0x0 RvalOut.o
 .bss           0x0000000000800100        0x0 UfAusgabe.o
 .bss           0x0000000000800100        0x0 DisplayValue.o
 .bss           0x0000000000800100        0x0 font.o
 .bss           0x0000000000800100        0x0 lcd-draw.o
 .bss           0x0000000000800100        0x0 swuart.o
 .bss           0x0000000000800100        0x0 wait1000ms.o
 .bss           0x0000000000800100        0x0 sleep_5ms.o
 .bss           0x0000000000800100        0x0 ReadADC.o
 .bss           0x0000000000800100        0x0 wait_for_key_ms.o
 .bss           0x0000000000800100        0x0 RefVoltage.o
 .bss           0x0000000000800100        0x0 get_log.o
 .bss           0x0000000000800100        0x0 main.o
 .bss           0x0000000000800100        0x0 CheckPins.o
 .bss           0x0000000000800100        0x0 ChargePin10ms.o
 .bss           0x0000000000800100        0x0 EntladePins.o
 .bss           0x0000000000800100        0x0 ReadCapacity.o
 .bss           0x0000000000800100        0x0 GetRLmultip.o
 .bss           0x0000000000800100        0x0 Calibrate_UR.o
 .bss           0x0000000000800100        0x0 ReadInductance.o
 .bss           0x0000000000800100        0x0 GetESR.o
 .bss           0x0000000000800100        0x0 GetVloss.o
 .bss           0x0000000000800100        0x0 GetFrequency.o
 .bss           0x0000000000800100        0x0 function_menu.o
 .bss           0x0000000000800100        0x0 message_key_released.o
 .bss           0x0000000000800100        0x0 ReadBigCap.o
 .bss           0x0000000000800100        0x0 CheckRotaryEncoder.o
 .bss           0x0000000000800100        0x0 CalibrationCap.o
 .bss           0x0000000000800100        0x0 ShowData.o
 .bss           0x0000000000800100        0x0 EE_check_init.o
 .bss           0x0000000000800100        0x0 /usr/lib/gcc/avr/4.8.2/avr5/libgcc.a(_umulhisi3.o)
 .bss           0x0000000000800100        0x0 /usr/lib/gcc/avr/4.8.2/avr5/libgcc.a(_usmulhisi3.o)
 .bss           0x0000000000800100        0x0 /usr/lib/gcc/avr/4.8.2/avr5/libgcc.a(_muluhisi3.o)
 .bss           0x0000000000800100        0x0 /usr/lib/gcc/avr/4.8.2/avr5/libgcc.a(_mulsi3.o)
 .bss           0x0000000000800100        0x0 /usr/lib/gcc/avr/4.8.2/avr5/libgcc.a(_udivmodhi4.o)
 .bss           0x0000000000800100        0x0 /usr/lib/gcc/avr/4.8.2/avr5/libgcc.a(_divmodhi4.o)
 .bss           0x0000000000800100        0x0 /usr/lib/gcc/avr/4.8.2/avr5/libgcc.a(_udivmodsi4.o)
 .bss           0x0000000000800100        0x0 /usr/lib/gcc/avr/4.8.2/avr5/libgcc.a(_divmodsi4.o)
 .bss           0x0000000000800100        0x0 /usr/lib/gcc/avr/4.8.2/avr5/libgcc.a(_udivdi3.o)
 .bss           0x0000000000800100        0x0 /usr/lib/gcc/avr/4.8.2/avr5/libgcc.a(_udivmod64.o)
 .bss           0x0000000000800100        0x0 /usr/lib/gcc/avr/4.8.2/avr5/libgcc.a(_negsi2.o)
 .bss           0x0000000000800100        0x0 /usr/lib/gcc/avr/4.8.2/avr5/libgcc.a(_prologue.o)
 .bss           0x0000000000800100        0x0 /usr/lib/gcc/avr/4.8.2/avr5/libgcc.a(_epilogue.o)
 .bss           0x0000000000800100        0x0 /usr/lib/gcc/avr/4.8.2/avr5/libgcc.a(_exit.o)
 .bss           0x0000000000800100        0x0 /usr/lib/gcc/avr/4.8.2/avr5/libgcc.a(_tablejump.o)
 .bss           0x0000000000800100        0x0 /usr/lib/gcc/avr/4.8.2/avr5/libgcc.a(_clear_bss.o)
 .bss           0x0000000000800100        0x0 /usr/lib/gcc/avr/4.8.2/avr5/libgcc.a(_ashldi3.o)
 .bss           0x0000000000800100        0x0 /usr/lib/gcc/avr/4.8.2/avr5/libgcc.a(_subdi3.o)
 .bss           0x0000000000800100        0x0 /usr/lib/gcc/avr/4.8.2/../../../avr/lib/avr5/libc.a(ultoa.o)
 .bss           0x0000000000800100        0x0 /usr/lib/gcc/avr/4.8.2/../../../avr/lib/avr5/libc.a(utoa.o)
 .bss           0x0000000000800100        0x0 /usr/lib/gcc/avr/4.8.2/../../../avr/lib/avr5/libc.a(eerd_byte_atmega328p.o)
 .bss           0x0000000000800100        0x0 /usr/lib/gcc/avr/4.8.2/../../../avr/lib/avr5/libc.a(eerd_word_atmega328p.o)
 .bss           0x0000000000800100        0x0 /usr/lib/gcc/avr/4.8.2/../../../avr/lib/avr5/libc.a(eewr_byte_atmega328p.o)
 .bss           0x0000000000800100        0x0 /usr/lib/gcc/avr/4.8.2/../../../avr/lib/avr5/libc.a(eewr_word_atmega328p.o)
 .bss           0x0000000000800100        0x0 /usr/lib/gcc/avr/4.8.2/../../../avr/lib/avr5/libc.a(strrev.o)
 .bss           0x0000000000800100        0x0 /usr/lib/gcc/avr/4.8.2/../../../avr/lib/avr5/libc.a(eerd_block_atmega328p.o)
 *(.bss*)
 *(COMMON)
 COMMON         0x0000000000800100        0xd lcd-routines.o
                0x0000000000800100                inductor_lpre
                0x0000000000800101                _page
                0x0000000000800102                cell_mv
                0x0000000000800108                inductor_lx
                0x000000000080010c                _xpos
 COMMON         0x000000000080010d      0x4a7 main.o
                0x000000000080010d                diode_sequence
                0x000000000080010e                ext_freq
                0x0000000000800112                display_time
                0x0000000000800114                resis680mi
                0x0000000000800116                ref_mv_offs
                0x0000000000800118                NumOfDiodes
                0x0000000000800119                PartMode
                0x000000000080011a                PartFound
                0x000000000080011b                resis680pl
                0x000000000080011d                tmpval
                0x000000000080011e                mess_count
                0x000000000080011f                outval
                0x0000000000800129                resis
                0x0000000000800141                ADCconfig
                0x0000000000800147                pin_rpl
                0x0000000000800149                ref_mv
                0x000000000080014b                OutBuffer
                0x0000000000800155                lcd_bit_mem
                0x0000000000800555                tmpval2
                0x0000000000800556                UnCalibrated
                0x0000000000800557                pin_rmi
                0x0000000000800559                WithReference
                0x000000000080055a                _trans
                0x000000000080055c                ntrans
                0x000000000080056a                empty_count
                0x000000000080056b                pin_combination
                0x000000000080056c                ovcnt16
                0x000000000080056e                ptrans
                0x000000000080057c                pinchange_max
                0x000000000080057e                pinchange_count
                0x0000000000800580                adc_internal_reference
                0x0000000000800582                ResistorsFound
                0x0000000000800583                unfinished
                0x0000000000800584                RHmultip
                0x0000000000800586                cap
                0x000000000080059a                load_diff
                0x000000000080059c                diodes
                0x00000000008005b4                PROVIDE (__bss_end, .)
                0x00000000000073fc                __data_load_start = LOADADDR (.data)
                0x00000000000073fc                __data_load_end = (__data_load_start + SIZEOF (.data))

.noinit         0x00000000008005b4        0x0
                0x00000000008005b4                PROVIDE (__noinit_start, .)
 *(.noinit*)
                0x00000000008005b4                PROVIDE (__noinit_end, .)
                0x00000000008005b4                _end = .
                0x00000000008005b4                PROVIDE (__heap_start, .)

.eeprom         0x0000000000810000        0xe
 *(.eeprom*)
 .eeprom        0x0000000000810000        0xe main.o
                0x0000000000810000                EE_ESR_ZEROtab
                0x0000000000810004                c_zero_tab
                0x000000000081000b                ref_offset
                0x000000000081000d                RefDiff
                0x000000000081000e                __eeprom_end = .

.fuse
 *(.fuse)
 *(.lfuse)
 *(.hfuse)
 *(.efuse)

.lock
 *(.lock*)

.signature
 *(.signature*)

.user_signatures
 *(.user_signatures*)

.stab           0x0000000000000000      0xdec
 *(.stab)
 .stab          0x0000000000000000      0x6cc /usr/lib/gcc/avr/4.8.2/../../../avr/lib/avr5/crtm328p.o
 .stab          0x00000000000006cc      0x1e0 /usr/lib/gcc/avr/4.8.2/../../../avr/lib/avr5/libc.a(ultoa.o)
                                        0x1ec (size before relaxing)
 .stab          0x00000000000008ac      0x12c /usr/lib/gcc/avr/4.8.2/../../../avr/lib/avr5/libc.a(utoa.o)
                                        0x138 (size before relaxing)
 .stab          0x00000000000009d8       0x90 /usr/lib/gcc/avr/4.8.2/../../../avr/lib/avr5/libc.a(eerd_byte_atmega328p.o)
                                         0x9c (size before relaxing)
 .stab          0x0000000000000a68       0x6c /usr/lib/gcc/avr/4.8.2/../../../avr/lib/avr5/libc.a(eerd_word_atmega328p.o)
                                         0x78 (size before relaxing)
 .stab          0x0000000000000ad4       0xe4 /usr/lib/gcc/avr/4.8.2/../../../avr/lib/avr5/libc.a(eewr_byte_atmega328p.o)
                                         0xf0 (size before relaxing)
 .stab          0x0000000000000bb8       0x54 /usr/lib/gcc/avr/4.8.2/../../../avr/lib/avr5/libc.a(eewr_word_atmega328p.o)
                                         0x60 (size before relaxing)
 .stab          0x0000000000000c0c       0xd8 /usr/lib/gcc/avr/4.8.2/../../../avr/lib/avr5/libc.a(strrev.o)
                                         0xe4 (size before relaxing)
 .stab          0x0000000000000ce4      0x108 /usr/lib/gcc/avr/4.8.2/../../../avr/lib/avr5/libc.a(eerd_block_atmega328p.o)
                                        0x114 (size before relaxing)

.stabstr        0x0000000000000000      0x1d4
 *(.stabstr)
 .stabstr       0x0000000000000000      0x1d4 /usr/lib/gcc/avr/4.8.2/../../../avr/lib/avr5/crtm328p.o

.stab.excl
 *(.stab.excl)

.stab.exclstr
 *(.stab.exclstr)

.stab.index
 *(.stab.index)

.stab.indexstr
 *(.stab.indexstr)

.comment        0x0000000000000000       0x11
 *(.comment)
 .comment       0x0000000000000000       0x11 lcd-routines.o
                                         0x12 (size before relaxing)
 .comment       0x0000000000000000       0x12 DisplayValue.o
 .comment       0x0000000000000000       0x12 font.o
 .comment       0x0000000000000000       0x12 lcd-draw.o
 .comment       0x0000000000000000       0x12 wait_for_key_ms.o
 .comment       0x0000000000000000       0x12 main.o
 .comment       0x0000000000000000       0x12 CheckPins.o
 .comment       0x0000000000000000       0x12 ChargePin10ms.o
 .comment       0x0000000000000000       0x12 EntladePins.o
 .comment       0x0000000000000000       0x12 ReadCapacity.o
 .comment       0x0000000000000000       0x12 Calibrate_UR.o
 .comment       0x0000000000000000       0x12 ReadInductance.o
 .comment       0x0000000000000000       0x12 GetVloss.o
 .comment       0x0000000000000000       0x12 GetFrequency.o
 .comment       0x0000000000000000       0x12 function_menu.o
 .comment       0x0000000000000000       0x12 message_key_released.o
 .comment       0x0000000000000000       0x12 ReadBigCap.o
 .comment       0x0000000000000000       0x12 CheckRotaryEncoder.o
 .comment       0x0000000000000000       0x12 CalibrationCap.o
 .comment       0x0000000000000000       0x12 ShowData.o
 .comment       0x0000000000000000       0x12 EE_check_init.o

.debug
 *(.debug)

.line
 *(.line)

.debug_srcinfo
 *(.debug_srcinfo)

.debug_sfnames
 *(.debug_sfnames)

.debug_aranges  0x0000000000000000      0x438
 *(.debug_aranges)
 .debug_aranges
                0x0000000000000000       0x20 lcd_hw_4_bit.o
 .debug_aranges
                0x0000000000000020       0x20 lcd-routines.o
 .debug_aranges
                0x0000000000000040       0x20 i2lcd.o
 .debug_aranges
                0x0000000000000060       0x20 PinLayout.o
 .debug_aranges
                0x0000000000000080       0x20 RvalOut.o
 .debug_aranges
                0x00000000000000a0       0x20 UfAusgabe.o
 .debug_aranges
                0x00000000000000c0       0x20 DisplayValue.o
 .debug_aranges
                0x00000000000000e0       0x18 font.o
 .debug_aranges
                0x00000000000000f8       0x20 lcd-draw.o
 .debug_aranges
                0x0000000000000118       0x20 swuart.o
 .debug_aranges
                0x0000000000000138       0x20 wait1000ms.o
 .debug_aranges
                0x0000000000000158       0x20 sleep_5ms.o
 .debug_aranges
                0x0000000000000178       0x20 ReadADC.o
 .debug_aranges
                0x0000000000000198       0x20 wait_for_key_ms.o
 .debug_aranges
                0x00000000000001b8       0x20 RefVoltage.o
 .debug_aranges
                0x00000000000001d8       0x20 get_log.o
 .debug_aranges
                0x00000000000001f8       0x28 main.o
 .debug_aranges
                0x0000000000000220       0x20 CheckPins.o
 .debug_aranges
                0x0000000000000240       0x20 ChargePin10ms.o
 .debug_aranges
                0x0000000000000260       0x20 EntladePins.o
 .debug_aranges
                0x0000000000000280       0x20 ReadCapacity.o
 .debug_aranges
                0x00000000000002a0       0x20 GetRLmultip.o
 .debug_aranges
                0x00000000000002c0       0x20 Calibrate_UR.o
 .debug_aranges
                0x00000000000002e0       0x20 ReadInductance.o
 .debug_aranges
                0x0000000000000300       0x20 GetESR.o
 .debug_aranges
                0x0000000000000320       0x20 GetVloss.o
 .debug_aranges
                0x0000000000000340       0x20 GetFrequency.o
 .debug_aranges
                0x0000000000000360       0x20 function_menu.o
 .debug_aranges
                0x0000000000000380       0x20 message_key_released.o
 .debug_aranges
                0x00000000000003a0       0x20 ReadBigCap.o
 .debug_aranges
                0x00000000000003c0       0x20 CheckRotaryEncoder.o
 .debug_aranges
                0x00000000000003e0       0x18 CalibrationCap.o
 .debug_aranges
                0x00000000000003f8       0x20 ShowData.o
 .debug_aranges
                0x0000000000000418       0x20 EE_check_init.o

.debug_pubnames
 *(.debug_pubnames)

.debug_info     0x0000000000000000     0x904f
 *(.debug_info)
 .debug_info    0x0000000000000000       0x84 lcd_hw_4_bit.o
 .debug_info    0x0000000000000084      0x96c lcd-routines.o
 .debug_info    0x00000000000009f0       0x7d i2lcd.o
 .debug_info    0x0000000000000a6d       0x81 PinLayout.o
 .debug_info    0x0000000000000aee       0x7f RvalOut.o
 .debug_info    0x0000000000000b6d       0x81 UfAusgabe.o
 .debug_info    0x0000000000000bee      0x29a DisplayValue.o
 .debug_info    0x0000000000000e88       0x8a font.o
 .debug_info    0x0000000000000f12      0x5c5 lcd-draw.o
 .debug_info    0x00000000000014d7       0x7e swuart.o
 .debug_info    0x0000000000001555       0x82 wait1000ms.o
 .debug_info    0x00000000000015d7       0x81 sleep_5ms.o
 .debug_info    0x0000000000001658       0x7f ReadADC.o
 .debug_info    0x00000000000016d7      0x1d6 wait_for_key_ms.o
 .debug_info    0x00000000000018ad       0x82 RefVoltage.o
 .debug_info    0x000000000000192f       0x7f get_log.o
 .debug_info    0x00000000000019ae     0x3433 main.o
 .debug_info    0x0000000000004de1      0xd5a CheckPins.o
 .debug_info    0x0000000000005b3b      0x11c ChargePin10ms.o
 .debug_info    0x0000000000005c57      0x1f6 EntladePins.o
 .debug_info    0x0000000000005e4d      0x5f5 ReadCapacity.o
 .debug_info    0x0000000000006442       0x83 GetRLmultip.o
 .debug_info    0x00000000000064c5      0x2cf Calibrate_UR.o
 .debug_info    0x0000000000006794      0x4b6 ReadInductance.o
 .debug_info    0x0000000000006c4a       0x7e GetESR.o
 .debug_info    0x0000000000006cc8      0x387 GetVloss.o
 .debug_info    0x000000000000704f      0x448 GetFrequency.o
 .debug_info    0x0000000000007497      0x992 function_menu.o
 .debug_info    0x0000000000007e29      0x172 message_key_released.o
 .debug_info    0x0000000000007f9b      0x3b5 ReadBigCap.o
 .debug_info    0x0000000000008350      0x3b5 CheckRotaryEncoder.o
 .debug_info    0x0000000000008705       0xb1 CalibrationCap.o
 .debug_info    0x00000000000087b6      0x56d ShowData.o
 .debug_info    0x0000000000008d23      0x32c EE_check_init.o
 *(.gnu.linkonce.wi.*)

.debug_abbrev   0x0000000000000000     0x1e29
 *(.debug_abbrev)
 .debug_abbrev  0x0000000000000000       0x14 lcd_hw_4_bit.o
 .debug_abbrev  0x0000000000000014      0x258 lcd-routines.o
 .debug_abbrev  0x000000000000026c       0x14 i2lcd.o
 .debug_abbrev  0x0000000000000280       0x14 PinLayout.o
 .debug_abbrev  0x0000000000000294       0x14 RvalOut.o
 .debug_abbrev  0x00000000000002a8       0x14 UfAusgabe.o
 .debug_abbrev  0x00000000000002bc      0x11f DisplayValue.o
 .debug_abbrev  0x00000000000003db       0x50 font.o
 .debug_abbrev  0x000000000000042b      0x180 lcd-draw.o
 .debug_abbrev  0x00000000000005ab       0x14 swuart.o
 .debug_abbrev  0x00000000000005bf       0x14 wait1000ms.o
 .debug_abbrev  0x00000000000005d3       0x14 sleep_5ms.o
 .debug_abbrev  0x00000000000005e7       0x14 ReadADC.o
 .debug_abbrev  0x00000000000005fb      0x126 wait_for_key_ms.o
 .debug_abbrev  0x0000000000000721       0x14 RefVoltage.o
 .debug_abbrev  0x0000000000000735       0x14 get_log.o
 .debug_abbrev  0x0000000000000749      0x31d main.o
 .debug_abbrev  0x0000000000000a66      0x1e2 CheckPins.o
 .debug_abbrev  0x0000000000000c48       0xb2 ChargePin10ms.o
 .debug_abbrev  0x0000000000000cfa       0xe5 EntladePins.o
 .debug_abbrev  0x0000000000000ddf      0x1ec ReadCapacity.o
 .debug_abbrev  0x0000000000000fcb       0x14 GetRLmultip.o
 .debug_abbrev  0x0000000000000fdf      0x12a Calibrate_UR.o
 .debug_abbrev  0x0000000000001109      0x17f ReadInductance.o
 .debug_abbrev  0x0000000000001288       0x14 GetESR.o
 .debug_abbrev  0x000000000000129c      0x175 GetVloss.o
 .debug_abbrev  0x0000000000001411      0x175 GetFrequency.o
 .debug_abbrev  0x0000000000001586      0x217 function_menu.o
 .debug_abbrev  0x000000000000179d       0xf1 message_key_released.o
 .debug_abbrev  0x000000000000188e      0x197 ReadBigCap.o
 .debug_abbrev  0x0000000000001a25      0x136 CheckRotaryEncoder.o
 .debug_abbrev  0x0000000000001b5b       0x56 CalibrationCap.o
 .debug_abbrev  0x0000000000001bb1      0x12f ShowData.o
 .debug_abbrev  0x0000000000001ce0      0x149 EE_check_init.o

.debug_line     0x0000000000000000     0x22b2
 *(.debug_line)
 .debug_line    0x0000000000000000       0x7c lcd_hw_4_bit.o
 .debug_line    0x000000000000007c      0x19c lcd-routines.o
 .debug_line    0x0000000000000218       0x48 i2lcd.o
 .debug_line    0x0000000000000260       0x5f PinLayout.o
 .debug_line    0x00000000000002bf       0x5d RvalOut.o
 .debug_line    0x000000000000031c       0x92 UfAusgabe.o
 .debug_line    0x00000000000003ae       0xf0 DisplayValue.o
 .debug_line    0x000000000000049e       0x3c font.o
 .debug_line    0x00000000000004da       0x99 lcd-draw.o
 .debug_line    0x0000000000000573       0x4a swuart.o
 .debug_line    0x00000000000005bd       0x64 wait1000ms.o
 .debug_line    0x0000000000000621       0x60 sleep_5ms.o
 .debug_line    0x0000000000000681       0x88 ReadADC.o
 .debug_line    0x0000000000000709       0xdd wait_for_key_ms.o
 .debug_line    0x00000000000007e6       0x83 RefVoltage.o
 .debug_line    0x0000000000000869       0x54 get_log.o
 .debug_line    0x00000000000008bd      0x57e main.o
 .debug_line    0x0000000000000e3b      0x2eb CheckPins.o
 .debug_line    0x0000000000001126       0x8e ChargePin10ms.o
 .debug_line    0x00000000000011b4       0xee EntladePins.o
 .debug_line    0x00000000000012a2      0x1dd ReadCapacity.o
 .debug_line    0x000000000000147f       0x6a GetRLmultip.o
 .debug_line    0x00000000000014e9       0xc9 Calibrate_UR.o
 .debug_line    0x00000000000015b2      0x167 ReadInductance.o
 .debug_line    0x0000000000001719      0x1d4 GetESR.o
 .debug_line    0x00000000000018ed       0xf5 GetVloss.o
 .debug_line    0x00000000000019e2      0x132 GetFrequency.o
 .debug_line    0x0000000000001b14      0x266 function_menu.o
 .debug_line    0x0000000000001d7a       0xa9 message_key_released.o
 .debug_line    0x0000000000001e23       0xfc ReadBigCap.o
 .debug_line    0x0000000000001f1f      0x182 CheckRotaryEncoder.o
 .debug_line    0x00000000000020a1       0x54 CalibrationCap.o
 .debug_line    0x00000000000020f5       0xe1 ShowData.o
 .debug_line    0x00000000000021d6       0xdc EE_check_init.o

.debug_frame    0x0000000000000000      0x8d4
 *(.debug_frame)
 .debug_frame   0x0000000000000000      0x1c0 lcd-routines.o
 .debug_frame   0x00000000000001c0       0x40 DisplayValue.o
 .debug_frame   0x0000000000000200       0x70 lcd-draw.o
 .debug_frame   0x0000000000000270       0x54 wait_for_key_ms.o
 .debug_frame   0x00000000000002c4      0x108 main.o
 .debug_frame   0x00000000000003cc       0x4c CheckPins.o
 .debug_frame   0x0000000000000418       0x2c ChargePin10ms.o
 .debug_frame   0x0000000000000444       0x3c EntladePins.o
 .debug_frame   0x0000000000000480       0xb4 ReadCapacity.o
 .debug_frame   0x0000000000000534       0x40 Calibrate_UR.o
 .debug_frame   0x0000000000000574       0x4c ReadInductance.o
 .debug_frame   0x00000000000005c0       0x40 GetVloss.o
 .debug_frame   0x0000000000000600       0xe8 GetFrequency.o
 .debug_frame   0x00000000000006e8       0xdc function_menu.o
 .debug_frame   0x00000000000007c4       0x30 message_key_released.o
 .debug_frame   0x00000000000007f4       0x40 ReadBigCap.o
 .debug_frame   0x0000000000000834       0x40 CheckRotaryEncoder.o
 .debug_frame   0x0000000000000874       0x2c ShowData.o
 .debug_frame   0x00000000000008a0       0x34 EE_check_init.o

.debug_str      0x0000000000000000     0x129b
 *(.debug_str)
 .debug_str     0x0000000000000000      0x2df lcd-routines.o
                                        0x32f (size before relaxing)
 .debug_str     0x00000000000002df       0x6f DisplayValue.o
                                        0x211 (size before relaxing)
 .debug_str     0x000000000000034e        0xa font.o
                                        0x151 (size before relaxing)
 .debug_str     0x0000000000000358      0x14e lcd-draw.o
                                        0x2f1 (size before relaxing)
 .debug_str     0x00000000000004a6       0x6c wait_for_key_ms.o
                                        0x204 (size before relaxing)
 .debug_str     0x0000000000000512      0x803 main.o
                                        0xc12 (size before relaxing)
 .debug_str     0x0000000000000d15      0x12a CheckPins.o
                                        0x40b (size before relaxing)
 .debug_str     0x0000000000000e3f       0x2f ChargePin10ms.o
                                        0x1ba (size before relaxing)
 .debug_str     0x0000000000000e6e       0x31 EntladePins.o
                                        0x1e1 (size before relaxing)
 .debug_str     0x0000000000000e9f       0xa4 ReadCapacity.o
                                        0x3b1 (size before relaxing)
 .debug_str     0x0000000000000f43       0x30 Calibrate_UR.o
                                        0x24f (size before relaxing)
 .debug_str     0x0000000000000f73       0x8a ReadInductance.o
                                        0x312 (size before relaxing)
 .debug_str     0x0000000000000ffd       0x1b GetVloss.o
                                        0x26d (size before relaxing)
 .debug_str     0x0000000000001018       0x8b GetFrequency.o
                                        0x29e (size before relaxing)
 .debug_str     0x00000000000010a3       0xe7 function_menu.o
                                        0x40a (size before relaxing)
 .debug_str     0x000000000000118a       0x21 message_key_released.o
                                        0x1dc (size before relaxing)
 .debug_str     0x00000000000011ab       0x21 ReadBigCap.o
                                        0x2a4 (size before relaxing)
 .debug_str     0x00000000000011cc       0x80 CheckRotaryEncoder.o
                                        0x2a1 (size before relaxing)
 .debug_str     0x000000000000124c       0x14 CalibrationCap.o
                                        0x17f (size before relaxing)
 .debug_str     0x0000000000001260       0x20 ShowData.o
                                        0x298 (size before relaxing)
 .debug_str     0x0000000000001280       0x1b EE_check_init.o
                                        0x225 (size before relaxing)

.debug_loc      0x0000000000000000     0x512d
 *(.debug_loc)
 .debug_loc     0x0000000000000000      0x958 lcd-routines.o
 .debug_loc     0x0000000000000958      0x247 DisplayValue.o
 .debug_loc     0x0000000000000b9f      0x2de lcd-draw.o
 .debug_loc     0x0000000000000e7d      0x10a wait_for_key_ms.o
 .debug_loc     0x0000000000000f87      0xa1f main.o
 .debug_loc     0x00000000000019a6     0x1b41 CheckPins.o
 .debug_loc     0x00000000000034e7       0x72 ChargePin10ms.o
 .debug_loc     0x0000000000003559      0x19f EntladePins.o
 .debug_loc     0x00000000000036f8      0x4a1 ReadCapacity.o
 .debug_loc     0x0000000000003b99       0x88 Calibrate_UR.o
 .debug_loc     0x0000000000003c21      0x461 ReadInductance.o
 .debug_loc     0x0000000000004082      0x24e GetVloss.o
 .debug_loc     0x00000000000042d0      0x2db GetFrequency.o
 .debug_loc     0x00000000000045ab      0x4e1 function_menu.o
 .debug_loc     0x0000000000004a8c       0x8b message_key_released.o
 .debug_loc     0x0000000000004b17      0x1f2 ReadBigCap.o
 .debug_loc     0x0000000000004d09      0x352 CheckRotaryEncoder.o
 .debug_loc     0x000000000000505b       0x22 ShowData.o
 .debug_loc     0x000000000000507d       0xb0 EE_check_init.o

.debug_macinfo
 *(.debug_macinfo)

.debug_pubtypes
 *(.debug_pubtypes)

.debug_ranges   0x0000000000000000       0x60
 *(.debug_ranges)
 .debug_ranges  0x0000000000000000       0x30 lcd-routines.o
 .debug_ranges  0x0000000000000030       0x30 main.o

.debug_macro
 *(.debug_macro)
OUTPUT(TransistorTester.elf elf32-avr)
LOAD linker stubs
