Archive member included because of file (symbol)

/usr/lib/gcc/avr/4.8.2/avr5/libgcc.a(_umulhisi3.o)
                              main.o (__umulhisi3)
/usr/lib/gcc/avr/4.8.2/avr5/libgcc.a(_usmulhisi3.o)
                              main.o (__usmulhisi3)
/usr/lib/gcc/avr/4.8.2/avr5/libgcc.a(_muluhisi3.o)
                              main.o (__muluhisi3)
/usr/lib/gcc/avr/4.8.2/avr5/libgcc.a(_mulsi3.o)
                              ReadADC.o (__mulsi3)
/usr/lib/gcc/avr/4.8.2/avr5/libgcc.a(_udivmodhi4.o)
                              RefVoltage.o (__udivmodhi4)
/usr/lib/gcc/avr/4.8.2/avr5/libgcc.a(_divmodhi4.o)
                              function_menu.o (__divmodhi4)
/usr/lib/gcc/avr/4.8.2/avr5/libgcc.a(_udivmodsi4.o)
                              DisplayValue.o (__udivmodsi4)
/usr/lib/gcc/avr/4.8.2/avr5/libgcc.a(_divmodsi4.o)
                              main.o (__divmodsi4)
/usr/lib/gcc/avr/4.8.2/avr5/libgcc.a(_udivdi3.o)
                              GetFrequency.o (__udivdi3)
/usr/lib/gcc/avr/4.8.2/avr5/libgcc.a(_udivmod64.o)
                              /usr/lib/gcc/avr/4.8.2/avr5/libgcc.a(_udivdi3.o) (__udivmod64)
/usr/lib/gcc/avr/4.8.2/avr5/libgcc.a(_negsi2.o)
                              /usr/lib/gcc/avr/4.8.2/avr5/libgcc.a(_divmodsi4.o) (__negsi2)
/usr/lib/gcc/avr/4.8.2/avr5/libgcc.a(_prologue.o)
                              DisplayValue.o (__prologue_saves__)
/usr/lib/gcc/avr/4.8.2/avr5/libgcc.a(_epilogue.o)
                              DisplayValue.o (__epilogue_restores__)
/usr/lib/gcc/avr/4.8.2/avr5/libgcc.a(_exit.o)
                              /usr/lib/gcc/avr/4.8.2/../../../avr/lib/avr5/crtm328p.o (exit)
/usr/lib/gcc/avr/4.8.2/avr5/libgcc.a(_clear_bss.o)
                              lcd-routines.o (__do_clear_bss)
/usr/lib/gcc/avr/4.8.2/avr5/libgcc.a(_ashldi3.o)
                              GetFrequency.o (__ashldi3)
/usr/lib/gcc/avr/4.8.2/avr5/libgcc.a(_subdi3.o)
                              GetFrequency.o (__subdi3)
/usr/lib/gcc/avr/4.8.2/../../../avr/lib/avr5/libc.a(ultoa.o)
                              DisplayValue.o (ultoa)
/usr/lib/gcc/avr/4.8.2/../../../avr/lib/avr5/libc.a(utoa.o)
                              i2lcd.o (utoa)
/usr/lib/gcc/avr/4.8.2/../../../avr/lib/avr5/libc.a(eerd_byte_atmega328p.o)
                              RefVoltage.o (__eerd_byte_m328p)
/usr/lib/gcc/avr/4.8.2/../../../avr/lib/avr5/libc.a(eerd_word_atmega328p.o)
                              ShowData.o (__eerd_word_m328p)
/usr/lib/gcc/avr/4.8.2/../../../avr/lib/avr5/libc.a(eewr_byte_atmega328p.o)
                              main.o (__eewr_byte_m328p)
/usr/lib/gcc/avr/4.8.2/../../../avr/lib/avr5/libc.a(eewr_word_atmega328p.o)
                              main.o (__eewr_word_m328p)
/usr/lib/gcc/avr/4.8.2/../../../avr/lib/avr5/libc.a(strrev.o)
                              /usr/lib/gcc/avr/4.8.2/../../../avr/lib/avr5/libc.a(ultoa.o) (strrev)
/usr/lib/gcc/avr/4.8.2/../../../avr/lib/avr5/libc.a(eerd_block_atmega328p.o)
                              /usr/lib/gcc/avr/4.8.2/../../../avr/lib/avr5/libc.a(eerd_word_atmega328p.o) (__eerd_blraw_m328p)

Allocating common symbols
Common symbol       size              file

diode_sequence      0x1               main.o
ext_freq            0x4               main.o
display_time        0x2               main.o
resis680mi          0x2               main.o
ref_mv_offs         0x2               main.o
NumOfDiodes         0x1               main.o
PartMode            0x1               main.o
PartFound           0x1               main.o
resis680pl          0x2               main.o
tmpval              0x1               main.o
inductor_lpre       0x1               lcd-routines.o
mess_count          0x1               main.o
outval              0xa               main.o
resis               0x18              main.o
ADCconfig           0x6               main.o
pin_rpl             0x2               main.o
ref_mv              0x2               main.o
OutBuffer           0xa               main.o
tmpval2             0x1               main.o
UnCalibrated        0x1               main.o
pin_rmi             0x2               main.o
WithReference       0x1               main.o
_trans              0x2               main.o
ntrans              0xe               main.o
empty_count         0x1               main.o
pin_combination     0x1               main.o
ovcnt16             0x2               main.o
cell_mv             0x6               lcd-routines.o
ptrans              0xe               main.o
pinchange_max       0x2               main.o
pinchange_count     0x2               main.o
adc_internal_reference
                    0x2               main.o
ResistorsFound      0x1               main.o
unfinished          0x1               main.o
RHmultip            0x2               main.o
cap                 0x14              main.o
load_diff           0x2               main.o
diodes              0x18              main.o
inductor_lx         0x4               lcd-routines.o

↵
Speichereinrichtung
↵

Name             Ursprung           Länge             Eigenschaften
text             0x0000000000000000 0x0000000000020000 xr
data             0x0000000000800060 0x000000000000ffa0 rw !x
eeprom           0x0000000000810000 0x0000000000010000 rw !x
fuse             0x0000000000820000 0x0000000000000400 rw !x
lock             0x0000000000830000 0x0000000000000400 rw !x
signature        0x0000000000840000 0x0000000000000400 rw !x
user_signatures  0x0000000000850000 0x0000000000000400 rw !x
*default*        0x0000000000000000 0xffffffffffffffff

Linker script and memory map

Address of section .data set to 0x800100
LOAD /usr/lib/gcc/avr/4.8.2/../../../avr/lib/avr5/crtm328p.o
LOAD lcd_hw_4_bit.o
LOAD lcd-routines.o
LOAD i2lcd.o
LOAD PinLayout.o
LOAD RvalOut.o
LOAD UfAusgabe.o
LOAD DisplayValue.o
LOAD swuart.o
LOAD wait1000ms.o
LOAD sleep_5ms.o
LOAD ReadADC.o
LOAD wait_for_key_ms.o
LOAD RefVoltage.o
LOAD get_log.o
LOAD main.o
LOAD CheckPins.o
LOAD ChargePin10ms.o
LOAD EntladePins.o
LOAD ReadCapacity.o
LOAD GetRLmultip.o
LOAD Calibrate_UR.o
LOAD ReadInductance.o
LOAD GetESR.o
LOAD GetVloss.o
LOAD GetFrequency.o
LOAD function_menu.o
LOAD message_key_released.o
LOAD ReadBigCap.o
LOAD CheckRotaryEncoder.o
LOAD CalibrationCap.o
LOAD ShowData.o
LOAD EE_check_init.o
START GROUP
LOAD /usr/lib/gcc/avr/4.8.2/avr5/libgcc.a
LOAD /usr/lib/gcc/avr/4.8.2/../../../avr/lib/avr5/libm.a
LOAD /usr/lib/gcc/avr/4.8.2/../../../avr/lib/avr5/libc.a
END GROUP

.hash
 *(.hash)

.dynsym
 *(.dynsym)

.dynstr
 *(.dynstr)

.gnu.version
 *(.gnu.version)

.gnu.version_d
 *(.gnu.version_d)

.gnu.version_r
 *(.gnu.version_r)

.rel.init
 *(.rel.init)

.rela.init
 *(.rela.init)

.rel.text
 *(.rel.text)
 *(.rel.text.*)
 *(.rel.gnu.linkonce.t*)

.rela.text
 *(.rela.text)
 *(.rela.text.*)
 *(.rela.gnu.linkonce.t*)

.rel.fini
 *(.rel.fini)

.rela.fini
 *(.rela.fini)

.rel.rodata
 *(.rel.rodata)
 *(.rel.rodata.*)
 *(.rel.gnu.linkonce.r*)

.rela.rodata
 *(.rela.rodata)
 *(.rela.rodata.*)
 *(.rela.gnu.linkonce.r*)

.rel.data
 *(.rel.data)
 *(.rel.data.*)
 *(.rel.gnu.linkonce.d*)

.rela.data
 *(.rela.data)
 *(.rela.data.*)
 *(.rela.gnu.linkonce.d*)

.rel.ctors
 *(.rel.ctors)

.rela.ctors
 *(.rela.ctors)

.rel.dtors
 *(.rel.dtors)

.rela.dtors
 *(.rela.dtors)

.rel.got
 *(.rel.got)

.rela.got
 *(.rela.got)

.rel.bss
 *(.rel.bss)

.rela.bss
 *(.rela.bss)

.rel.plt
 *(.rel.plt)

.rela.plt
 *(.rela.plt)

.text           0x0000000000000000     0x5c12
 *(.vectors)
 .vectors       0x0000000000000000       0x68 /usr/lib/gcc/avr/4.8.2/../../../avr/lib/avr5/crtm328p.o
                0x0000000000000000                __vectors
                0x0000000000000000                __vector_default
 *(.vectors)
 *(.progmem.gcc*)
 *(.progmem*)
 .progmem.data  0x0000000000000068      0x42d main.o
                0x0000000000000068                REF_R_str
                0x000000000000006f                REF_C_str
                0x0000000000000076                MinCap_str
                0x000000000000007e                PrefixTab
                0x0000000000000085                PinADCtab
                0x0000000000000088                PinRHtab
                0x000000000000008b                PinRLtab
                0x000000000000008e                ResIcon3
                0x0000000000000096                ResIcon2
                0x000000000000009e                ResIcon1
                0x00000000000000a6                CapIcon
                0x00000000000000ae                DiodeIcon2
                0x00000000000000b6                DiodeIcon1
                0x00000000000000be                C_ESR_str
                0x00000000000000ca                FatTP2_str
                0x00000000000000d0                T50HZ
                0x00000000000000d6                C0_str
                0x00000000000000da                RILO
                0x00000000000000e1                RIHI
                0x00000000000000e8                R0_str
                0x00000000000000ec                RHRL
                0x00000000000000f2                RHRH
                0x0000000000000100                RLRL
                0x000000000000010e                RH1H
                0x0000000000000112                RH1L
                0x0000000000000116                RHfakt
                0x000000000000011b                URefT
                0x0000000000000120                ICEs_str
                0x0000000000000126                ICE0_str
                0x000000000000012c                VERSION_str
                0x000000000000013a                Resistor_str
                0x000000000000013f                Dioden
                0x0000000000000144                KatAn
                0x0000000000000148                AnKat
                0x000000000000014c                HelpCalibration_str
                0x000000000000025d                Ir_str
                0x0000000000000263                Lis_str
                0x0000000000000266                VLOSS_str
                0x000000000000026e                ESR_str
                0x0000000000000274                VCC_str
                0x0000000000000279                Cell_str
                0x000000000000027f                CapZeich
                0x0000000000000283                Vgs_str
                0x0000000000000288                vt_str
                0x000000000000028d                Uf_str
                0x0000000000000291                N123_str
                0x0000000000000297                PNP_str
                0x000000000000029b                NPN_str
                0x000000000000029f                hfe_str
                0x00000000000002a4                GateCap_str
                0x00000000000002a7                igbt_str
                0x00000000000002ad                jfet_str
                0x00000000000002b2                mosfet_str
                0x00000000000002b7                OK_str
                0x00000000000002ba                Bat_str
                0x00000000000002c0                SHORT_PROBES_str
                0x00000000000002ce                FULLCHECK_str
                0x00000000000002d7                TURN_str
                0x00000000000002dd                RotaryEncoder_str
                0x00000000000002ec                PWM_10bit_str
                0x00000000000002f7                F_GEN_str
                0x0000000000000303                OFF_str
                0x000000000000030e                SHOW_str
                0x0000000000000318                VOLTAGE_str
                0x0000000000000320                FREQ_str
                0x000000000000032a                TESTER_str
                0x0000000000000335                SELECTION_str
                0x0000000000000340                ATE
                0x0000000000000349                RELPROBE
                0x0000000000000359                SELFTEST
                0x0000000000000369                TestTimedOut
                0x0000000000000372                OrBroken
                0x000000000000037e                TestFailed1
                0x000000000000038e                Unknown
                0x0000000000000397                Thyristor
                0x00000000000003a0                Triac
                0x00000000000003a6                Bauteil
                0x00000000000003ab                TestFailed2
                0x00000000000003b4                BatEmpty
                0x00000000000003bb                BatWeak
                0x00000000000003c0                TestRunning
                0x00000000000003cb                RHtab
                0x00000000000003dd                LogTab
                0x000000000000043b                RLtab
                0x0000000000000496                . = ALIGN (0x2)
 *fill*         0x0000000000000495        0x1 
                0x0000000000000496                __trampolines_start = .
 *(.trampolines)
 .trampolines   0x0000000000000496        0x0 linker stubs
 *(.trampolines*)
                0x0000000000000496                __trampolines_end = .
 *(.jumptables)
 *(.jumptables*)
 *(.lowtext)
 *(.lowtext*)
                0x0000000000000496                __ctors_start = .
 *(.ctors)
                0x0000000000000496                __ctors_end = .
                0x0000000000000496                __dtors_start = .
 *(.dtors)
                0x0000000000000496                __dtors_end = .
 SORT(*)(.ctors)
 SORT(*)(.dtors)
 *(.init0)
 .init0         0x0000000000000496        0x0 /usr/lib/gcc/avr/4.8.2/../../../avr/lib/avr5/crtm328p.o
                0x0000000000000496                __init
 *(.init0)
 *(.init1)
 *(.init1)
 *(.init2)
 .init2         0x0000000000000496        0xc /usr/lib/gcc/avr/4.8.2/../../../avr/lib/avr5/crtm328p.o
 *(.init2)
 *(.init3)
 *(.init3)
 *(.init4)
 .init4         0x00000000000004a2       0x10 /usr/lib/gcc/avr/4.8.2/avr5/libgcc.a(_clear_bss.o)
                0x00000000000004a2                __do_clear_bss
 *(.init4)
 *(.init5)
 *(.init5)
 *(.init6)
 *(.init6)
 *(.init7)
 *(.init7)
 *(.init8)
 *(.init8)
 *(.init9)
 .init9         0x00000000000004b2        0x8 /usr/lib/gcc/avr/4.8.2/../../../avr/lib/avr5/crtm328p.o
 *(.init9)
 *(.text)
 .text          0x00000000000004ba        0x4 /usr/lib/gcc/avr/4.8.2/../../../avr/lib/avr5/crtm328p.o
                0x00000000000004ba                __vector_22
                0x00000000000004ba                __vector_1
                0x00000000000004ba                __vector_24
                0x00000000000004ba                __bad_interrupt
                0x00000000000004ba                __vector_6
                0x00000000000004ba                __vector_3
                0x00000000000004ba                __vector_23
                0x00000000000004ba                __vector_25
                0x00000000000004ba                __vector_17
                0x00000000000004ba                __vector_19
                0x00000000000004ba                __vector_4
                0x00000000000004ba                __vector_9
                0x00000000000004ba                __vector_2
                0x00000000000004ba                __vector_15
                0x00000000000004ba                __vector_8
                0x00000000000004ba                __vector_14
                0x00000000000004ba                __vector_18
                0x00000000000004ba                __vector_20
 .text          0x00000000000004be       0x5c lcd_hw_4_bit.o
                0x00000000000004be                _lcd_hw_write
 .text          0x000000000000051a      0x1ca lcd-routines.o
                0x000000000000051a                lcd_data
                0x0000000000000580                lcd_testpin
                0x0000000000000588                lcd_space
                0x0000000000000590                uart_newline
                0x000000000000059e                lcd_command
                0x00000000000005bc                lcd_line1
                0x00000000000005c4                lcd_line2
                0x00000000000005cc                lcd_line3
                0x00000000000005d4                lcd_line4
                0x00000000000005dc                lcd_set_cursor
                0x00000000000005ee                lcd_clear
                0x0000000000000604                lcd_init
                0x0000000000000674                lcd_string
                0x000000000000068c                lcd_pgm_string
                0x00000000000006aa                lcd_fix_customchar
                0x00000000000006d4                lcd_clear_line
 .text          0x00000000000006e4       0x26 i2lcd.o
                0x00000000000006e4                i2lcd
                0x00000000000006fa                u2lcd
 .text          0x000000000000070a       0x4e PinLayout.o
                0x000000000000070a                PinLayout
 .text          0x0000000000000758       0x4c RvalOut.o
                0x0000000000000758                RvalOut
 .text          0x00000000000007a4       0xb0 UfAusgabe.o
                0x00000000000007a4                mVAusgabe
                0x00000000000007cc                UfAusgabe
                0x00000000000007f8                SerienDiodenAusgabe
 .text          0x0000000000000854      0x18a DisplayValue.o
                0x0000000000000854                DisplayValue
 .text          0x00000000000009de       0x26 swuart.o
                0x00000000000009de                uart_putc
 .text          0x0000000000000a04       0x4a wait1000ms.o
                0x0000000000000a04                wait5s
                0x0000000000000a06                wait4s
                0x0000000000000a08                wait3s
                0x0000000000000a0a                wait2s
                0x0000000000000a0c                wait1000ms
                0x0000000000000a0c                wait1s
                0x0000000000000a0e                wait500ms
                0x0000000000000a10                wait400ms
                0x0000000000000a12                wait300ms
                0x0000000000000a14                wait200ms
                0x0000000000000a16                wait100ms
                0x0000000000000a1a                wait50ms
                0x0000000000000a1c                wait40ms
                0x0000000000000a1e                wait30ms
                0x0000000000000a20                wait20ms
                0x0000000000000a22                wait10ms
                0x0000000000000a24                wait5ms
                0x0000000000000a26                wait4ms
                0x0000000000000a28                wait3ms
                0x0000000000000a2a                wait2ms
                0x0000000000000a2c                wait1ms
                0x0000000000000a2e                wait500us
                0x0000000000000a30                wait400us
                0x0000000000000a32                wait300us
                0x0000000000000a34                wait200us
                0x0000000000000a36                wait100us
                0x0000000000000a38                wait50us
                0x0000000000000a3a                wait40us
                0x0000000000000a3c                wait30us
                0x0000000000000a3e                wait20us
                0x0000000000000a40                wait10us
                0x0000000000000a42                wait5us
                0x0000000000000a44                wait4us
                0x0000000000000a46                wait3us
                0x0000000000000a48                wait2us
                0x0000000000000a4a                wait1us
 .text          0x0000000000000a4e       0x54 sleep_5ms.o
                0x0000000000000a4e                sleep_5ms
 .text          0x0000000000000aa2       0xd4 ReadADC.o
                0x0000000000000aa2                W20msReadADC
                0x0000000000000aaa                W10msReadADC
                0x0000000000000ab2                W5msReadADC
                0x0000000000000aba                ReadADC
 .text          0x0000000000000b76       0x94 wait_for_key_ms.o
                0x0000000000000b76                wait_for_key_ms
                0x0000000000000bf4                wait_for_key_5s_line2
 .text          0x0000000000000c0a       0xb0 RefVoltage.o
                0x0000000000000c0a                RefVoltage
 .text          0x0000000000000cba       0x3e get_log.o
                0x0000000000000cba                get_log
 .text          0x0000000000000cf8      0x95a main.o
                0x0000000000000cf8                __vector_7
                0x0000000000000cfa                __vector_21
                0x0000000000000cfc                ShortedProbes
                0x0000000000000d76                AllProbesShorted
                0x0000000000000d9a                AutoCheck
                0x00000000000015ba                mark_as_uncalibrated
                0x00000000000015de                GetIr
 .text          0x0000000000001652      0xefa CheckPins.o
                0x0000000000001652                CheckPins
 .text          0x000000000000254c       0x30 ChargePin10ms.o
                0x000000000000254c                ChargePin10ms
 .text          0x000000000000257c      0x11a EntladePins.o
                0x000000000000257c                EntladePins
 .text          0x0000000000002696      0x686 ReadCapacity.o
                0x0000000000002696                Scale_C_with_vcc
                0x0000000000002716                ReadCapacity
                0x0000000000002c8c                __vector_13
                0x0000000000002cd8                __vector_10
 .text          0x0000000000002d1c       0x5e GetRLmultip.o
                0x0000000000002d1c                GetRLmultip
 .text          0x0000000000002d7a      0x194 Calibrate_UR.o
                0x0000000000002d7a                Calibrate_UR
 .text          0x0000000000002f0e      0x474 ReadInductance.o
                0x0000000000002f0e                ReadInductance
 .text          0x0000000000003382      0x3b8 GetESR.o
                0x0000000000003382                GetESR
 .text          0x000000000000373a      0x15e GetVloss.o
                0x000000000000373a                GetVloss
 .text          0x0000000000003898      0x488 GetFrequency.o
                0x0000000000003898                GetFrequency
                0x0000000000003c34                __vector_16
                0x0000000000003c80                __vector_12
                0x0000000000003c9c                __vector_11
                0x0000000000003cb8                __vector_5
 .text          0x0000000000003d20      0x744 function_menu.o
                0x0000000000003d20                message2line
                0x0000000000003d84                show_C_ESR
                0x0000000000003e50                show_vext
                0x0000000000003e52                switch_frequency
                0x000000000000411e                make_frequency
                0x0000000000004244                do_10bit_PWM
                0x000000000000437e                function_menu
 .text          0x0000000000004464       0x38 message_key_released.o
                0x0000000000004464                message_key_released
 .text          0x000000000000449c      0x254 ReadBigCap.o
                0x000000000000449c                ReadBigCap
 .text          0x00000000000046f0      0x2b0 CheckRotaryEncoder.o
                0x00000000000046f0                CheckRotaryEncoder
 .text          0x00000000000049a0        0x0 CalibrationCap.o
 .text          0x00000000000049a0      0x19a ShowData.o
                0x00000000000049a0                ShowData
 .text          0x0000000000004b3a       0xe2 EE_check_init.o
                0x0000000000004b3a                EE_check_init
 .text          0x0000000000004c1c        0x0 /usr/lib/gcc/avr/4.8.2/avr5/libgcc.a(_umulhisi3.o)
 .text          0x0000000000004c1c        0x0 /usr/lib/gcc/avr/4.8.2/avr5/libgcc.a(_usmulhisi3.o)
 .text          0x0000000000004c1c        0x0 /usr/lib/gcc/avr/4.8.2/avr5/libgcc.a(_muluhisi3.o)
 .text          0x0000000000004c1c        0x0 /usr/lib/gcc/avr/4.8.2/avr5/libgcc.a(_mulsi3.o)
 .text          0x0000000000004c1c        0x0 /usr/lib/gcc/avr/4.8.2/avr5/libgcc.a(_udivmodhi4.o)
 .text          0x0000000000004c1c        0x0 /usr/lib/gcc/avr/4.8.2/avr5/libgcc.a(_divmodhi4.o)
 .text          0x0000000000004c1c        0x0 /usr/lib/gcc/avr/4.8.2/avr5/libgcc.a(_udivmodsi4.o)
 .text          0x0000000000004c1c        0x0 /usr/lib/gcc/avr/4.8.2/avr5/libgcc.a(_divmodsi4.o)
 .text          0x0000000000004c1c        0x0 /usr/lib/gcc/avr/4.8.2/avr5/libgcc.a(_udivdi3.o)
 .text          0x0000000000004c1c        0x0 /usr/lib/gcc/avr/4.8.2/avr5/libgcc.a(_udivmod64.o)
 .text          0x0000000000004c1c        0x0 /usr/lib/gcc/avr/4.8.2/avr5/libgcc.a(_negsi2.o)
 .text          0x0000000000004c1c        0x0 /usr/lib/gcc/avr/4.8.2/avr5/libgcc.a(_prologue.o)
 .text          0x0000000000004c1c        0x0 /usr/lib/gcc/avr/4.8.2/avr5/libgcc.a(_epilogue.o)
 .text          0x0000000000004c1c        0x0 /usr/lib/gcc/avr/4.8.2/avr5/libgcc.a(_exit.o)
 .text          0x0000000000004c1c        0x0 /usr/lib/gcc/avr/4.8.2/avr5/libgcc.a(_clear_bss.o)
 .text          0x0000000000004c1c        0x0 /usr/lib/gcc/avr/4.8.2/avr5/libgcc.a(_ashldi3.o)
 .text          0x0000000000004c1c        0x0 /usr/lib/gcc/avr/4.8.2/avr5/libgcc.a(_subdi3.o)
 .text          0x0000000000004c1c        0x0 /usr/lib/gcc/avr/4.8.2/../../../avr/lib/avr5/libc.a(ultoa.o)
 .text          0x0000000000004c1c        0x0 /usr/lib/gcc/avr/4.8.2/../../../avr/lib/avr5/libc.a(utoa.o)
 .text          0x0000000000004c1c        0x0 /usr/lib/gcc/avr/4.8.2/../../../avr/lib/avr5/libc.a(eerd_byte_atmega328p.o)
 .text          0x0000000000004c1c        0x0 /usr/lib/gcc/avr/4.8.2/../../../avr/lib/avr5/libc.a(eerd_word_atmega328p.o)
 .text          0x0000000000004c1c        0x0 /usr/lib/gcc/avr/4.8.2/../../../avr/lib/avr5/libc.a(eewr_byte_atmega328p.o)
 .text          0x0000000000004c1c        0x0 /usr/lib/gcc/avr/4.8.2/../../../avr/lib/avr5/libc.a(eewr_word_atmega328p.o)
 .text          0x0000000000004c1c        0x0 /usr/lib/gcc/avr/4.8.2/../../../avr/lib/avr5/libc.a(strrev.o)
 .text          0x0000000000004c1c        0x0 /usr/lib/gcc/avr/4.8.2/../../../avr/lib/avr5/libc.a(eerd_block_atmega328p.o)
                0x0000000000004c1c                . = ALIGN (0x2)
 *(.text.*)
 .text.startup  0x0000000000004c1c      0xc56 main.o
                0x0000000000004c1c                main
 .text.libgcc.mul
                0x0000000000005872       0x1e /usr/lib/gcc/avr/4.8.2/avr5/libgcc.a(_umulhisi3.o)
                0x0000000000005872                __umulhisi3
 .text.libgcc.div
                0x0000000000005890        0x0 /usr/lib/gcc/avr/4.8.2/avr5/libgcc.a(_umulhisi3.o)
 .text.libgcc   0x0000000000005890        0x0 /usr/lib/gcc/avr/4.8.2/avr5/libgcc.a(_umulhisi3.o)
 .text.libgcc.prologue
                0x0000000000005890        0x0 /usr/lib/gcc/avr/4.8.2/avr5/libgcc.a(_umulhisi3.o)
 .text.libgcc.builtins
                0x0000000000005890        0x0 /usr/lib/gcc/avr/4.8.2/avr5/libgcc.a(_umulhisi3.o)
 .text.libgcc.fmul
                0x0000000000005890        0x0 /usr/lib/gcc/avr/4.8.2/avr5/libgcc.a(_umulhisi3.o)
 .text.libgcc.fixed
                0x0000000000005890        0x0 /usr/lib/gcc/avr/4.8.2/avr5/libgcc.a(_umulhisi3.o)
 .text.libgcc.mul
                0x0000000000005890        0xe /usr/lib/gcc/avr/4.8.2/avr5/libgcc.a(_usmulhisi3.o)
                0x0000000000005890                __usmulhisi3
                0x0000000000005894                __usmulhisi3_tail
 .text.libgcc.div
                0x000000000000589e        0x0 /usr/lib/gcc/avr/4.8.2/avr5/libgcc.a(_usmulhisi3.o)
 .text.libgcc   0x000000000000589e        0x0 /usr/lib/gcc/avr/4.8.2/avr5/libgcc.a(_usmulhisi3.o)
 .text.libgcc.prologue
                0x000000000000589e        0x0 /usr/lib/gcc/avr/4.8.2/avr5/libgcc.a(_usmulhisi3.o)
 .text.libgcc.builtins
                0x000000000000589e        0x0 /usr/lib/gcc/avr/4.8.2/avr5/libgcc.a(_usmulhisi3.o)
 .text.libgcc.fmul
                0x000000000000589e        0x0 /usr/lib/gcc/avr/4.8.2/avr5/libgcc.a(_usmulhisi3.o)
 .text.libgcc.fixed
                0x000000000000589e        0x0 /usr/lib/gcc/avr/4.8.2/avr5/libgcc.a(_usmulhisi3.o)
 .text.libgcc.mul
                0x000000000000589e       0x16 /usr/lib/gcc/avr/4.8.2/avr5/libgcc.a(_muluhisi3.o)
                0x000000000000589e                __muluhisi3
 .text.libgcc.div
                0x00000000000058b4        0x0 /usr/lib/gcc/avr/4.8.2/avr5/libgcc.a(_muluhisi3.o)
 .text.libgcc   0x00000000000058b4        0x0 /usr/lib/gcc/avr/4.8.2/avr5/libgcc.a(_muluhisi3.o)
 .text.libgcc.prologue
                0x00000000000058b4        0x0 /usr/lib/gcc/avr/4.8.2/avr5/libgcc.a(_muluhisi3.o)
 .text.libgcc.builtins
                0x00000000000058b4        0x0 /usr/lib/gcc/avr/4.8.2/avr5/libgcc.a(_muluhisi3.o)
 .text.libgcc.fmul
                0x00000000000058b4        0x0 /usr/lib/gcc/avr/4.8.2/avr5/libgcc.a(_muluhisi3.o)
 .text.libgcc.fixed
                0x00000000000058b4        0x0 /usr/lib/gcc/avr/4.8.2/avr5/libgcc.a(_muluhisi3.o)
 .text.libgcc.mul
                0x00000000000058b4       0x20 /usr/lib/gcc/avr/4.8.2/avr5/libgcc.a(_mulsi3.o)
                0x00000000000058b4                __mulsi3
 .text.libgcc.div
                0x00000000000058d4        0x0 /usr/lib/gcc/avr/4.8.2/avr5/libgcc.a(_mulsi3.o)
 .text.libgcc   0x00000000000058d4        0x0 /usr/lib/gcc/avr/4.8.2/avr5/libgcc.a(_mulsi3.o)
 .text.libgcc.prologue
                0x00000000000058d4        0x0 /usr/lib/gcc/avr/4.8.2/avr5/libgcc.a(_mulsi3.o)
 .text.libgcc.builtins
                0x00000000000058d4        0x0 /usr/lib/gcc/avr/4.8.2/avr5/libgcc.a(_mulsi3.o)
 .text.libgcc.fmul
                0x00000000000058d4        0x0 /usr/lib/gcc/avr/4.8.2/avr5/libgcc.a(_mulsi3.o)
 .text.libgcc.fixed
                0x00000000000058d4        0x0 /usr/lib/gcc/avr/4.8.2/avr5/libgcc.a(_mulsi3.o)
 .text.libgcc.mul
                0x00000000000058d4        0x0 /usr/lib/gcc/avr/4.8.2/avr5/libgcc.a(_udivmodhi4.o)
 .text.libgcc.div
                0x00000000000058d4       0x28 /usr/lib/gcc/avr/4.8.2/avr5/libgcc.a(_udivmodhi4.o)
                0x00000000000058d4                __udivmodhi4
 .text.libgcc   0x00000000000058fc        0x0 /usr/lib/gcc/avr/4.8.2/avr5/libgcc.a(_udivmodhi4.o)
 .text.libgcc.prologue
                0x00000000000058fc        0x0 /usr/lib/gcc/avr/4.8.2/avr5/libgcc.a(_udivmodhi4.o)
 .text.libgcc.builtins
                0x00000000000058fc        0x0 /usr/lib/gcc/avr/4.8.2/avr5/libgcc.a(_udivmodhi4.o)
 .text.libgcc.fmul
                0x00000000000058fc        0x0 /usr/lib/gcc/avr/4.8.2/avr5/libgcc.a(_udivmodhi4.o)
 .text.libgcc.fixed
                0x00000000000058fc        0x0 /usr/lib/gcc/avr/4.8.2/avr5/libgcc.a(_udivmodhi4.o)
 .text.libgcc.mul
                0x00000000000058fc        0x0 /usr/lib/gcc/avr/4.8.2/avr5/libgcc.a(_divmodhi4.o)
 .text.libgcc.div
                0x00000000000058fc       0x28 /usr/lib/gcc/avr/4.8.2/avr5/libgcc.a(_divmodhi4.o)
                0x00000000000058fc                __divmodhi4
                0x00000000000058fc                _div
 .text.libgcc   0x0000000000005924        0x0 /usr/lib/gcc/avr/4.8.2/avr5/libgcc.a(_divmodhi4.o)
 .text.libgcc.prologue
                0x0000000000005924        0x0 /usr/lib/gcc/avr/4.8.2/avr5/libgcc.a(_divmodhi4.o)
 .text.libgcc.builtins
                0x0000000000005924        0x0 /usr/lib/gcc/avr/4.8.2/avr5/libgcc.a(_divmodhi4.o)
 .text.libgcc.fmul
                0x0000000000005924        0x0 /usr/lib/gcc/avr/4.8.2/avr5/libgcc.a(_divmodhi4.o)
 .text.libgcc.fixed
                0x0000000000005924        0x0 /usr/lib/gcc/avr/4.8.2/avr5/libgcc.a(_divmodhi4.o)
 .text.libgcc.mul
                0x0000000000005924        0x0 /usr/lib/gcc/avr/4.8.2/avr5/libgcc.a(_udivmodsi4.o)
 .text.libgcc.div
                0x0000000000005924       0x44 /usr/lib/gcc/avr/4.8.2/avr5/libgcc.a(_udivmodsi4.o)
                0x0000000000005924                __udivmodsi4
 .text.libgcc   0x0000000000005968        0x0 /usr/lib/gcc/avr/4.8.2/avr5/libgcc.a(_udivmodsi4.o)
 .text.libgcc.prologue
                0x0000000000005968        0x0 /usr/lib/gcc/avr/4.8.2/avr5/libgcc.a(_udivmodsi4.o)
 .text.libgcc.builtins
                0x0000000000005968        0x0 /usr/lib/gcc/avr/4.8.2/avr5/libgcc.a(_udivmodsi4.o)
 .text.libgcc.fmul
                0x0000000000005968        0x0 /usr/lib/gcc/avr/4.8.2/avr5/libgcc.a(_udivmodsi4.o)
 .text.libgcc.fixed
                0x0000000000005968        0x0 /usr/lib/gcc/avr/4.8.2/avr5/libgcc.a(_udivmodsi4.o)
 .text.libgcc.mul
                0x0000000000005968        0x0 /usr/lib/gcc/avr/4.8.2/avr5/libgcc.a(_divmodsi4.o)
 .text.libgcc.div
                0x0000000000005968       0x2e /usr/lib/gcc/avr/4.8.2/avr5/libgcc.a(_divmodsi4.o)
                0x0000000000005968                __divmodsi4
 .text.libgcc   0x0000000000005996        0x0 /usr/lib/gcc/avr/4.8.2/avr5/libgcc.a(_divmodsi4.o)
 .text.libgcc.prologue
                0x0000000000005996        0x0 /usr/lib/gcc/avr/4.8.2/avr5/libgcc.a(_divmodsi4.o)
 .text.libgcc.builtins
                0x0000000000005996        0x0 /usr/lib/gcc/avr/4.8.2/avr5/libgcc.a(_divmodsi4.o)
 .text.libgcc.fmul
                0x0000000000005996        0x0 /usr/lib/gcc/avr/4.8.2/avr5/libgcc.a(_divmodsi4.o)
 .text.libgcc.fixed
                0x0000000000005996        0x0 /usr/lib/gcc/avr/4.8.2/avr5/libgcc.a(_divmodsi4.o)
 .text.libgcc.mul
                0x0000000000005996        0x0 /usr/lib/gcc/avr/4.8.2/avr5/libgcc.a(_udivdi3.o)
 .text.libgcc.div
                0x0000000000005996       0x1c /usr/lib/gcc/avr/4.8.2/avr5/libgcc.a(_udivdi3.o)
                0x0000000000005996                __umoddi3
                0x000000000000599a                __udivdi3
                0x000000000000599c                __udivdi3_umoddi3
 .text.libgcc   0x00000000000059b2        0x0 /usr/lib/gcc/avr/4.8.2/avr5/libgcc.a(_udivdi3.o)
 .text.libgcc.prologue
                0x00000000000059b2        0x0 /usr/lib/gcc/avr/4.8.2/avr5/libgcc.a(_udivdi3.o)
 .text.libgcc.builtins
                0x00000000000059b2        0x0 /usr/lib/gcc/avr/4.8.2/avr5/libgcc.a(_udivdi3.o)
 .text.libgcc.fmul
                0x00000000000059b2        0x0 /usr/lib/gcc/avr/4.8.2/avr5/libgcc.a(_udivdi3.o)
 .text.libgcc.fixed
                0x00000000000059b2        0x0 /usr/lib/gcc/avr/4.8.2/avr5/libgcc.a(_udivdi3.o)
 .text.libgcc.mul
                0x00000000000059b2        0x0 /usr/lib/gcc/avr/4.8.2/avr5/libgcc.a(_udivmod64.o)
 .text.libgcc.div
                0x00000000000059b2       0xa2 /usr/lib/gcc/avr/4.8.2/avr5/libgcc.a(_udivmod64.o)
                0x00000000000059b2                __udivmod64
 .text.libgcc   0x0000000000005a54        0x0 /usr/lib/gcc/avr/4.8.2/avr5/libgcc.a(_udivmod64.o)
 .text.libgcc.prologue
                0x0000000000005a54        0x0 /usr/lib/gcc/avr/4.8.2/avr5/libgcc.a(_udivmod64.o)
 .text.libgcc.builtins
                0x0000000000005a54        0x0 /usr/lib/gcc/avr/4.8.2/avr5/libgcc.a(_udivmod64.o)
 .text.libgcc.fmul
                0x0000000000005a54        0x0 /usr/lib/gcc/avr/4.8.2/avr5/libgcc.a(_udivmod64.o)
 .text.libgcc.fixed
                0x0000000000005a54        0x0 /usr/lib/gcc/avr/4.8.2/avr5/libgcc.a(_udivmod64.o)
 .text.libgcc.mul
                0x0000000000005a54        0x0 /usr/lib/gcc/avr/4.8.2/avr5/libgcc.a(_negsi2.o)
 .text.libgcc.div
                0x0000000000005a54       0x10 /usr/lib/gcc/avr/4.8.2/avr5/libgcc.a(_negsi2.o)
                0x0000000000005a54                __negsi2
 .text.libgcc   0x0000000000005a64        0x0 /usr/lib/gcc/avr/4.8.2/avr5/libgcc.a(_negsi2.o)
 .text.libgcc.prologue
                0x0000000000005a64        0x0 /usr/lib/gcc/avr/4.8.2/avr5/libgcc.a(_negsi2.o)
 .text.libgcc.builtins
                0x0000000000005a64        0x0 /usr/lib/gcc/avr/4.8.2/avr5/libgcc.a(_negsi2.o)
 .text.libgcc.fmul
                0x0000000000005a64        0x0 /usr/lib/gcc/avr/4.8.2/avr5/libgcc.a(_negsi2.o)
 .text.libgcc.fixed
                0x0000000000005a64        0x0 /usr/lib/gcc/avr/4.8.2/avr5/libgcc.a(_negsi2.o)
 .text.libgcc.mul
                0x0000000000005a64        0x0 /usr/lib/gcc/avr/4.8.2/avr5/libgcc.a(_prologue.o)
 .text.libgcc.div
                0x0000000000005a64        0x0 /usr/lib/gcc/avr/4.8.2/avr5/libgcc.a(_prologue.o)
 .text.libgcc   0x0000000000005a64        0x0 /usr/lib/gcc/avr/4.8.2/avr5/libgcc.a(_prologue.o)
 .text.libgcc.prologue
                0x0000000000005a64       0x38 /usr/lib/gcc/avr/4.8.2/avr5/libgcc.a(_prologue.o)
                0x0000000000005a64                __prologue_saves__
 .text.libgcc.builtins
                0x0000000000005a9c        0x0 /usr/lib/gcc/avr/4.8.2/avr5/libgcc.a(_prologue.o)
 .text.libgcc.fmul
                0x0000000000005a9c        0x0 /usr/lib/gcc/avr/4.8.2/avr5/libgcc.a(_prologue.o)
 .text.libgcc.fixed
                0x0000000000005a9c        0x0 /usr/lib/gcc/avr/4.8.2/avr5/libgcc.a(_prologue.o)
 .text.libgcc.mul
                0x0000000000005a9c        0x0 /usr/lib/gcc/avr/4.8.2/avr5/libgcc.a(_epilogue.o)
 .text.libgcc.div
                0x0000000000005a9c        0x0 /usr/lib/gcc/avr/4.8.2/avr5/libgcc.a(_epilogue.o)
 .text.libgcc   0x0000000000005a9c        0x0 /usr/lib/gcc/avr/4.8.2/avr5/libgcc.a(_epilogue.o)
 .text.libgcc.prologue
                0x0000000000005a9c       0x36 /usr/lib/gcc/avr/4.8.2/avr5/libgcc.a(_epilogue.o)
                0x0000000000005a9c                __epilogue_restores__
 .text.libgcc.builtins
                0x0000000000005ad2        0x0 /usr/lib/gcc/avr/4.8.2/avr5/libgcc.a(_epilogue.o)
 .text.libgcc.fmul
                0x0000000000005ad2        0x0 /usr/lib/gcc/avr/4.8.2/avr5/libgcc.a(_epilogue.o)
 .text.libgcc.fixed
                0x0000000000005ad2        0x0 /usr/lib/gcc/avr/4.8.2/avr5/libgcc.a(_epilogue.o)
 .text.libgcc.mul
                0x0000000000005ad2        0x0 /usr/lib/gcc/avr/4.8.2/avr5/libgcc.a(_exit.o)
 .text.libgcc.div
                0x0000000000005ad2        0x0 /usr/lib/gcc/avr/4.8.2/avr5/libgcc.a(_exit.o)
 .text.libgcc   0x0000000000005ad2        0x0 /usr/lib/gcc/avr/4.8.2/avr5/libgcc.a(_exit.o)
 .text.libgcc.prologue
                0x0000000000005ad2        0x0 /usr/lib/gcc/avr/4.8.2/avr5/libgcc.a(_exit.o)
 .text.libgcc.builtins
                0x0000000000005ad2        0x0 /usr/lib/gcc/avr/4.8.2/avr5/libgcc.a(_exit.o)
 .text.libgcc.fmul
                0x0000000000005ad2        0x0 /usr/lib/gcc/avr/4.8.2/avr5/libgcc.a(_exit.o)
 .text.libgcc.fixed
                0x0000000000005ad2        0x0 /usr/lib/gcc/avr/4.8.2/avr5/libgcc.a(_exit.o)
 .text.libgcc.mul
                0x0000000000005ad2        0x0 /usr/lib/gcc/avr/4.8.2/avr5/libgcc.a(_clear_bss.o)
 .text.libgcc.div
                0x0000000000005ad2        0x0 /usr/lib/gcc/avr/4.8.2/avr5/libgcc.a(_clear_bss.o)
 .text.libgcc   0x0000000000005ad2        0x0 /usr/lib/gcc/avr/4.8.2/avr5/libgcc.a(_clear_bss.o)
 .text.libgcc.prologue
                0x0000000000005ad2        0x0 /usr/lib/gcc/avr/4.8.2/avr5/libgcc.a(_clear_bss.o)
 .text.libgcc.builtins
                0x0000000000005ad2        0x0 /usr/lib/gcc/avr/4.8.2/avr5/libgcc.a(_clear_bss.o)
 .text.libgcc.fmul
                0x0000000000005ad2        0x0 /usr/lib/gcc/avr/4.8.2/avr5/libgcc.a(_clear_bss.o)
 .text.libgcc.fixed
                0x0000000000005ad2        0x0 /usr/lib/gcc/avr/4.8.2/avr5/libgcc.a(_clear_bss.o)
 .text.libgcc.mul
                0x0000000000005ad2        0x0 /usr/lib/gcc/avr/4.8.2/avr5/libgcc.a(_ashldi3.o)
 .text.libgcc.div
                0x0000000000005ad2        0x0 /usr/lib/gcc/avr/4.8.2/avr5/libgcc.a(_ashldi3.o)
 .text.libgcc   0x0000000000005ad2        0x0 /usr/lib/gcc/avr/4.8.2/avr5/libgcc.a(_ashldi3.o)
 .text.libgcc.prologue
                0x0000000000005ad2        0x0 /usr/lib/gcc/avr/4.8.2/avr5/libgcc.a(_ashldi3.o)
 .text.libgcc.builtins
                0x0000000000005ad2       0x32 /usr/lib/gcc/avr/4.8.2/avr5/libgcc.a(_ashldi3.o)
                0x0000000000005ad2                __ashldi3
 .text.libgcc.fmul
                0x0000000000005b04        0x0 /usr/lib/gcc/avr/4.8.2/avr5/libgcc.a(_ashldi3.o)
 .text.libgcc.fixed
                0x0000000000005b04        0x0 /usr/lib/gcc/avr/4.8.2/avr5/libgcc.a(_ashldi3.o)
 .text.libgcc.mul
                0x0000000000005b04        0x0 /usr/lib/gcc/avr/4.8.2/avr5/libgcc.a(_subdi3.o)
 .text.libgcc.div
                0x0000000000005b04        0x0 /usr/lib/gcc/avr/4.8.2/avr5/libgcc.a(_subdi3.o)
 .text.libgcc   0x0000000000005b04       0x12 /usr/lib/gcc/avr/4.8.2/avr5/libgcc.a(_subdi3.o)
                0x0000000000005b04                __subdi3
 .text.libgcc.prologue
                0x0000000000005b16        0x0 /usr/lib/gcc/avr/4.8.2/avr5/libgcc.a(_subdi3.o)
 .text.libgcc.builtins
                0x0000000000005b16        0x0 /usr/lib/gcc/avr/4.8.2/avr5/libgcc.a(_subdi3.o)
 .text.libgcc.fmul
                0x0000000000005b16        0x0 /usr/lib/gcc/avr/4.8.2/avr5/libgcc.a(_subdi3.o)
 .text.libgcc.fixed
                0x0000000000005b16        0x0 /usr/lib/gcc/avr/4.8.2/avr5/libgcc.a(_subdi3.o)
 .text.avr-libc
                0x0000000000005b16       0x4a /usr/lib/gcc/avr/4.8.2/../../../avr/lib/avr5/libc.a(ultoa.o)
                0x0000000000005b16                ultoa
 .text.avr-libc
                0x0000000000005b60       0x2c /usr/lib/gcc/avr/4.8.2/../../../avr/lib/avr5/libc.a(utoa.o)
                0x0000000000005b60                utoa
 .text.avr-libc
                0x0000000000005b8c       0x10 /usr/lib/gcc/avr/4.8.2/../../../avr/lib/avr5/libc.a(eerd_byte_atmega328p.o)
                0x0000000000005b8c                __eerd_byte_m328p
 .text.avr-libc
                0x0000000000005b9c        0xc /usr/lib/gcc/avr/4.8.2/../../../avr/lib/avr5/libc.a(eerd_word_atmega328p.o)
                0x0000000000005b9c                __eerd_word_m328p
 .text.avr-libc
                0x0000000000005ba8       0x1c /usr/lib/gcc/avr/4.8.2/../../../avr/lib/avr5/libc.a(eewr_byte_atmega328p.o)
                0x0000000000005ba8                __eewr_byte_m328p
                0x0000000000005baa                __eewr_r18_m328p
 .text.avr-libc
                0x0000000000005bc4        0xa /usr/lib/gcc/avr/4.8.2/../../../avr/lib/avr5/libc.a(eewr_word_atmega328p.o)
                0x0000000000005bc4                __eewr_word_m328p
 .text.avr-libc
                0x0000000000005bce       0x20 /usr/lib/gcc/avr/4.8.2/../../../avr/lib/avr5/libc.a(strrev.o)
                0x0000000000005bce                strrev
 .text.avr-libc
                0x0000000000005bee       0x20 /usr/lib/gcc/avr/4.8.2/../../../avr/lib/avr5/libc.a(eerd_block_atmega328p.o)
                0x0000000000005bee                __eerd_block_m328p
                0x0000000000005bf2                __eerd_blraw_m328p
                0x0000000000005c0e                . = ALIGN (0x2)
 *(.fini9)
 .fini9         0x0000000000005c0e        0x0 /usr/lib/gcc/avr/4.8.2/avr5/libgcc.a(_exit.o)
                0x0000000000005c0e                exit
                0x0000000000005c0e                _exit
 *(.fini9)
 *(.fini8)
 *(.fini8)
 *(.fini7)
 *(.fini7)
 *(.fini6)
 *(.fini6)
 *(.fini5)
 *(.fini5)
 *(.fini4)
 *(.fini4)
 *(.fini3)
 *(.fini3)
 *(.fini2)
 *(.fini2)
 *(.fini1)
 *(.fini1)
 *(.fini0)
 .fini0         0x0000000000005c0e        0x4 /usr/lib/gcc/avr/4.8.2/avr5/libgcc.a(_exit.o)
 *(.fini0)
                0x0000000000005c12                _etext = .

.data           0x0000000000800100        0x0 load address 0x0000000000005c12
                0x0000000000800100                PROVIDE (__data_start, .)
 *(.data)
 .data          0x0000000000800100        0x0 /usr/lib/gcc/avr/4.8.2/../../../avr/lib/avr5/crtm328p.o
 .data          0x0000000000800100        0x0 lcd_hw_4_bit.o
 .data          0x0000000000800100        0x0 lcd-routines.o
 .data          0x0000000000800100        0x0 i2lcd.o
 .data          0x0000000000800100        0x0 PinLayout.o
 .data          0x0000000000800100        0x0 RvalOut.o
 .data          0x0000000000800100        0x0 UfAusgabe.o
 .data          0x0000000000800100        0x0 DisplayValue.o
 .data          0x0000000000800100        0x0 swuart.o
 .data          0x0000000000800100        0x0 wait1000ms.o
 .data          0x0000000000800100        0x0 sleep_5ms.o
 .data          0x0000000000800100        0x0 ReadADC.o
 .data          0x0000000000800100        0x0 wait_for_key_ms.o
 .data          0x0000000000800100        0x0 RefVoltage.o
 .data          0x0000000000800100        0x0 get_log.o
 .data          0x0000000000800100        0x0 main.o
 .data          0x0000000000800100        0x0 CheckPins.o
 .data          0x0000000000800100        0x0 ChargePin10ms.o
 .data          0x0000000000800100        0x0 EntladePins.o
 .data          0x0000000000800100        0x0 ReadCapacity.o
 .data          0x0000000000800100        0x0 GetRLmultip.o
 .data          0x0000000000800100        0x0 Calibrate_UR.o
 .data          0x0000000000800100        0x0 ReadInductance.o
 .data          0x0000000000800100        0x0 GetESR.o
 .data          0x0000000000800100        0x0 GetVloss.o
 .data          0x0000000000800100        0x0 GetFrequency.o
 .data          0x0000000000800100        0x0 function_menu.o
 .data          0x0000000000800100        0x0 message_key_released.o
 .data          0x0000000000800100        0x0 ReadBigCap.o
 .data          0x0000000000800100        0x0 CheckRotaryEncoder.o
 .data          0x0000000000800100        0x0 CalibrationCap.o
 .data          0x0000000000800100        0x0 ShowData.o
 .data          0x0000000000800100        0x0 EE_check_init.o
 .data          0x0000000000800100        0x0 /usr/lib/gcc/avr/4.8.2/avr5/libgcc.a(_umulhisi3.o)
 .data          0x0000000000800100        0x0 /usr/lib/gcc/avr/4.8.2/avr5/libgcc.a(_usmulhisi3.o)
 .data          0x0000000000800100        0x0 /usr/lib/gcc/avr/4.8.2/avr5/libgcc.a(_muluhisi3.o)
 .data          0x0000000000800100        0x0 /usr/lib/gcc/avr/4.8.2/avr5/libgcc.a(_mulsi3.o)
 .data          0x0000000000800100        0x0 /usr/lib/gcc/avr/4.8.2/avr5/libgcc.a(_udivmodhi4.o)
 .data          0x0000000000800100        0x0 /usr/lib/gcc/avr/4.8.2/avr5/libgcc.a(_divmodhi4.o)
 .data          0x0000000000800100        0x0 /usr/lib/gcc/avr/4.8.2/avr5/libgcc.a(_udivmodsi4.o)
 .data          0x0000000000800100        0x0 /usr/lib/gcc/avr/4.8.2/avr5/libgcc.a(_divmodsi4.o)
 .data          0x0000000000800100        0x0 /usr/lib/gcc/avr/4.8.2/avr5/libgcc.a(_udivdi3.o)
 .data          0x0000000000800100        0x0 /usr/lib/gcc/avr/4.8.2/avr5/libgcc.a(_udivmod64.o)
 .data          0x0000000000800100        0x0 /usr/lib/gcc/avr/4.8.2/avr5/libgcc.a(_negsi2.o)
 .data          0x0000000000800100        0x0 /usr/lib/gcc/avr/4.8.2/avr5/libgcc.a(_prologue.o)
 .data          0x0000000000800100        0x0 /usr/lib/gcc/avr/4.8.2/avr5/libgcc.a(_epilogue.o)
 .data          0x0000000000800100        0x0 /usr/lib/gcc/avr/4.8.2/avr5/libgcc.a(_exit.o)
 .data          0x0000000000800100        0x0 /usr/lib/gcc/avr/4.8.2/avr5/libgcc.a(_clear_bss.o)
 .data          0x0000000000800100        0x0 /usr/lib/gcc/avr/4.8.2/avr5/libgcc.a(_ashldi3.o)
 .data          0x0000000000800100        0x0 /usr/lib/gcc/avr/4.8.2/avr5/libgcc.a(_subdi3.o)
 .data          0x0000000000800100        0x0 /usr/lib/gcc/avr/4.8.2/../../../avr/lib/avr5/libc.a(ultoa.o)
 .data          0x0000000000800100        0x0 /usr/lib/gcc/avr/4.8.2/../../../avr/lib/avr5/libc.a(utoa.o)
 .data          0x0000000000800100        0x0 /usr/lib/gcc/avr/4.8.2/../../../avr/lib/avr5/libc.a(eerd_byte_atmega328p.o)
 .data          0x0000000000800100        0x0 /usr/lib/gcc/avr/4.8.2/../../../avr/lib/avr5/libc.a(eerd_word_atmega328p.o)
 .data          0x0000000000800100        0x0 /usr/lib/gcc/avr/4.8.2/../../../avr/lib/avr5/libc.a(eewr_byte_atmega328p.o)
 .data          0x0000000000800100        0x0 /usr/lib/gcc/avr/4.8.2/../../../avr/lib/avr5/libc.a(eewr_word_atmega328p.o)
 .data          0x0000000000800100        0x0 /usr/lib/gcc/avr/4.8.2/../../../avr/lib/avr5/libc.a(strrev.o)
 .data          0x0000000000800100        0x0 /usr/lib/gcc/avr/4.8.2/../../../avr/lib/avr5/libc.a(eerd_block_atmega328p.o)
 *(.data*)
 *(.rodata)
 *(.rodata*)
 *(.gnu.linkonce.d*)
                0x0000000000800100                . = ALIGN (0x2)
                0x0000000000800100                _edata = .
                0x0000000000800100                PROVIDE (__data_end, .)

.bss            0x0000000000800100       0xb2
                0x0000000000800100                PROVIDE (__bss_start, .)
 *(.bss)
 .bss           0x0000000000800100        0x0 /usr/lib/gcc/avr/4.8.2/../../../avr/lib/avr5/crtm328p.o
 .bss           0x0000000000800100        0x0 lcd_hw_4_bit.o
 .bss           0x0000000000800100        0x0 lcd-routines.o
 .bss           0x0000000000800100        0x0 i2lcd.o
 .bss           0x0000000000800100        0x0 PinLayout.o
 .bss           0x0000000000800100        0x0 RvalOut.o
 .bss           0x0000000000800100        0x0 UfAusgabe.o
 .bss           0x0000000000800100        0x0 DisplayValue.o
 .bss           0x0000000000800100        0x0 swuart.o
 .bss           0x0000000000800100        0x0 wait1000ms.o
 .bss           0x0000000000800100        0x0 sleep_5ms.o
 .bss           0x0000000000800100        0x0 ReadADC.o
 .bss           0x0000000000800100        0x0 wait_for_key_ms.o
 .bss           0x0000000000800100        0x0 RefVoltage.o
 .bss           0x0000000000800100        0x0 get_log.o
 .bss           0x0000000000800100        0x0 main.o
 .bss           0x0000000000800100        0x0 CheckPins.o
 .bss           0x0000000000800100        0x0 ChargePin10ms.o
 .bss           0x0000000000800100        0x0 EntladePins.o
 .bss           0x0000000000800100        0x0 ReadCapacity.o
 .bss           0x0000000000800100        0x0 GetRLmultip.o
 .bss           0x0000000000800100        0x0 Calibrate_UR.o
 .bss           0x0000000000800100        0x0 ReadInductance.o
 .bss           0x0000000000800100        0x0 GetESR.o
 .bss           0x0000000000800100        0x0 GetVloss.o
 .bss           0x0000000000800100        0x0 GetFrequency.o
 .bss           0x0000000000800100        0x0 function_menu.o
 .bss           0x0000000000800100        0x0 message_key_released.o
 .bss           0x0000000000800100        0x0 ReadBigCap.o
 .bss           0x0000000000800100        0x0 CheckRotaryEncoder.o
 .bss           0x0000000000800100        0x0 CalibrationCap.o
 .bss           0x0000000000800100        0x0 ShowData.o
 .bss           0x0000000000800100        0x0 EE_check_init.o
 .bss           0x0000000000800100        0x0 /usr/lib/gcc/avr/4.8.2/avr5/libgcc.a(_umulhisi3.o)
 .bss           0x0000000000800100        0x0 /usr/lib/gcc/avr/4.8.2/avr5/libgcc.a(_usmulhisi3.o)
 .bss           0x0000000000800100        0x0 /usr/lib/gcc/avr/4.8.2/avr5/libgcc.a(_muluhisi3.o)
 .bss           0x0000000000800100        0x0 /usr/lib/gcc/avr/4.8.2/avr5/libgcc.a(_mulsi3.o)
 .bss           0x0000000000800100        0x0 /usr/lib/gcc/avr/4.8.2/avr5/libgcc.a(_udivmodhi4.o)
 .bss           0x0000000000800100        0x0 /usr/lib/gcc/avr/4.8.2/avr5/libgcc.a(_divmodhi4.o)
 .bss           0x0000000000800100        0x0 /usr/lib/gcc/avr/4.8.2/avr5/libgcc.a(_udivmodsi4.o)
 .bss           0x0000000000800100        0x0 /usr/lib/gcc/avr/4.8.2/avr5/libgcc.a(_divmodsi4.o)
 .bss           0x0000000000800100        0x0 /usr/lib/gcc/avr/4.8.2/avr5/libgcc.a(_udivdi3.o)
 .bss           0x0000000000800100        0x0 /usr/lib/gcc/avr/4.8.2/avr5/libgcc.a(_udivmod64.o)
 .bss           0x0000000000800100        0x0 /usr/lib/gcc/avr/4.8.2/avr5/libgcc.a(_negsi2.o)
 .bss           0x0000000000800100        0x0 /usr/lib/gcc/avr/4.8.2/avr5/libgcc.a(_prologue.o)
 .bss           0x0000000000800100        0x0 /usr/lib/gcc/avr/4.8.2/avr5/libgcc.a(_epilogue.o)
 .bss           0x0000000000800100        0x0 /usr/lib/gcc/avr/4.8.2/avr5/libgcc.a(_exit.o)
 .bss           0x0000000000800100        0x0 /usr/lib/gcc/avr/4.8.2/avr5/libgcc.a(_clear_bss.o)
 .bss           0x0000000000800100        0x0 /usr/lib/gcc/avr/4.8.2/avr5/libgcc.a(_ashldi3.o)
 .bss           0x0000000000800100        0x0 /usr/lib/gcc/avr/4.8.2/avr5/libgcc.a(_subdi3.o)
 .bss           0x0000000000800100        0x0 /usr/lib/gcc/avr/4.8.2/../../../avr/lib/avr5/libc.a(ultoa.o)
 .bss           0x0000000000800100        0x0 /usr/lib/gcc/avr/4.8.2/../../../avr/lib/avr5/libc.a(utoa.o)
 .bss           0x0000000000800100        0x0 /usr/lib/gcc/avr/4.8.2/../../../avr/lib/avr5/libc.a(eerd_byte_atmega328p.o)
 .bss           0x0000000000800100        0x0 /usr/lib/gcc/avr/4.8.2/../../../avr/lib/avr5/libc.a(eerd_word_atmega328p.o)
 .bss           0x0000000000800100        0x0 /usr/lib/gcc/avr/4.8.2/../../../avr/lib/avr5/libc.a(eewr_byte_atmega328p.o)
 .bss           0x0000000000800100        0x0 /usr/lib/gcc/avr/4.8.2/../../../avr/lib/avr5/libc.a(eewr_word_atmega328p.o)
 .bss           0x0000000000800100        0x0 /usr/lib/gcc/avr/4.8.2/../../../avr/lib/avr5/libc.a(strrev.o)
 .bss           0x0000000000800100        0x0 /usr/lib/gcc/avr/4.8.2/../../../avr/lib/avr5/libc.a(eerd_block_atmega328p.o)
 *(.bss*)
 *(COMMON)
 COMMON         0x0000000000800100        0xb lcd-routines.o
                0x0000000000800100                inductor_lpre
                0x0000000000800101                cell_mv
                0x0000000000800107                inductor_lx
 COMMON         0x000000000080010b       0xa7 main.o
                0x000000000080010b                diode_sequence
                0x000000000080010c                ext_freq
                0x0000000000800110                display_time
                0x0000000000800112                resis680mi
                0x0000000000800114                ref_mv_offs
                0x0000000000800116                NumOfDiodes
                0x0000000000800117                PartMode
                0x0000000000800118                PartFound
                0x0000000000800119                resis680pl
                0x000000000080011b                tmpval
                0x000000000080011c                mess_count
                0x000000000080011d                outval
                0x0000000000800127                resis
                0x000000000080013f                ADCconfig
                0x0000000000800145                pin_rpl
                0x0000000000800147                ref_mv
                0x0000000000800149                OutBuffer
                0x0000000000800153                tmpval2
                0x0000000000800154                UnCalibrated
                0x0000000000800155                pin_rmi
                0x0000000000800157                WithReference
                0x0000000000800158                _trans
                0x000000000080015a                ntrans
                0x0000000000800168                empty_count
                0x0000000000800169                pin_combination
                0x000000000080016a                ovcnt16
                0x000000000080016c                ptrans
                0x000000000080017a                pinchange_max
                0x000000000080017c                pinchange_count
                0x000000000080017e                adc_internal_reference
                0x0000000000800180                ResistorsFound
                0x0000000000800181                unfinished
                0x0000000000800182                RHmultip
                0x0000000000800184                cap
                0x0000000000800198                load_diff
                0x000000000080019a                diodes
                0x00000000008001b2                PROVIDE (__bss_end, .)
                0x0000000000005c12                __data_load_start = LOADADDR (.data)
                0x0000000000005c12                __data_load_end = (__data_load_start + SIZEOF (.data))

.noinit         0x00000000008001b2        0x0
                0x00000000008001b2                PROVIDE (__noinit_start, .)
 *(.noinit*)
                0x00000000008001b2                PROVIDE (__noinit_end, .)
                0x00000000008001b2                _end = .
                0x00000000008001b2                PROVIDE (__heap_start, .)

.eeprom         0x0000000000810000        0xe
 *(.eeprom*)
 .eeprom        0x0000000000810000        0xe main.o
                0x0000000000810000                EE_ESR_ZEROtab
                0x0000000000810004                c_zero_tab
                0x000000000081000b                ref_offset
                0x000000000081000d                RefDiff
                0x000000000081000e                __eeprom_end = .

.fuse
 *(.fuse)
 *(.lfuse)
 *(.hfuse)
 *(.efuse)

.lock
 *(.lock*)

.signature
 *(.signature*)

.user_signatures
 *(.user_signatures*)

.stab           0x0000000000000000      0xdec
 *(.stab)
 .stab          0x0000000000000000      0x6cc /usr/lib/gcc/avr/4.8.2/../../../avr/lib/avr5/crtm328p.o
 .stab          0x00000000000006cc      0x1e0 /usr/lib/gcc/avr/4.8.2/../../../avr/lib/avr5/libc.a(ultoa.o)
                                        0x1ec (size before relaxing)
 .stab          0x00000000000008ac      0x12c /usr/lib/gcc/avr/4.8.2/../../../avr/lib/avr5/libc.a(utoa.o)
                                        0x138 (size before relaxing)
 .stab          0x00000000000009d8       0x90 /usr/lib/gcc/avr/4.8.2/../../../avr/lib/avr5/libc.a(eerd_byte_atmega328p.o)
                                         0x9c (size before relaxing)
 .stab          0x0000000000000a68       0x6c /usr/lib/gcc/avr/4.8.2/../../../avr/lib/avr5/libc.a(eerd_word_atmega328p.o)
                                         0x78 (size before relaxing)
 .stab          0x0000000000000ad4       0xe4 /usr/lib/gcc/avr/4.8.2/../../../avr/lib/avr5/libc.a(eewr_byte_atmega328p.o)
                                         0xf0 (size before relaxing)
 .stab          0x0000000000000bb8       0x54 /usr/lib/gcc/avr/4.8.2/../../../avr/lib/avr5/libc.a(eewr_word_atmega328p.o)
                                         0x60 (size before relaxing)
 .stab          0x0000000000000c0c       0xd8 /usr/lib/gcc/avr/4.8.2/../../../avr/lib/avr5/libc.a(strrev.o)
                                         0xe4 (size before relaxing)
 .stab          0x0000000000000ce4      0x108 /usr/lib/gcc/avr/4.8.2/../../../avr/lib/avr5/libc.a(eerd_block_atmega328p.o)
                                        0x114 (size before relaxing)

.stabstr        0x0000000000000000      0x1d4
 *(.stabstr)
 .stabstr       0x0000000000000000      0x1d4 /usr/lib/gcc/avr/4.8.2/../../../avr/lib/avr5/crtm328p.o

.stab.excl
 *(.stab.excl)

.stab.exclstr
 *(.stab.exclstr)

.stab.index
 *(.stab.index)

.stab.indexstr
 *(.stab.indexstr)

.comment        0x0000000000000000       0x11
 *(.comment)
 .comment       0x0000000000000000       0x11 lcd-routines.o
                                         0x12 (size before relaxing)
 .comment       0x0000000000000000       0x12 DisplayValue.o
 .comment       0x0000000000000000       0x12 wait_for_key_ms.o
 .comment       0x0000000000000000       0x12 main.o
 .comment       0x0000000000000000       0x12 CheckPins.o
 .comment       0x0000000000000000       0x12 ChargePin10ms.o
 .comment       0x0000000000000000       0x12 EntladePins.o
 .comment       0x0000000000000000       0x12 ReadCapacity.o
 .comment       0x0000000000000000       0x12 Calibrate_UR.o
 .comment       0x0000000000000000       0x12 ReadInductance.o
 .comment       0x0000000000000000       0x12 GetVloss.o
 .comment       0x0000000000000000       0x12 GetFrequency.o
 .comment       0x0000000000000000       0x12 function_menu.o
 .comment       0x0000000000000000       0x12 message_key_released.o
 .comment       0x0000000000000000       0x12 ReadBigCap.o
 .comment       0x0000000000000000       0x12 CheckRotaryEncoder.o
 .comment       0x0000000000000000       0x12 CalibrationCap.o
 .comment       0x0000000000000000       0x12 ShowData.o
 .comment       0x0000000000000000       0x12 EE_check_init.o

.debug
 *(.debug)

.line
 *(.line)

.debug_srcinfo
 *(.debug_srcinfo)

.debug_sfnames
 *(.debug_sfnames)

.debug_aranges  0x0000000000000000      0x400
 *(.debug_aranges)
 .debug_aranges
                0x0000000000000000       0x20 lcd_hw_4_bit.o
 .debug_aranges
                0x0000000000000020       0x20 lcd-routines.o
 .debug_aranges
                0x0000000000000040       0x20 i2lcd.o
 .debug_aranges
                0x0000000000000060       0x20 PinLayout.o
 .debug_aranges
                0x0000000000000080       0x20 RvalOut.o
 .debug_aranges
                0x00000000000000a0       0x20 UfAusgabe.o
 .debug_aranges
                0x00000000000000c0       0x20 DisplayValue.o
 .debug_aranges
                0x00000000000000e0       0x20 swuart.o
 .debug_aranges
                0x0000000000000100       0x20 wait1000ms.o
 .debug_aranges
                0x0000000000000120       0x20 sleep_5ms.o
 .debug_aranges
                0x0000000000000140       0x20 ReadADC.o
 .debug_aranges
                0x0000000000000160       0x20 wait_for_key_ms.o
 .debug_aranges
                0x0000000000000180       0x20 RefVoltage.o
 .debug_aranges
                0x00000000000001a0       0x20 get_log.o
 .debug_aranges
                0x00000000000001c0       0x28 main.o
 .debug_aranges
                0x00000000000001e8       0x20 CheckPins.o
 .debug_aranges
                0x0000000000000208       0x20 ChargePin10ms.o
 .debug_aranges
                0x0000000000000228       0x20 EntladePins.o
 .debug_aranges
                0x0000000000000248       0x20 ReadCapacity.o
 .debug_aranges
                0x0000000000000268       0x20 GetRLmultip.o
 .debug_aranges
                0x0000000000000288       0x20 Calibrate_UR.o
 .debug_aranges
                0x00000000000002a8       0x20 ReadInductance.o
 .debug_aranges
                0x00000000000002c8       0x20 GetESR.o
 .debug_aranges
                0x00000000000002e8       0x20 GetVloss.o
 .debug_aranges
                0x0000000000000308       0x20 GetFrequency.o
 .debug_aranges
                0x0000000000000328       0x20 function_menu.o
 .debug_aranges
                0x0000000000000348       0x20 message_key_released.o
 .debug_aranges
                0x0000000000000368       0x20 ReadBigCap.o
 .debug_aranges
                0x0000000000000388       0x20 CheckRotaryEncoder.o
 .debug_aranges
                0x00000000000003a8       0x18 CalibrationCap.o
 .debug_aranges
                0x00000000000003c0       0x20 ShowData.o
 .debug_aranges
                0x00000000000003e0       0x20 EE_check_init.o

.debug_pubnames
 *(.debug_pubnames)

.debug_info     0x0000000000000000     0x838b
 *(.debug_info)
 .debug_info    0x0000000000000000       0x84 lcd_hw_4_bit.o
 .debug_info    0x0000000000000084      0x704 lcd-routines.o
 .debug_info    0x0000000000000788       0x7d i2lcd.o
 .debug_info    0x0000000000000805       0x81 PinLayout.o
 .debug_info    0x0000000000000886       0x7f RvalOut.o
 .debug_info    0x0000000000000905       0x81 UfAusgabe.o
 .debug_info    0x0000000000000986      0x29a DisplayValue.o
 .debug_info    0x0000000000000c20       0x7e swuart.o
 .debug_info    0x0000000000000c9e       0x82 wait1000ms.o
 .debug_info    0x0000000000000d20       0x81 sleep_5ms.o
 .debug_info    0x0000000000000da1       0x7f ReadADC.o
 .debug_info    0x0000000000000e20      0x1c3 wait_for_key_ms.o
 .debug_info    0x0000000000000fe3       0x82 RefVoltage.o
 .debug_info    0x0000000000001065       0x7f get_log.o
 .debug_info    0x00000000000010e4     0x3035 main.o
 .debug_info    0x0000000000004119      0xd5a CheckPins.o
 .debug_info    0x0000000000004e73      0x11c ChargePin10ms.o
 .debug_info    0x0000000000004f8f      0x1f6 EntladePins.o
 .debug_info    0x0000000000005185      0x5f5 ReadCapacity.o
 .debug_info    0x000000000000577a       0x83 GetRLmultip.o
 .debug_info    0x00000000000057fd      0x2cf Calibrate_UR.o
 .debug_info    0x0000000000005acc      0x4b6 ReadInductance.o
 .debug_info    0x0000000000005f82       0x7e GetESR.o
 .debug_info    0x0000000000006000      0x387 GetVloss.o
 .debug_info    0x0000000000006387      0x448 GetFrequency.o
 .debug_info    0x00000000000067cf      0x993 function_menu.o
 .debug_info    0x0000000000007162      0x172 message_key_released.o
 .debug_info    0x00000000000072d4      0x3b5 ReadBigCap.o
 .debug_info    0x0000000000007689      0x3b5 CheckRotaryEncoder.o
 .debug_info    0x0000000000007a3e       0xb1 CalibrationCap.o
 .debug_info    0x0000000000007aef      0x570 ShowData.o
 .debug_info    0x000000000000805f      0x32c EE_check_init.o
 *(.gnu.linkonce.wi.*)

.debug_abbrev   0x0000000000000000     0x1bc5
 *(.debug_abbrev)
 .debug_abbrev  0x0000000000000000       0x14 lcd_hw_4_bit.o
 .debug_abbrev  0x0000000000000014      0x1d5 lcd-routines.o
 .debug_abbrev  0x00000000000001e9       0x14 i2lcd.o
 .debug_abbrev  0x00000000000001fd       0x14 PinLayout.o
 .debug_abbrev  0x0000000000000211       0x14 RvalOut.o
 .debug_abbrev  0x0000000000000225       0x14 UfAusgabe.o
 .debug_abbrev  0x0000000000000239      0x11f DisplayValue.o
 .debug_abbrev  0x0000000000000358       0x14 swuart.o
 .debug_abbrev  0x000000000000036c       0x14 wait1000ms.o
 .debug_abbrev  0x0000000000000380       0x14 sleep_5ms.o
 .debug_abbrev  0x0000000000000394       0x14 ReadADC.o
 .debug_abbrev  0x00000000000003a8      0x126 wait_for_key_ms.o
 .debug_abbrev  0x00000000000004ce       0x14 RefVoltage.o
 .debug_abbrev  0x00000000000004e2       0x14 get_log.o
 .debug_abbrev  0x00000000000004f6      0x30c main.o
 .debug_abbrev  0x0000000000000802      0x1e2 CheckPins.o
 .debug_abbrev  0x00000000000009e4       0xb2 ChargePin10ms.o
 .debug_abbrev  0x0000000000000a96       0xe5 EntladePins.o
 .debug_abbrev  0x0000000000000b7b      0x1ec ReadCapacity.o
 .debug_abbrev  0x0000000000000d67       0x14 GetRLmultip.o
 .debug_abbrev  0x0000000000000d7b      0x12a Calibrate_UR.o
 .debug_abbrev  0x0000000000000ea5      0x17f ReadInductance.o
 .debug_abbrev  0x0000000000001024       0x14 GetESR.o
 .debug_abbrev  0x0000000000001038      0x175 GetVloss.o
 .debug_abbrev  0x00000000000011ad      0x175 GetFrequency.o
 .debug_abbrev  0x0000000000001322      0x217 function_menu.o
 .debug_abbrev  0x0000000000001539       0xf1 message_key_released.o
 .debug_abbrev  0x000000000000162a      0x197 ReadBigCap.o
 .debug_abbrev  0x00000000000017c1      0x136 CheckRotaryEncoder.o
 .debug_abbrev  0x00000000000018f7       0x56 CalibrationCap.o
 .debug_abbrev  0x000000000000194d      0x12f ShowData.o
 .debug_abbrev  0x0000000000001a7c      0x149 EE_check_init.o

.debug_line     0x0000000000000000     0x2139
 *(.debug_line)
 .debug_line    0x0000000000000000       0x6c lcd_hw_4_bit.o
 .debug_line    0x000000000000006c      0x137 lcd-routines.o
 .debug_line    0x00000000000001a3       0x48 i2lcd.o
 .debug_line    0x00000000000001eb       0x5f PinLayout.o
 .debug_line    0x000000000000024a       0x5d RvalOut.o
 .debug_line    0x00000000000002a7       0x92 UfAusgabe.o
 .debug_line    0x0000000000000339       0xf0 DisplayValue.o
 .debug_line    0x0000000000000429       0x4a swuart.o
 .debug_line    0x0000000000000473       0x64 wait1000ms.o
 .debug_line    0x00000000000004d7       0x60 sleep_5ms.o
 .debug_line    0x0000000000000537       0x88 ReadADC.o
 .debug_line    0x00000000000005bf       0xdb wait_for_key_ms.o
 .debug_line    0x000000000000069a       0x83 RefVoltage.o
 .debug_line    0x000000000000071d       0x54 get_log.o
 .debug_line    0x0000000000000771      0x551 main.o
 .debug_line    0x0000000000000cc2      0x2eb CheckPins.o
 .debug_line    0x0000000000000fad       0x8e ChargePin10ms.o
 .debug_line    0x000000000000103b       0xee EntladePins.o
 .debug_line    0x0000000000001129      0x1dd ReadCapacity.o
 .debug_line    0x0000000000001306       0x6a GetRLmultip.o
 .debug_line    0x0000000000001370       0xc9 Calibrate_UR.o
 .debug_line    0x0000000000001439      0x167 ReadInductance.o
 .debug_line    0x00000000000015a0      0x1d4 GetESR.o
 .debug_line    0x0000000000001774       0xf5 GetVloss.o
 .debug_line    0x0000000000001869      0x132 GetFrequency.o
 .debug_line    0x000000000000199b      0x266 function_menu.o
 .debug_line    0x0000000000001c01       0xa9 message_key_released.o
 .debug_line    0x0000000000001caa       0xfc ReadBigCap.o
 .debug_line    0x0000000000001da6      0x182 CheckRotaryEncoder.o
 .debug_line    0x0000000000001f28       0x54 CalibrationCap.o
 .debug_line    0x0000000000001f7c       0xe1 ShowData.o
 .debug_line    0x000000000000205d       0xdc EE_check_init.o

.debug_frame    0x0000000000000000      0x7fc
 *(.debug_frame)
 .debug_frame   0x0000000000000000      0x158 lcd-routines.o
 .debug_frame   0x0000000000000158       0x40 DisplayValue.o
 .debug_frame   0x0000000000000198       0x54 wait_for_key_ms.o
 .debug_frame   0x00000000000001ec      0x108 main.o
 .debug_frame   0x00000000000002f4       0x4c CheckPins.o
 .debug_frame   0x0000000000000340       0x2c ChargePin10ms.o
 .debug_frame   0x000000000000036c       0x3c EntladePins.o
 .debug_frame   0x00000000000003a8       0xb4 ReadCapacity.o
 .debug_frame   0x000000000000045c       0x40 Calibrate_UR.o
 .debug_frame   0x000000000000049c       0x4c ReadInductance.o
 .debug_frame   0x00000000000004e8       0x40 GetVloss.o
 .debug_frame   0x0000000000000528       0xe8 GetFrequency.o
 .debug_frame   0x0000000000000610       0xdc function_menu.o
 .debug_frame   0x00000000000006ec       0x30 message_key_released.o
 .debug_frame   0x000000000000071c       0x40 ReadBigCap.o
 .debug_frame   0x000000000000075c       0x40 CheckRotaryEncoder.o
 .debug_frame   0x000000000000079c       0x2c ShowData.o
 .debug_frame   0x00000000000007c8       0x34 EE_check_init.o

.debug_str      0x0000000000000000     0x1043
 *(.debug_str)
 .debug_str     0x0000000000000000      0x26a lcd-routines.o
                                        0x2af (size before relaxing)
 .debug_str     0x000000000000026a       0x6f DisplayValue.o
                                        0x211 (size before relaxing)
 .debug_str     0x00000000000002d9       0x62 wait_for_key_ms.o
                                        0x1f8 (size before relaxing)
 .debug_str     0x000000000000033b      0x784 main.o
                                        0xa5b (size before relaxing)
 .debug_str     0x0000000000000abf      0x12a CheckPins.o
                                        0x40b (size before relaxing)
 .debug_str     0x0000000000000be9       0x2f ChargePin10ms.o
                                        0x1ba (size before relaxing)
 .debug_str     0x0000000000000c18       0x29 EntladePins.o
                                        0x1e1 (size before relaxing)
 .debug_str     0x0000000000000c41       0xad ReadCapacity.o
                                        0x3b1 (size before relaxing)
 .debug_str     0x0000000000000cee       0x30 Calibrate_UR.o
                                        0x24f (size before relaxing)
 .debug_str     0x0000000000000d1e       0x8a ReadInductance.o
                                        0x312 (size before relaxing)
 .debug_str     0x0000000000000da8       0x1b GetVloss.o
                                        0x26d (size before relaxing)
 .debug_str     0x0000000000000dc3       0x8b GetFrequency.o
                                        0x29e (size before relaxing)
 .debug_str     0x0000000000000e4e       0xe7 function_menu.o
                                        0x40a (size before relaxing)
 .debug_str     0x0000000000000f35       0x21 message_key_released.o
                                        0x1dc (size before relaxing)
 .debug_str     0x0000000000000f56       0x18 ReadBigCap.o
                                        0x2a4 (size before relaxing)
 .debug_str     0x0000000000000f6e       0x86 CheckRotaryEncoder.o
                                        0x2a1 (size before relaxing)
 .debug_str     0x0000000000000ff4       0x14 CalibrationCap.o
                                        0x17f (size before relaxing)
 .debug_str     0x0000000000001008       0x20 ShowData.o
                                        0x298 (size before relaxing)
 .debug_str     0x0000000000001028       0x1b EE_check_init.o
                                        0x225 (size before relaxing)

.debug_loc      0x0000000000000000     0x486e
 *(.debug_loc)
 .debug_loc     0x0000000000000000      0x39b lcd-routines.o
 .debug_loc     0x000000000000039b      0x247 DisplayValue.o
 .debug_loc     0x00000000000005e2      0x10a wait_for_key_ms.o
 .debug_loc     0x00000000000006ec      0x9fb main.o
 .debug_loc     0x00000000000010e7     0x1b41 CheckPins.o
 .debug_loc     0x0000000000002c28       0x72 ChargePin10ms.o
 .debug_loc     0x0000000000002c9a      0x19f EntladePins.o
 .debug_loc     0x0000000000002e39      0x4a1 ReadCapacity.o
 .debug_loc     0x00000000000032da       0x88 Calibrate_UR.o
 .debug_loc     0x0000000000003362      0x461 ReadInductance.o
 .debug_loc     0x00000000000037c3      0x24e GetVloss.o
 .debug_loc     0x0000000000003a11      0x2db GetFrequency.o
 .debug_loc     0x0000000000003cec      0x4e1 function_menu.o
 .debug_loc     0x00000000000041cd       0x8b message_key_released.o
 .debug_loc     0x0000000000004258      0x1f2 ReadBigCap.o
 .debug_loc     0x000000000000444a      0x352 CheckRotaryEncoder.o
 .debug_loc     0x000000000000479c       0x22 ShowData.o
 .debug_loc     0x00000000000047be       0xb0 EE_check_init.o

.debug_macinfo
 *(.debug_macinfo)

.debug_pubtypes
 *(.debug_pubtypes)

.debug_ranges   0x0000000000000000       0x48
 *(.debug_ranges)
 .debug_ranges  0x0000000000000000       0x48 main.o

.debug_macro
 *(.debug_macro)
OUTPUT(TransistorTester.elf elf32-avr)
LOAD linker stubs
