Archive member included because of file (symbol)

/usr/lib/gcc/avr/4.5.3/avr5/libgcc.a(_mulsi3.o)
                              main.o (__mulsi3)
/usr/lib/gcc/avr/4.5.3/avr5/libgcc.a(_udivmodqi4.o)
                              DisplayValue.o (__udivmodqi4)
/usr/lib/gcc/avr/4.5.3/avr5/libgcc.a(_udivmodhi4.o)
                              RefVoltage.o (__udivmodhi4)
/usr/lib/gcc/avr/4.5.3/avr5/libgcc.a(_udivmodsi4.o)
                              main.o (__udivmodsi4)
/usr/lib/gcc/avr/4.5.3/avr5/libgcc.a(_divmodsi4.o)
                              main.o (__divmodsi4)
/usr/lib/gcc/avr/4.5.3/avr5/libgcc.a(_exit.o)
                              /usr/lib/gcc/avr/4.5.3/../../../avr/lib/avr5/crtm168.o (exit)
/usr/lib/gcc/avr/4.5.3/avr5/libgcc.a(_copy_data.o)
                              main.o (__do_copy_data)
/usr/lib/gcc/avr/4.5.3/avr5/libgcc.a(_clear_bss.o)
                              main.o (__do_clear_bss)
/usr/lib/gcc/avr/4.5.3/../../../avr/lib/avr5/libc.a(itoa.o)
                              main.o (itoa)
/usr/lib/gcc/avr/4.5.3/../../../avr/lib/avr5/libc.a(utoa.o)
                              DisplayValue.o (utoa)
/usr/lib/gcc/avr/4.5.3/../../../avr/lib/avr5/libc.a(eerd_byte_atmega168.o)
                              lcd-routines.o (__eerd_byte_m168)
/usr/lib/gcc/avr/4.5.3/../../../avr/lib/avr5/libc.a(eewr_byte_atmega168.o)
                              main.o (__eewr_byte_m168)
/usr/lib/gcc/avr/4.5.3/../../../avr/lib/avr5/libc.a(eewr_word_atmega168.o)
                              main.o (__eewr_word_m168)
/usr/lib/gcc/avr/4.5.3/../../../avr/lib/avr5/libc.a(strrev.o)
                              /usr/lib/gcc/avr/4.5.3/../../../avr/lib/avr5/libc.a(itoa.o) (strrev)

Allocating common symbols
Common symbol       size              file

diode_sequence      0x1               main.o
resis680mi          0x2               main.o
ref_mv_offs         0x2               main.o
NumOfDiodes         0x1               main.o
PartMode            0x1               main.o
PartFound           0x1               main.o
resis680pl          0x2               main.o
tmpval              0x1               main.o
inductor_lpre       0x1               main.o
mess_count          0x1               main.o
outval              0xc               main.o
resis               0x18              main.o
ADCconfig           0x6               main.o
pin_rpl             0x2               main.o
ref_mv              0x2               main.o
tmpval2             0x1               main.o
UnCalibrated        0x1               main.o
pin_rmi             0x2               main.o
WithReference       0x1               main.o
_trans              0x2               main.o
ntrans              0xe               main.o
empty_count         0x1               main.o
pin_combination     0x1               main.o
ovcnt16             0x2               main.o
cell_mv             0x6               main.o
ptrans              0xe               main.o
ResistorsFound      0x1               main.o
unfinished          0x1               main.o
cap                 0x14              main.o
load_diff           0x2               main.o
diodes              0x18              main.o
inductor_lx         0x4               main.o

Memory Configuration

Name             Origin             Length             Attributes
text             0x0000000000000000 0x0000000000020000 xr
data             0x0000000000800060 0x000000000000ffa0 rw !x
eeprom           0x0000000000810000 0x0000000000010000 rw !x
fuse             0x0000000000820000 0x0000000000000400 rw !x
lock             0x0000000000830000 0x0000000000000400 rw !x
signature        0x0000000000840000 0x0000000000000400 rw !x
*default*        0x0000000000000000 0xffffffffffffffff

Linker script and memory map

Address of section .data set to 0x800100
LOAD /usr/lib/gcc/avr/4.5.3/../../../avr/lib/avr5/crtm168.o
LOAD lcd-routines.o
LOAD lcd_hw_4_bit.o
LOAD main.o
LOAD UfAusgabe.o
LOAD RvalOut.o
LOAD ChargePin10ms.o
LOAD EntladePins.o
LOAD DisplayValue.o
LOAD PinLayout.o
LOAD RefVoltage.o
LOAD wait_for_key_ms.o
LOAD swuart.o
LOAD wait1000ms.o
LOAD ReadCapacity.o
LOAD GetRLmultip.o
LOAD ReadInductance.o
LOAD ReadADC.o
LOAD CheckPins.o
LOAD GetESR.o
LOAD GetVloss.o
LOAD Calibrate_UR.o
LOAD /usr/lib/gcc/avr/4.5.3/avr5/libgcc.a
LOAD /usr/lib/gcc/avr/4.5.3/../../../avr/lib/avr5/libc.a
LOAD /usr/lib/gcc/avr/4.5.3/avr5/libgcc.a

.hash
 *(.hash)

.dynsym
 *(.dynsym)

.dynstr
 *(.dynstr)

.gnu.version
 *(.gnu.version)

.gnu.version_d
 *(.gnu.version_d)

.gnu.version_r
 *(.gnu.version_r)

.rel.init
 *(.rel.init)

.rela.init
 *(.rela.init)

.rel.text
 *(.rel.text)
 *(.rel.text.*)
 *(.rel.gnu.linkonce.t*)

.rela.text
 *(.rela.text)
 *(.rela.text.*)
 *(.rela.gnu.linkonce.t*)

.rel.fini
 *(.rel.fini)

.rela.fini
 *(.rela.fini)

.rel.rodata
 *(.rel.rodata)
 *(.rel.rodata.*)
 *(.rel.gnu.linkonce.r*)

.rela.rodata
 *(.rela.rodata)
 *(.rela.rodata.*)
 *(.rela.gnu.linkonce.r*)

.rel.data
 *(.rel.data)
 *(.rel.data.*)
 *(.rel.gnu.linkonce.d*)

.rela.data
 *(.rela.data)
 *(.rela.data.*)
 *(.rela.gnu.linkonce.d*)

.rel.ctors
 *(.rel.ctors)

.rela.ctors
 *(.rela.ctors)

.rel.dtors
 *(.rel.dtors)

.rela.dtors
 *(.rela.dtors)

.rel.got
 *(.rel.got)

.rela.got
 *(.rela.got)

.rel.bss
 *(.rel.bss)

.rela.bss
 *(.rela.bss)

.rel.plt
 *(.rel.plt)

.rela.plt
 *(.rela.plt)

.text           0x0000000000000000     0x3f7a
 *(.vectors)
 .vectors       0x0000000000000000       0x68 /usr/lib/gcc/avr/4.5.3/../../../avr/lib/avr5/crtm168.o
                0x0000000000000000                __vectors
                0x0000000000000000                __vector_default
 *(.vectors)
 *(.progmem.gcc*)
 *(.progmem*)
 .progmem.data  0x0000000000000068       0x9e main.o
                0x0000000000000068                LogTab
                0x00000000000000c6                RHtab
                0x00000000000000d8                VERSION_str
                0x00000000000000e6                R0_str
                0x00000000000000ea                PinRLtab
                0x00000000000000ed                PinADCtab
                0x00000000000000f0                MinCap_str
                0x00000000000000f8                REF_C_str
                0x00000000000000ff                REF_R_str
                0x0000000000000106                . = ALIGN (0x2)
                0x0000000000000106                __trampolines_start = .
 *(.trampolines)
 .trampolines   0x0000000000000106        0x0 linker stubs
 *(.trampolines*)
                0x0000000000000106                __trampolines_end = .
 *(.jumptables)
 *(.jumptables*)
 *(.lowtext)
 *(.lowtext*)
                0x0000000000000106                __ctors_start = .
 *(.ctors)
                0x0000000000000106                __ctors_end = .
                0x0000000000000106                __dtors_start = .
 *(.dtors)
                0x0000000000000106                __dtors_end = .
 SORT(*)(.ctors)
 SORT(*)(.dtors)
 *(.init0)
 .init0         0x0000000000000106        0x0 /usr/lib/gcc/avr/4.5.3/../../../avr/lib/avr5/crtm168.o
                0x0000000000000106                __init
 *(.init0)
 *(.init1)
 *(.init1)
 *(.init2)
 .init2         0x0000000000000106        0xc /usr/lib/gcc/avr/4.5.3/../../../avr/lib/avr5/crtm168.o
 *(.init2)
 *(.init3)
 *(.init3)
 *(.init4)
 .init4         0x0000000000000112       0x16 /usr/lib/gcc/avr/4.5.3/avr5/libgcc.a(_copy_data.o)
                0x0000000000000112                __do_copy_data
 .init4         0x0000000000000128       0x10 /usr/lib/gcc/avr/4.5.3/avr5/libgcc.a(_clear_bss.o)
                0x0000000000000128                __do_clear_bss
 *(.init4)
 *(.init5)
 *(.init5)
 *(.init6)
 *(.init6)
 *(.init7)
 *(.init7)
 *(.init8)
 *(.init8)
 *(.init9)
 .init9         0x0000000000000138        0x8 /usr/lib/gcc/avr/4.5.3/../../../avr/lib/avr5/crtm168.o
 *(.init9)
 *(.text)
 .text          0x0000000000000140        0x4 /usr/lib/gcc/avr/4.5.3/../../../avr/lib/avr5/crtm168.o
                0x0000000000000140                __vector_22
                0x0000000000000140                __vector_1
                0x0000000000000140                __vector_24
                0x0000000000000140                __vector_12
                0x0000000000000140                __bad_interrupt
                0x0000000000000140                __vector_6
                0x0000000000000140                __vector_3
                0x0000000000000140                __vector_23
                0x0000000000000140                __vector_25
                0x0000000000000140                __vector_11
                0x0000000000000140                __vector_17
                0x0000000000000140                __vector_19
                0x0000000000000140                __vector_5
                0x0000000000000140                __vector_4
                0x0000000000000140                __vector_9
                0x0000000000000140                __vector_2
                0x0000000000000140                __vector_15
                0x0000000000000140                __vector_8
                0x0000000000000140                __vector_14
                0x0000000000000140                __vector_16
                0x0000000000000140                __vector_18
                0x0000000000000140                __vector_20
 .text          0x0000000000000144      0x1b2 lcd-routines.o
                0x0000000000000144                lcd_data
                0x00000000000001ae                lcd_space
                0x00000000000001b6                lcd_testpin
                0x00000000000001be                uart_newline
                0x00000000000001cc                lcd_command
                0x00000000000001ec                lcd_clear
                0x0000000000000206                lcd_init
                0x000000000000025e                lcd_string
                0x0000000000000286                lcd_pgm_string
                0x00000000000002a6                lcd_fix_string
                0x00000000000002c8                lcd_fix_customchar
 .text          0x00000000000002f6       0x60 lcd_hw_4_bit.o
                0x00000000000002f6                _lcd_hw_write
 .text          0x0000000000000356     0x117a main.o
                0x0000000000000356                __vector_7
                0x0000000000000358                __vector_21
                0x000000000000035a                lcd_clear_line
                0x000000000000036a                sleep_5ms
                0x00000000000003b0                ShortedProbes
                0x000000000000042e                AllProbesShorted
                0x0000000000000452                AutoCheck
                0x00000000000009ac                mark_as_uncalibrated
                0x00000000000009d0                GetIr
                0x0000000000000a48                main
 .text          0x00000000000014d0       0xc8 UfAusgabe.o
                0x00000000000014d0                mVAusgabe
                0x00000000000014fc                UfAusgabe
                0x0000000000001532                SerienDiodenAusgabe
 .text          0x0000000000001598       0x50 RvalOut.o
                0x0000000000001598                RvalOut
 .text          0x00000000000015e8       0x36 ChargePin10ms.o
                0x00000000000015e8                ChargePin10ms
 .text          0x000000000000161e      0x12c EntladePins.o
                0x000000000000161e                EntladePins
 .text          0x000000000000174a      0x176 DisplayValue.o
                0x000000000000174a                DisplayValue
 .text          0x00000000000018c0       0x66 PinLayout.o
                0x00000000000018c0                PinLayout
 .text          0x0000000000001926       0x86 RefVoltage.o
                0x0000000000001926                RefVoltage
 .text          0x00000000000019ac       0x54 wait_for_key_ms.o
                0x00000000000019ac                wait_for_key_ms
                0x00000000000019e6                wait_for_key_5s_line2
 .text          0x0000000000001a00       0x2a swuart.o
                0x0000000000001a00                uart_putc
 .text          0x0000000000001a2a       0x4a wait1000ms.o
                0x0000000000001a2a                wait5s
                0x0000000000001a2c                wait4s
                0x0000000000001a2e                wait3s
                0x0000000000001a30                wait2s
                0x0000000000001a32                wait1000ms
                0x0000000000001a32                wait1s
                0x0000000000001a34                wait500ms
                0x0000000000001a36                wait400ms
                0x0000000000001a38                wait300ms
                0x0000000000001a3a                wait200ms
                0x0000000000001a3c                wait100ms
                0x0000000000001a40                wait50ms
                0x0000000000001a42                wait40ms
                0x0000000000001a44                wait30ms
                0x0000000000001a46                wait20ms
                0x0000000000001a48                wait10ms
                0x0000000000001a4a                wait5ms
                0x0000000000001a4c                wait4ms
                0x0000000000001a4e                wait3ms
                0x0000000000001a50                wait2ms
                0x0000000000001a52                wait1ms
                0x0000000000001a54                wait500us
                0x0000000000001a56                wait400us
                0x0000000000001a58                wait300us
                0x0000000000001a5a                wait200us
                0x0000000000001a5c                wait100us
                0x0000000000001a5e                wait50us
                0x0000000000001a60                wait40us
                0x0000000000001a62                wait30us
                0x0000000000001a64                wait20us
                0x0000000000001a66                wait10us
                0x0000000000001a68                wait5us
                0x0000000000001a6a                wait4us
                0x0000000000001a6c                wait3us
                0x0000000000001a6e                wait2us
                0x0000000000001a70                wait1us
 .text          0x0000000000001a74      0x6c4 ReadCapacity.o
                0x0000000000001a74                Scale_C_with_vcc
                0x0000000000001b14                ReadCapacity
                0x00000000000020a8                __vector_13
                0x00000000000020f4                __vector_10
 .text          0x0000000000002138       0x80 GetRLmultip.o
                0x0000000000002138                GetRLmultip
 .text          0x00000000000021b8      0x568 ReadInductance.o
                0x00000000000021b8                get_log
                0x000000000000220a                ReadInductance
 .text          0x0000000000002720       0xe4 ReadADC.o
                0x0000000000002720                W20msReadADC
                0x000000000000272c                W10msReadADC
                0x0000000000002738                W5msReadADC
                0x0000000000002744                ReadADC
 .text          0x0000000000002804      0xea6 CheckPins.o
                0x0000000000002804                CheckPins
 .text          0x00000000000036aa      0x3ac GetESR.o
                0x00000000000036aa                GetESR
 .text          0x0000000000003a56      0x174 GetVloss.o
                0x0000000000003a56                GetVloss
 .text          0x0000000000003bca      0x1f0 Calibrate_UR.o
                0x0000000000003bca                Calibrate_UR
 .text          0x0000000000003dba        0x0 /usr/lib/gcc/avr/4.5.3/avr5/libgcc.a(_mulsi3.o)
 .text          0x0000000000003dba        0x0 /usr/lib/gcc/avr/4.5.3/avr5/libgcc.a(_udivmodqi4.o)
 .text          0x0000000000003dba        0x0 /usr/lib/gcc/avr/4.5.3/avr5/libgcc.a(_udivmodhi4.o)
 .text          0x0000000000003dba        0x0 /usr/lib/gcc/avr/4.5.3/avr5/libgcc.a(_udivmodsi4.o)
 .text          0x0000000000003dba        0x0 /usr/lib/gcc/avr/4.5.3/avr5/libgcc.a(_divmodsi4.o)
 .text          0x0000000000003dba        0x0 /usr/lib/gcc/avr/4.5.3/avr5/libgcc.a(_exit.o)
 .text          0x0000000000003dba        0x0 /usr/lib/gcc/avr/4.5.3/avr5/libgcc.a(_copy_data.o)
 .text          0x0000000000003dba        0x0 /usr/lib/gcc/avr/4.5.3/avr5/libgcc.a(_clear_bss.o)
 .text          0x0000000000003dba        0x0 /usr/lib/gcc/avr/4.5.3/../../../avr/lib/avr5/libc.a(itoa.o)
 .text          0x0000000000003dba        0x0 /usr/lib/gcc/avr/4.5.3/../../../avr/lib/avr5/libc.a(utoa.o)
 .text          0x0000000000003dba        0x0 /usr/lib/gcc/avr/4.5.3/../../../avr/lib/avr5/libc.a(eerd_byte_atmega168.o)
 .text          0x0000000000003dba        0x0 /usr/lib/gcc/avr/4.5.3/../../../avr/lib/avr5/libc.a(eewr_byte_atmega168.o)
 .text          0x0000000000003dba        0x0 /usr/lib/gcc/avr/4.5.3/../../../avr/lib/avr5/libc.a(eewr_word_atmega168.o)
 .text          0x0000000000003dba        0x0 /usr/lib/gcc/avr/4.5.3/../../../avr/lib/avr5/libc.a(strrev.o)
                0x0000000000003dba                . = ALIGN (0x2)
 *(.text.*)
 .text.libgcc   0x0000000000003dba       0x3e /usr/lib/gcc/avr/4.5.3/avr5/libgcc.a(_mulsi3.o)
                0x0000000000003dba                __mulsi3
 .text.libgcc   0x0000000000003df8       0x18 /usr/lib/gcc/avr/4.5.3/avr5/libgcc.a(_udivmodqi4.o)
                0x0000000000003df8                __udivmodqi4
 .text.libgcc   0x0000000000003e10       0x28 /usr/lib/gcc/avr/4.5.3/avr5/libgcc.a(_udivmodhi4.o)
                0x0000000000003e10                __udivmodhi4
 .text.libgcc   0x0000000000003e38       0x44 /usr/lib/gcc/avr/4.5.3/avr5/libgcc.a(_udivmodsi4.o)
                0x0000000000003e38                __udivmodsi4
 .text.libgcc   0x0000000000003e7c       0x36 /usr/lib/gcc/avr/4.5.3/avr5/libgcc.a(_divmodsi4.o)
                0x0000000000003e7c                __divmodsi4
 .text.libgcc   0x0000000000003eb2        0x0 /usr/lib/gcc/avr/4.5.3/avr5/libgcc.a(_exit.o)
 .text.libgcc   0x0000000000003eb2        0x0 /usr/lib/gcc/avr/4.5.3/avr5/libgcc.a(_copy_data.o)
 .text.libgcc   0x0000000000003eb2        0x0 /usr/lib/gcc/avr/4.5.3/avr5/libgcc.a(_clear_bss.o)
 .text.avr-libc
                0x0000000000003eb2       0x42 /usr/lib/gcc/avr/4.5.3/../../../avr/lib/avr5/libc.a(itoa.o)
                0x0000000000003eb2                itoa
 .text.avr-libc
                0x0000000000003ef4       0x2c /usr/lib/gcc/avr/4.5.3/../../../avr/lib/avr5/libc.a(utoa.o)
                0x0000000000003ef4                utoa
 .text.avr-libc
                0x0000000000003f20       0x10 /usr/lib/gcc/avr/4.5.3/../../../avr/lib/avr5/libc.a(eerd_byte_atmega168.o)
                0x0000000000003f20                __eerd_byte_m168
 .text.avr-libc
                0x0000000000003f30       0x1c /usr/lib/gcc/avr/4.5.3/../../../avr/lib/avr5/libc.a(eewr_byte_atmega168.o)
                0x0000000000003f30                __eewr_byte_m168
                0x0000000000003f32                __eewr_r18_m168
 .text.avr-libc
                0x0000000000003f4c        0xa /usr/lib/gcc/avr/4.5.3/../../../avr/lib/avr5/libc.a(eewr_word_atmega168.o)
                0x0000000000003f4c                __eewr_word_m168
 .text.avr-libc
                0x0000000000003f56       0x20 /usr/lib/gcc/avr/4.5.3/../../../avr/lib/avr5/libc.a(strrev.o)
                0x0000000000003f56                strrev
                0x0000000000003f76                . = ALIGN (0x2)
 *(.fini9)
 .fini9         0x0000000000003f76        0x0 /usr/lib/gcc/avr/4.5.3/avr5/libgcc.a(_exit.o)
                0x0000000000003f76                exit
                0x0000000000003f76                _exit
 *(.fini9)
 *(.fini8)
 *(.fini8)
 *(.fini7)
 *(.fini7)
 *(.fini6)
 *(.fini6)
 *(.fini5)
 *(.fini5)
 *(.fini4)
 *(.fini4)
 *(.fini3)
 *(.fini3)
 *(.fini2)
 *(.fini2)
 *(.fini1)
 *(.fini1)
 *(.fini0)
 .fini0         0x0000000000003f76        0x4 /usr/lib/gcc/avr/4.5.3/avr5/libgcc.a(_exit.o)
 *(.fini0)
                0x0000000000003f7a                _etext = .

.data           0x0000000000800100        0x2 load address 0x0000000000003f7a
                0x0000000000800100                PROVIDE (__data_start, .)
 *(.data)
 .data          0x0000000000800100        0x0 /usr/lib/gcc/avr/4.5.3/../../../avr/lib/avr5/crtm168.o
 .data          0x0000000000800100        0x0 lcd-routines.o
 .data          0x0000000000800100        0x0 lcd_hw_4_bit.o
 .data          0x0000000000800100        0x2 main.o
                0x0000000000800100                RHmultip
 .data          0x0000000000800102        0x0 UfAusgabe.o
 .data          0x0000000000800102        0x0 RvalOut.o
 .data          0x0000000000800102        0x0 ChargePin10ms.o
 .data          0x0000000000800102        0x0 EntladePins.o
 .data          0x0000000000800102        0x0 DisplayValue.o
 .data          0x0000000000800102        0x0 PinLayout.o
 .data          0x0000000000800102        0x0 RefVoltage.o
 .data          0x0000000000800102        0x0 wait_for_key_ms.o
 .data          0x0000000000800102        0x0 swuart.o
 .data          0x0000000000800102        0x0 wait1000ms.o
 .data          0x0000000000800102        0x0 ReadCapacity.o
 .data          0x0000000000800102        0x0 GetRLmultip.o
 .data          0x0000000000800102        0x0 ReadInductance.o
 .data          0x0000000000800102        0x0 ReadADC.o
 .data          0x0000000000800102        0x0 CheckPins.o
 .data          0x0000000000800102        0x0 GetESR.o
 .data          0x0000000000800102        0x0 GetVloss.o
 .data          0x0000000000800102        0x0 Calibrate_UR.o
 .data          0x0000000000800102        0x0 /usr/lib/gcc/avr/4.5.3/avr5/libgcc.a(_mulsi3.o)
 .data          0x0000000000800102        0x0 /usr/lib/gcc/avr/4.5.3/avr5/libgcc.a(_udivmodqi4.o)
 .data          0x0000000000800102        0x0 /usr/lib/gcc/avr/4.5.3/avr5/libgcc.a(_udivmodhi4.o)
 .data          0x0000000000800102        0x0 /usr/lib/gcc/avr/4.5.3/avr5/libgcc.a(_udivmodsi4.o)
 .data          0x0000000000800102        0x0 /usr/lib/gcc/avr/4.5.3/avr5/libgcc.a(_divmodsi4.o)
 .data          0x0000000000800102        0x0 /usr/lib/gcc/avr/4.5.3/avr5/libgcc.a(_exit.o)
 .data          0x0000000000800102        0x0 /usr/lib/gcc/avr/4.5.3/avr5/libgcc.a(_copy_data.o)
 .data          0x0000000000800102        0x0 /usr/lib/gcc/avr/4.5.3/avr5/libgcc.a(_clear_bss.o)
 .data          0x0000000000800102        0x0 /usr/lib/gcc/avr/4.5.3/../../../avr/lib/avr5/libc.a(itoa.o)
 .data          0x0000000000800102        0x0 /usr/lib/gcc/avr/4.5.3/../../../avr/lib/avr5/libc.a(utoa.o)
 .data          0x0000000000800102        0x0 /usr/lib/gcc/avr/4.5.3/../../../avr/lib/avr5/libc.a(eerd_byte_atmega168.o)
 .data          0x0000000000800102        0x0 /usr/lib/gcc/avr/4.5.3/../../../avr/lib/avr5/libc.a(eewr_byte_atmega168.o)
 .data          0x0000000000800102        0x0 /usr/lib/gcc/avr/4.5.3/../../../avr/lib/avr5/libc.a(eewr_word_atmega168.o)
 .data          0x0000000000800102        0x0 /usr/lib/gcc/avr/4.5.3/../../../avr/lib/avr5/libc.a(strrev.o)
 *(.data*)
 *(.rodata)
 *(.rodata*)
 *(.gnu.linkonce.d*)
                0x0000000000800102                . = ALIGN (0x2)
                0x0000000000800102                _edata = .
                0x0000000000800102                PROVIDE (__data_end, .)

.bss            0x0000000000800102       0x9c
                0x0000000000800102                PROVIDE (__bss_start, .)
 *(.bss)
 .bss           0x0000000000800102        0x0 /usr/lib/gcc/avr/4.5.3/../../../avr/lib/avr5/crtm168.o
 .bss           0x0000000000800102        0x0 lcd-routines.o
 .bss           0x0000000000800102        0x0 lcd_hw_4_bit.o
 .bss           0x0000000000800102        0x0 main.o
 .bss           0x0000000000800102        0x0 UfAusgabe.o
 .bss           0x0000000000800102        0x0 RvalOut.o
 .bss           0x0000000000800102        0x0 ChargePin10ms.o
 .bss           0x0000000000800102        0x0 EntladePins.o
 .bss           0x0000000000800102        0x0 DisplayValue.o
 .bss           0x0000000000800102        0x0 PinLayout.o
 .bss           0x0000000000800102        0x0 RefVoltage.o
 .bss           0x0000000000800102        0x0 wait_for_key_ms.o
 .bss           0x0000000000800102        0x0 swuart.o
 .bss           0x0000000000800102        0x0 wait1000ms.o
 .bss           0x0000000000800102        0x0 ReadCapacity.o
 .bss           0x0000000000800102        0x0 GetRLmultip.o
 .bss           0x0000000000800102        0x0 ReadInductance.o
 .bss           0x0000000000800102        0x0 ReadADC.o
 .bss           0x0000000000800102        0x0 CheckPins.o
 .bss           0x0000000000800102        0x0 GetESR.o
 .bss           0x0000000000800102        0x0 GetVloss.o
 .bss           0x0000000000800102        0x0 Calibrate_UR.o
 .bss           0x0000000000800102        0x0 /usr/lib/gcc/avr/4.5.3/avr5/libgcc.a(_mulsi3.o)
 .bss           0x0000000000800102        0x0 /usr/lib/gcc/avr/4.5.3/avr5/libgcc.a(_udivmodqi4.o)
 .bss           0x0000000000800102        0x0 /usr/lib/gcc/avr/4.5.3/avr5/libgcc.a(_udivmodhi4.o)
 .bss           0x0000000000800102        0x0 /usr/lib/gcc/avr/4.5.3/avr5/libgcc.a(_udivmodsi4.o)
 .bss           0x0000000000800102        0x0 /usr/lib/gcc/avr/4.5.3/avr5/libgcc.a(_divmodsi4.o)
 .bss           0x0000000000800102        0x0 /usr/lib/gcc/avr/4.5.3/avr5/libgcc.a(_exit.o)
 .bss           0x0000000000800102        0x0 /usr/lib/gcc/avr/4.5.3/avr5/libgcc.a(_copy_data.o)
 .bss           0x0000000000800102        0x0 /usr/lib/gcc/avr/4.5.3/avr5/libgcc.a(_clear_bss.o)
 .bss           0x0000000000800102        0x0 /usr/lib/gcc/avr/4.5.3/../../../avr/lib/avr5/libc.a(itoa.o)
 .bss           0x0000000000800102        0x0 /usr/lib/gcc/avr/4.5.3/../../../avr/lib/avr5/libc.a(utoa.o)
 .bss           0x0000000000800102        0x0 /usr/lib/gcc/avr/4.5.3/../../../avr/lib/avr5/libc.a(eerd_byte_atmega168.o)
 .bss           0x0000000000800102        0x0 /usr/lib/gcc/avr/4.5.3/../../../avr/lib/avr5/libc.a(eewr_byte_atmega168.o)
 .bss           0x0000000000800102        0x0 /usr/lib/gcc/avr/4.5.3/../../../avr/lib/avr5/libc.a(eewr_word_atmega168.o)
 .bss           0x0000000000800102        0x0 /usr/lib/gcc/avr/4.5.3/../../../avr/lib/avr5/libc.a(strrev.o)
 *(.bss*)
 *(COMMON)
 COMMON         0x0000000000800102       0x9c main.o
                0x0000000000800102                diode_sequence
                0x0000000000800103                resis680mi
                0x0000000000800105                ref_mv_offs
                0x0000000000800107                NumOfDiodes
                0x0000000000800108                PartMode
                0x0000000000800109                PartFound
                0x000000000080010a                resis680pl
                0x000000000080010c                tmpval
                0x000000000080010d                inductor_lpre
                0x000000000080010e                mess_count
                0x000000000080010f                outval
                0x000000000080011b                resis
                0x0000000000800133                ADCconfig
                0x0000000000800139                pin_rpl
                0x000000000080013b                ref_mv
                0x000000000080013d                tmpval2
                0x000000000080013e                UnCalibrated
                0x000000000080013f                pin_rmi
                0x0000000000800141                WithReference
                0x0000000000800142                _trans
                0x0000000000800144                ntrans
                0x0000000000800152                empty_count
                0x0000000000800153                pin_combination
                0x0000000000800154                ovcnt16
                0x0000000000800156                cell_mv
                0x000000000080015c                ptrans
                0x000000000080016a                ResistorsFound
                0x000000000080016b                unfinished
                0x000000000080016c                cap
                0x0000000000800180                load_diff
                0x0000000000800182                diodes
                0x000000000080019a                inductor_lx
                0x000000000080019e                PROVIDE (__bss_end, .)
                0x0000000000003f7a                __data_load_start = LOADADDR (.data)
                0x0000000000003f7c                __data_load_end = (__data_load_start + SIZEOF (.data))

.noinit         0x000000000080019e        0x0
                0x000000000080019e                PROVIDE (__noinit_start, .)
 *(.noinit*)
                0x000000000080019e                PROVIDE (__noinit_end, .)
                0x000000000080019e                _end = .
                0x000000000080019e                PROVIDE (__heap_start, .)

.eeprom         0x0000000000810000      0x1ac
 *(.eeprom*)
 .eeprom        0x0000000000810000      0x1ac main.o
                0x0000000000810000                RLtab
                0x000000000081005a                TestRunning
                0x0000000000810065                BatWeak
                0x000000000081006a                BatEmpty
                0x0000000000810071                TestFailed2
                0x000000000081007a                Bauteil
                0x000000000081007f                Triac
                0x0000000000810085                Thyristor
                0x000000000081008e                Unknown
                0x0000000000810097                TestFailed1
                0x00000000008100a7                OrBroken
                0x00000000008100b3                TestTimedOut
                0x00000000008100bc                SELFTEST
                0x00000000008100cc                RELPROBE
                0x00000000008100db                ATE
                0x00000000008100e4                Bat_str
                0x00000000008100ea                OK_str
                0x00000000008100ed                mosfet_str
                0x00000000008100f2                jfet_str
                0x00000000008100f7                igbt_str
                0x00000000008100fd                GateCap_str
                0x0000000000810100                hfe_str
                0x0000000000810103                NPN_str
                0x0000000000810107                PNP_str
                0x000000000081010b                N123_str
                0x0000000000810111                Uf_str
                0x0000000000810115                vt_str
                0x000000000081011a                Vgs_str
                0x000000000081011f                CapZeich
                0x0000000000810123                Cell_str
                0x0000000000810129                VCC_str
                0x000000000081012e                ESR_str
                0x0000000000810134                VLOSS_str
                0x000000000081013c                Lis_str
                0x000000000081013f                Ir_str
                0x0000000000810145                AnKat
                0x0000000000810149                KatAn
                0x000000000081014d                Dioden
                0x0000000000810152                Resistor_str
                0x0000000000810157                RIHI
                0x000000000081015e                RILO
                0x0000000000810165                C0_str
                0x0000000000810169                T50HZ
                0x000000000081016f                DiodeIcon1
                0x0000000000810177                DiodeIcon2
                0x000000000081017f                CapIcon
                0x0000000000810187                ResIcon1
                0x000000000081018f                ResIcon2
                0x0000000000810197                PrefixTab
                0x000000000081019e                RefDiff
                0x000000000081019f                ref_offset
                0x00000000008101a1                c_zero_tab
                0x00000000008101a8                EE_ESR_ZEROtab
                0x00000000008101ac                __eeprom_end = .

.fuse
 *(.fuse)
 *(.lfuse)
 *(.hfuse)
 *(.efuse)

.lock
 *(.lock*)

.signature
 *(.signature*)

.stab           0x0000000000000000      0xc48
 *(.stab)
 .stab          0x0000000000000000      0x6cc /usr/lib/gcc/avr/4.5.3/../../../avr/lib/avr5/crtm168.o
 .stab          0x00000000000006cc      0x1b0 /usr/lib/gcc/avr/4.5.3/../../../avr/lib/avr5/libc.a(itoa.o)
                                        0x1bc (size before relaxing)
 .stab          0x000000000000087c      0x12c /usr/lib/gcc/avr/4.5.3/../../../avr/lib/avr5/libc.a(utoa.o)
                                        0x138 (size before relaxing)
 .stab          0x00000000000009a8       0x90 /usr/lib/gcc/avr/4.5.3/../../../avr/lib/avr5/libc.a(eerd_byte_atmega168.o)
                                         0x9c (size before relaxing)
 .stab          0x0000000000000a38       0xe4 /usr/lib/gcc/avr/4.5.3/../../../avr/lib/avr5/libc.a(eewr_byte_atmega168.o)
                                         0xf0 (size before relaxing)
 .stab          0x0000000000000b1c       0x54 /usr/lib/gcc/avr/4.5.3/../../../avr/lib/avr5/libc.a(eewr_word_atmega168.o)
                                         0x60 (size before relaxing)
 .stab          0x0000000000000b70       0xd8 /usr/lib/gcc/avr/4.5.3/../../../avr/lib/avr5/libc.a(strrev.o)
                                         0xe4 (size before relaxing)

.stabstr        0x0000000000000000      0x173
 *(.stabstr)
 .stabstr       0x0000000000000000      0x173 /usr/lib/gcc/avr/4.5.3/../../../avr/lib/avr5/crtm168.o

.stab.excl
 *(.stab.excl)

.stab.exclstr
 *(.stab.exclstr)

.stab.index
 *(.stab.index)

.stab.indexstr
 *(.stab.indexstr)

.comment
 *(.comment)

.debug
 *(.debug)

.line
 *(.line)

.debug_srcinfo
 *(.debug_srcinfo)

.debug_sfnames
 *(.debug_sfnames)

.debug_aranges  0x0000000000000000      0x180
 *(.debug_aranges)
 .debug_aranges
                0x0000000000000000       0x20 lcd-routines.o
 .debug_aranges
                0x0000000000000020       0x20 main.o
 .debug_aranges
                0x0000000000000040       0x20 ChargePin10ms.o
 .debug_aranges
                0x0000000000000060       0x20 EntladePins.o
 .debug_aranges
                0x0000000000000080       0x20 DisplayValue.o
 .debug_aranges
                0x00000000000000a0       0x20 PinLayout.o
 .debug_aranges
                0x00000000000000c0       0x20 wait_for_key_ms.o
 .debug_aranges
                0x00000000000000e0       0x20 ReadCapacity.o
 .debug_aranges
                0x0000000000000100       0x20 ReadInductance.o
 .debug_aranges
                0x0000000000000120       0x20 CheckPins.o
 .debug_aranges
                0x0000000000000140       0x20 GetVloss.o
 .debug_aranges
                0x0000000000000160       0x20 Calibrate_UR.o

.debug_pubnames
                0x0000000000000000      0x9db
 *(.debug_pubnames)
 .debug_pubnames
                0x0000000000000000       0xc5 lcd-routines.o
 .debug_pubnames
                0x00000000000000c5      0x596 main.o
 .debug_pubnames
                0x000000000000065b       0x52 ChargePin10ms.o
 .debug_pubnames
                0x00000000000006ad       0x50 EntladePins.o
 .debug_pubnames
                0x00000000000006fd       0x51 DisplayValue.o
 .debug_pubnames
                0x000000000000074e       0x4e PinLayout.o
 .debug_pubnames
                0x000000000000079c       0x6e wait_for_key_ms.o
 .debug_pubnames
                0x000000000000080a       0x86 ReadCapacity.o
 .debug_pubnames
                0x0000000000000890       0x5f ReadInductance.o
 .debug_pubnames
                0x00000000000008ef       0x4e CheckPins.o
 .debug_pubnames
                0x000000000000093d       0x4d GetVloss.o
 .debug_pubnames
                0x000000000000098a       0x51 Calibrate_UR.o

.debug_info     0x0000000000000000     0x36f5
 *(.debug_info)
 .debug_info    0x0000000000000000      0x264 lcd-routines.o
 .debug_info    0x0000000000000264     0x15bf main.o
 .debug_info    0x0000000000001823      0x103 ChargePin10ms.o
 .debug_info    0x0000000000001926      0x139 EntladePins.o
 .debug_info    0x0000000000001a5f      0x1c2 DisplayValue.o
 .debug_info    0x0000000000001c21      0x203 PinLayout.o
 .debug_info    0x0000000000001e24      0x10d wait_for_key_ms.o
 .debug_info    0x0000000000001f31      0x56d ReadCapacity.o
 .debug_info    0x000000000000249e      0x55a ReadInductance.o
 .debug_info    0x00000000000029f8      0x74f CheckPins.o
 .debug_info    0x0000000000003147      0x35c GetVloss.o
 .debug_info    0x00000000000034a3      0x252 Calibrate_UR.o
 *(.gnu.linkonce.wi.*)

.debug_abbrev   0x0000000000000000      0xcb6
 *(.debug_abbrev)
 .debug_abbrev  0x0000000000000000       0xbe lcd-routines.o
 .debug_abbrev  0x00000000000000be      0x247 main.o
 .debug_abbrev  0x0000000000000305       0x80 ChargePin10ms.o
 .debug_abbrev  0x0000000000000385       0x9e EntladePins.o
 .debug_abbrev  0x0000000000000423       0xbb DisplayValue.o
 .debug_abbrev  0x00000000000004de       0xed PinLayout.o
 .debug_abbrev  0x00000000000005cb       0x97 wait_for_key_ms.o
 .debug_abbrev  0x0000000000000662      0x16c ReadCapacity.o
 .debug_abbrev  0x00000000000007ce      0x178 ReadInductance.o
 .debug_abbrev  0x0000000000000946      0x171 CheckPins.o
 .debug_abbrev  0x0000000000000ab7      0x143 GetVloss.o
 .debug_abbrev  0x0000000000000bfa       0xbc Calibrate_UR.o

.debug_line     0x0000000000000000     0x37fb
 *(.debug_line)
 .debug_line    0x0000000000000000      0x309 lcd-routines.o
 .debug_line    0x0000000000000309     0x1196 main.o
 .debug_line    0x000000000000149f       0xea ChargePin10ms.o
 .debug_line    0x0000000000001589      0x211 EntladePins.o
 .debug_line    0x000000000000179a      0x1f9 DisplayValue.o
 .debug_line    0x0000000000001993       0xf6 PinLayout.o
 .debug_line    0x0000000000001a89      0x13c wait_for_key_ms.o
 .debug_line    0x0000000000001bc5      0x61e ReadCapacity.o
 .debug_line    0x00000000000021e3      0x488 ReadInductance.o
 .debug_line    0x000000000000266b      0xd12 CheckPins.o
 .debug_line    0x000000000000337d      0x24d GetVloss.o
 .debug_line    0x00000000000035ca      0x231 Calibrate_UR.o

.debug_frame    0x0000000000000000      0x300
 *(.debug_frame)
 .debug_frame   0x0000000000000000       0xc0 lcd-routines.o
 .debug_frame   0x00000000000000c0       0xb0 main.o
 .debug_frame   0x0000000000000170       0x20 ChargePin10ms.o
 .debug_frame   0x0000000000000190       0x20 EntladePins.o
 .debug_frame   0x00000000000001b0       0x20 DisplayValue.o
 .debug_frame   0x00000000000001d0       0x20 PinLayout.o
 .debug_frame   0x00000000000001f0       0x30 wait_for_key_ms.o
 .debug_frame   0x0000000000000220       0x50 ReadCapacity.o
 .debug_frame   0x0000000000000270       0x30 ReadInductance.o
 .debug_frame   0x00000000000002a0       0x20 CheckPins.o
 .debug_frame   0x00000000000002c0       0x20 GetVloss.o
 .debug_frame   0x00000000000002e0       0x20 Calibrate_UR.o

.debug_str      0x0000000000000000      0xa8e
 *(.debug_str)
 .debug_str     0x0000000000000000      0x15e lcd-routines.o
                                        0x19c (size before relaxing)
 .debug_str     0x000000000000015e      0x568 main.o
                                        0x677 (size before relaxing)
 .debug_str     0x00000000000006c6       0x3d ChargePin10ms.o
                                        0x130 (size before relaxing)
 .debug_str     0x0000000000000703       0x35 EntladePins.o
                                        0x138 (size before relaxing)
 .debug_str     0x0000000000000738       0x5f DisplayValue.o
                                        0x167 (size before relaxing)
 .debug_str     0x0000000000000797       0x28 PinLayout.o
                                        0x151 (size before relaxing)
 .debug_str     0x00000000000007bf       0x3b wait_for_key_ms.o
                                        0x137 (size before relaxing)
 .debug_str     0x00000000000007fa       0xa0 ReadCapacity.o
                                        0x2c5 (size before relaxing)
 .debug_str     0x000000000000089a       0x9d ReadInductance.o
                                        0x284 (size before relaxing)
 .debug_str     0x0000000000000937      0x102 CheckPins.o
                                        0x31d (size before relaxing)
 .debug_str     0x0000000000000a39       0x1c GetVloss.o
                                        0x1d1 (size before relaxing)
 .debug_str     0x0000000000000a55       0x39 Calibrate_UR.o
                                        0x1af (size before relaxing)

.debug_loc      0x0000000000000000     0x1965
 *(.debug_loc)
 .debug_loc     0x0000000000000000      0x1e1 lcd-routines.o
 .debug_loc     0x00000000000001e1      0x4ad main.o
 .debug_loc     0x000000000000068e       0x3f ChargePin10ms.o
 .debug_loc     0x00000000000006cd       0x6d EntladePins.o
 .debug_loc     0x000000000000073a      0x1b8 DisplayValue.o
 .debug_loc     0x00000000000008f2       0x84 PinLayout.o
 .debug_loc     0x0000000000000976       0x48 wait_for_key_ms.o
 .debug_loc     0x00000000000009be      0x1f3 ReadCapacity.o
 .debug_loc     0x0000000000000bb1      0x3e6 ReadInductance.o
 .debug_loc     0x0000000000000f97      0x820 CheckPins.o
 .debug_loc     0x00000000000017b7       0xda GetVloss.o
 .debug_loc     0x0000000000001891       0xd4 Calibrate_UR.o

.debug_macinfo
 *(.debug_macinfo)
OUTPUT(TransistorTester.elf elf32-avr)
LOAD linker stubs

.debug_pubtypes
                0x0000000000000000      0x362
 .debug_pubtypes
                0x0000000000000000       0x2b lcd-routines.o
 .debug_pubtypes
                0x000000000000002b       0x8c main.o
 .debug_pubtypes
                0x00000000000000b7       0x29 ChargePin10ms.o
 .debug_pubtypes
                0x00000000000000e0       0x29 EntladePins.o
 .debug_pubtypes
                0x0000000000000109       0x29 DisplayValue.o
 .debug_pubtypes
                0x0000000000000132       0x35 PinLayout.o
 .debug_pubtypes
                0x0000000000000167       0x29 wait_for_key_ms.o
 .debug_pubtypes
                0x0000000000000190       0x74 ReadCapacity.o
 .debug_pubtypes
                0x0000000000000204       0x52 ReadInductance.o
 .debug_pubtypes
                0x0000000000000256       0x6a CheckPins.o
 .debug_pubtypes
                0x00000000000002c0       0x5c GetVloss.o
 .debug_pubtypes
                0x000000000000031c       0x46 Calibrate_UR.o
