Archive member included because of file (symbol)

/usr/lib/gcc/avr/4.5.3/avr5/libgcc.a(_mulsi3.o)
                              main.o (__mulsi3)
/usr/lib/gcc/avr/4.5.3/avr5/libgcc.a(_udivmodqi4.o)
                              main.o (__udivmodqi4)
/usr/lib/gcc/avr/4.5.3/avr5/libgcc.a(_udivmodhi4.o)
                              main.o (__udivmodhi4)
/usr/lib/gcc/avr/4.5.3/avr5/libgcc.a(_udivmodsi4.o)
                              main.o (__udivmodsi4)
/usr/lib/gcc/avr/4.5.3/avr5/libgcc.a(_divmodsi4.o)
                              main.o (__divmodsi4)
/usr/lib/gcc/avr/4.5.3/avr5/libgcc.a(_exit.o)
                              /usr/lib/gcc/avr/4.5.3/../../../avr/lib/avr5/crtm328p.o (exit)
/usr/lib/gcc/avr/4.5.3/avr5/libgcc.a(_copy_data.o)
                              main.o (__do_copy_data)
/usr/lib/gcc/avr/4.5.3/avr5/libgcc.a(_clear_bss.o)
                              main.o (__do_clear_bss)
/usr/lib/gcc/avr/4.5.3/../../../avr/lib/avr5/libc.a(itoa.o)
                              main.o (itoa)
/usr/lib/gcc/avr/4.5.3/../../../avr/lib/avr5/libc.a(utoa.o)
                              main.o (utoa)
/usr/lib/gcc/avr/4.5.3/../../../avr/lib/avr5/libc.a(eerd_byte_atmega328p.o)
                              lcd-routines.o (__eerd_byte_m328p)
/usr/lib/gcc/avr/4.5.3/../../../avr/lib/avr5/libc.a(eerd_word_atmega328p.o)
                              main.o (__eerd_word_m328p)
/usr/lib/gcc/avr/4.5.3/../../../avr/lib/avr5/libc.a(eewr_byte_atmega328p.o)
                              main.o (__eewr_byte_m328p)
/usr/lib/gcc/avr/4.5.3/../../../avr/lib/avr5/libc.a(eewr_word_atmega328p.o)
                              main.o (__eewr_word_m328p)
/usr/lib/gcc/avr/4.5.3/../../../avr/lib/avr5/libc.a(strrev.o)
                              /usr/lib/gcc/avr/4.5.3/../../../avr/lib/avr5/libc.a(itoa.o) (strrev)
/usr/lib/gcc/avr/4.5.3/../../../avr/lib/avr5/libc.a(eerd_block_atmega328p.o)
                              /usr/lib/gcc/avr/4.5.3/../../../avr/lib/avr5/libc.a(eerd_word_atmega328p.o) (__eerd_blraw_m328p)

Allocating common symbols
Common symbol       size              file

resis680mi          0x2               main.o
PartReady           0x1               main.o
NumOfDiodes         0x1               main.o
PartMode            0x1               main.o
PartFound           0x1               main.o
resis680pl          0x2               main.o
tmpval              0x1               main.o
mess_count          0x1               main.o
outval              0xc               main.o
resis               0x21              main.o
ADCconfig           0x6               main.o
ref_mv              0x2               main.o
tmpval2             0x1               main.o
WithReference       0x1               main.o
empty_count         0x1               main.o
ii                  0x1               main.o
pin_combination     0x1               main.o
trans               0xf               main.o
ResistorsFound      0x1               main.o
gthvoltage          0x2               main.o
cap                 0x12              main.o
load_diff           0x2               main.o
diodes              0x18              main.o

Memory Configuration

Name             Origin             Length             Attributes
text             0x0000000000000000 0x0000000000020000 xr
data             0x0000000000800060 0x000000000000ffa0 rw !x
eeprom           0x0000000000810000 0x0000000000010000 rw !x
fuse             0x0000000000820000 0x0000000000000400 rw !x
lock             0x0000000000830000 0x0000000000000400 rw !x
signature        0x0000000000840000 0x0000000000000400 rw !x
*default*        0x0000000000000000 0xffffffffffffffff

Linker script and memory map

Address of section .data set to 0x800100
LOAD /usr/lib/gcc/avr/4.5.3/../../../avr/lib/avr5/crtm328p.o
LOAD lcd-routines.o
LOAD lcd_hw_4_bit.o
LOAD main.o
LOAD swuart.o
LOAD wait1000ms.o
LOAD ReadCapacity.o
LOAD ReadInductance.o
LOAD ReadADC.o
LOAD GetESR.o
LOAD /usr/lib/gcc/avr/4.5.3/avr5/libgcc.a
LOAD /usr/lib/gcc/avr/4.5.3/../../../avr/lib/avr5/libc.a
LOAD /usr/lib/gcc/avr/4.5.3/avr5/libgcc.a

.hash
 *(.hash)

.dynsym
 *(.dynsym)

.dynstr
 *(.dynstr)

.gnu.version
 *(.gnu.version)

.gnu.version_d
 *(.gnu.version_d)

.gnu.version_r
 *(.gnu.version_r)

.rel.init
 *(.rel.init)

.rela.init
 *(.rela.init)

.rel.text
 *(.rel.text)
 *(.rel.text.*)
 *(.rel.gnu.linkonce.t*)

.rela.text
 *(.rela.text)
 *(.rela.text.*)
 *(.rela.gnu.linkonce.t*)

.rel.fini
 *(.rel.fini)

.rela.fini
 *(.rela.fini)

.rel.rodata
 *(.rel.rodata)
 *(.rel.rodata.*)
 *(.rel.gnu.linkonce.r*)

.rela.rodata
 *(.rela.rodata)
 *(.rela.rodata.*)
 *(.rela.gnu.linkonce.r*)

.rel.data
 *(.rel.data)
 *(.rel.data.*)
 *(.rel.gnu.linkonce.d*)

.rela.data
 *(.rela.data)
 *(.rela.data.*)
 *(.rela.gnu.linkonce.d*)

.rel.ctors
 *(.rel.ctors)

.rela.ctors
 *(.rela.ctors)

.rel.dtors
 *(.rel.dtors)

.rela.dtors
 *(.rela.dtors)

.rel.got
 *(.rel.got)

.rela.got
 *(.rela.got)

.rel.bss
 *(.rel.bss)

.rela.bss
 *(.rela.bss)

.rel.plt
 *(.rel.plt)

.rela.plt
 *(.rela.plt)

.text           0x0000000000000000     0x3c08
 *(.vectors)
 .vectors       0x0000000000000000       0x68 /usr/lib/gcc/avr/4.5.3/../../../avr/lib/avr5/crtm328p.o
                0x0000000000000000                __vectors
                0x0000000000000000                __vector_default
 *(.vectors)
 *(.progmem.gcc*)
 *(.progmem*)
                0x0000000000000068                . = ALIGN (0x2)
                0x0000000000000068                __trampolines_start = .
 *(.trampolines)
 .trampolines   0x0000000000000068        0x0 linker stubs
 *(.trampolines*)
                0x0000000000000068                __trampolines_end = .
 *(.jumptables)
 *(.jumptables*)
 *(.lowtext)
 *(.lowtext*)
                0x0000000000000068                __ctors_start = .
 *(.ctors)
                0x0000000000000068                __ctors_end = .
                0x0000000000000068                __dtors_start = .
 *(.dtors)
                0x0000000000000068                __dtors_end = .
 SORT(*)(.ctors)
 SORT(*)(.dtors)
 *(.init0)
 .init0         0x0000000000000068        0x0 /usr/lib/gcc/avr/4.5.3/../../../avr/lib/avr5/crtm328p.o
                0x0000000000000068                __init
 *(.init0)
 *(.init1)
 *(.init1)
 *(.init2)
 .init2         0x0000000000000068        0xc /usr/lib/gcc/avr/4.5.3/../../../avr/lib/avr5/crtm328p.o
 *(.init2)
 *(.init3)
 *(.init3)
 *(.init4)
 .init4         0x0000000000000074       0x16 /usr/lib/gcc/avr/4.5.3/avr5/libgcc.a(_copy_data.o)
                0x0000000000000074                __do_copy_data
 .init4         0x000000000000008a       0x10 /usr/lib/gcc/avr/4.5.3/avr5/libgcc.a(_clear_bss.o)
                0x000000000000008a                __do_clear_bss
 *(.init4)
 *(.init5)
 *(.init5)
 *(.init6)
 *(.init6)
 *(.init7)
 *(.init7)
 *(.init8)
 *(.init8)
 *(.init9)
 .init9         0x000000000000009a        0x8 /usr/lib/gcc/avr/4.5.3/../../../avr/lib/avr5/crtm328p.o
 *(.init9)
 *(.text)
 .text          0x00000000000000a2        0x4 /usr/lib/gcc/avr/4.5.3/../../../avr/lib/avr5/crtm328p.o
                0x00000000000000a2                __vector_22
                0x00000000000000a2                __vector_1
                0x00000000000000a2                __vector_24
                0x00000000000000a2                __vector_12
                0x00000000000000a2                __bad_interrupt
                0x00000000000000a2                __vector_6
                0x00000000000000a2                __vector_3
                0x00000000000000a2                __vector_23
                0x00000000000000a2                __vector_25
                0x00000000000000a2                __vector_11
                0x00000000000000a2                __vector_13
                0x00000000000000a2                __vector_17
                0x00000000000000a2                __vector_19
                0x00000000000000a2                __vector_7
                0x00000000000000a2                __vector_5
                0x00000000000000a2                __vector_4
                0x00000000000000a2                __vector_9
                0x00000000000000a2                __vector_2
                0x00000000000000a2                __vector_21
                0x00000000000000a2                __vector_15
                0x00000000000000a2                __vector_8
                0x00000000000000a2                __vector_14
                0x00000000000000a2                __vector_10
                0x00000000000000a2                __vector_16
                0x00000000000000a2                __vector_18
                0x00000000000000a2                __vector_20
 .text          0x00000000000000a6      0x17a lcd-routines.o
                0x00000000000000a6                lcd_data
                0x0000000000000108                lcd_space
                0x0000000000000110                lcd_testpin
                0x0000000000000118                uart_newline
                0x0000000000000126                lcd_command
                0x0000000000000146                lcd_clear
                0x000000000000015c                lcd_init
                0x00000000000001a8                lcd_string
                0x00000000000001d0                lcd_fix_string
                0x00000000000001f2                lcd_fix_customchar
 .text          0x0000000000000220       0x5c lcd_hw_4_bit.o
                0x0000000000000220                _lcd_hw_write
 .text          0x000000000000027c     0x25ee main.o
                0x000000000000027c                ChargePin10ms
                0x00000000000002be                CheckPins
                0x000000000000102e                EntladePins
                0x0000000000001164                RefVoltage
                0x0000000000001204                lcd_clear_line
                0x0000000000001214                DisplayValue
                0x0000000000001380                RvalOut
                0x00000000000013b4                mVAusgabe
                0x00000000000013e4                UfAusgabe
                0x000000000000140c                AutoCheck
                0x0000000000001d92                main
 .text          0x000000000000286a       0x40 swuart.o
                0x000000000000286a                uart_putc
 .text          0x00000000000028aa       0x4a wait1000ms.o
                0x00000000000028aa                wait5s
                0x00000000000028ac                wait4s
                0x00000000000028ae                wait3s
                0x00000000000028b0                wait2s
                0x00000000000028b2                wait1000ms
                0x00000000000028b2                wait1s
                0x00000000000028b4                wait500ms
                0x00000000000028b6                wait400ms
                0x00000000000028b8                wait300ms
                0x00000000000028ba                wait200ms
                0x00000000000028bc                wait100ms
                0x00000000000028c0                wait50ms
                0x00000000000028c2                wait40ms
                0x00000000000028c4                wait30ms
                0x00000000000028c6                wait20ms
                0x00000000000028c8                wait10ms
                0x00000000000028ca                wait5ms
                0x00000000000028cc                wait4ms
                0x00000000000028ce                wait3ms
                0x00000000000028d0                wait2ms
                0x00000000000028d2                wait1ms
                0x00000000000028d4                wait500us
                0x00000000000028d6                wait400us
                0x00000000000028d8                wait300us
                0x00000000000028da                wait200us
                0x00000000000028dc                wait100us
                0x00000000000028de                wait50us
                0x00000000000028e0                wait40us
                0x00000000000028e2                wait30us
                0x00000000000028e4                wait20us
                0x00000000000028e6                wait10us
                0x00000000000028e8                wait5us
                0x00000000000028ea                wait4us
                0x00000000000028ec                wait3us
                0x00000000000028ee                wait2us
                0x00000000000028f0                wait1us
 .text          0x00000000000028f4      0x5fa ReadCapacity.o
                0x00000000000028f4                getRLmultip
                0x0000000000002978                Scale_C_with_vcc
                0x0000000000002a18                ReadCapacity
 .text          0x0000000000002eee      0x548 ReadInductance.o
                0x0000000000002eee                ReadInductance
 .text          0x0000000000003436       0xe6 ReadADC.o
                0x0000000000003436                W20msReadADC
                0x000000000000343a                W10msReadADC
                0x000000000000343e                W5msReadADC
                0x0000000000003442                ReadADC
 .text          0x000000000000351c      0x500 GetESR.o
                0x000000000000351c                GetESR
 .text          0x0000000000003a1c        0x0 /usr/lib/gcc/avr/4.5.3/avr5/libgcc.a(_mulsi3.o)
 .text          0x0000000000003a1c        0x0 /usr/lib/gcc/avr/4.5.3/avr5/libgcc.a(_udivmodqi4.o)
 .text          0x0000000000003a1c        0x0 /usr/lib/gcc/avr/4.5.3/avr5/libgcc.a(_udivmodhi4.o)
 .text          0x0000000000003a1c        0x0 /usr/lib/gcc/avr/4.5.3/avr5/libgcc.a(_udivmodsi4.o)
 .text          0x0000000000003a1c        0x0 /usr/lib/gcc/avr/4.5.3/avr5/libgcc.a(_divmodsi4.o)
 .text          0x0000000000003a1c        0x0 /usr/lib/gcc/avr/4.5.3/avr5/libgcc.a(_exit.o)
 .text          0x0000000000003a1c        0x0 /usr/lib/gcc/avr/4.5.3/avr5/libgcc.a(_copy_data.o)
 .text          0x0000000000003a1c        0x0 /usr/lib/gcc/avr/4.5.3/avr5/libgcc.a(_clear_bss.o)
 .text          0x0000000000003a1c        0x0 /usr/lib/gcc/avr/4.5.3/../../../avr/lib/avr5/libc.a(itoa.o)
 .text          0x0000000000003a1c        0x0 /usr/lib/gcc/avr/4.5.3/../../../avr/lib/avr5/libc.a(utoa.o)
 .text          0x0000000000003a1c        0x0 /usr/lib/gcc/avr/4.5.3/../../../avr/lib/avr5/libc.a(eerd_byte_atmega328p.o)
 .text          0x0000000000003a1c        0x0 /usr/lib/gcc/avr/4.5.3/../../../avr/lib/avr5/libc.a(eerd_word_atmega328p.o)
 .text          0x0000000000003a1c        0x0 /usr/lib/gcc/avr/4.5.3/../../../avr/lib/avr5/libc.a(eewr_byte_atmega328p.o)
 .text          0x0000000000003a1c        0x0 /usr/lib/gcc/avr/4.5.3/../../../avr/lib/avr5/libc.a(eewr_word_atmega328p.o)
 .text          0x0000000000003a1c        0x0 /usr/lib/gcc/avr/4.5.3/../../../avr/lib/avr5/libc.a(strrev.o)
 .text          0x0000000000003a1c        0x0 /usr/lib/gcc/avr/4.5.3/../../../avr/lib/avr5/libc.a(eerd_block_atmega328p.o)
                0x0000000000003a1c                . = ALIGN (0x2)
 *(.text.*)
 .text.libgcc   0x0000000000003a1c       0x3e /usr/lib/gcc/avr/4.5.3/avr5/libgcc.a(_mulsi3.o)
                0x0000000000003a1c                __mulsi3
 .text.libgcc   0x0000000000003a5a       0x18 /usr/lib/gcc/avr/4.5.3/avr5/libgcc.a(_udivmodqi4.o)
                0x0000000000003a5a                __udivmodqi4
 .text.libgcc   0x0000000000003a72       0x28 /usr/lib/gcc/avr/4.5.3/avr5/libgcc.a(_udivmodhi4.o)
                0x0000000000003a72                __udivmodhi4
 .text.libgcc   0x0000000000003a9a       0x44 /usr/lib/gcc/avr/4.5.3/avr5/libgcc.a(_udivmodsi4.o)
                0x0000000000003a9a                __udivmodsi4
 .text.libgcc   0x0000000000003ade       0x36 /usr/lib/gcc/avr/4.5.3/avr5/libgcc.a(_divmodsi4.o)
                0x0000000000003ade                __divmodsi4
 .text.libgcc   0x0000000000003b14        0x0 /usr/lib/gcc/avr/4.5.3/avr5/libgcc.a(_exit.o)
 .text.libgcc   0x0000000000003b14        0x0 /usr/lib/gcc/avr/4.5.3/avr5/libgcc.a(_copy_data.o)
 .text.libgcc   0x0000000000003b14        0x0 /usr/lib/gcc/avr/4.5.3/avr5/libgcc.a(_clear_bss.o)
 .text.avr-libc
                0x0000000000003b14       0x42 /usr/lib/gcc/avr/4.5.3/../../../avr/lib/avr5/libc.a(itoa.o)
                0x0000000000003b14                itoa
 .text.avr-libc
                0x0000000000003b56       0x2c /usr/lib/gcc/avr/4.5.3/../../../avr/lib/avr5/libc.a(utoa.o)
                0x0000000000003b56                utoa
 .text.avr-libc
                0x0000000000003b82       0x10 /usr/lib/gcc/avr/4.5.3/../../../avr/lib/avr5/libc.a(eerd_byte_atmega328p.o)
                0x0000000000003b82                __eerd_byte_m328p
 .text.avr-libc
                0x0000000000003b92        0xc /usr/lib/gcc/avr/4.5.3/../../../avr/lib/avr5/libc.a(eerd_word_atmega328p.o)
                0x0000000000003b92                __eerd_word_m328p
 .text.avr-libc
                0x0000000000003b9e       0x1c /usr/lib/gcc/avr/4.5.3/../../../avr/lib/avr5/libc.a(eewr_byte_atmega328p.o)
                0x0000000000003b9e                __eewr_byte_m328p
                0x0000000000003ba0                __eewr_r18_m328p
 .text.avr-libc
                0x0000000000003bba        0xa /usr/lib/gcc/avr/4.5.3/../../../avr/lib/avr5/libc.a(eewr_word_atmega328p.o)
                0x0000000000003bba                __eewr_word_m328p
 .text.avr-libc
                0x0000000000003bc4       0x20 /usr/lib/gcc/avr/4.5.3/../../../avr/lib/avr5/libc.a(strrev.o)
                0x0000000000003bc4                strrev
 .text.avr-libc
                0x0000000000003be4       0x20 /usr/lib/gcc/avr/4.5.3/../../../avr/lib/avr5/libc.a(eerd_block_atmega328p.o)
                0x0000000000003be4                __eerd_block_m328p
                0x0000000000003be8                __eerd_blraw_m328p
                0x0000000000003c04                . = ALIGN (0x2)
 *(.fini9)
 .fini9         0x0000000000003c04        0x0 /usr/lib/gcc/avr/4.5.3/avr5/libgcc.a(_exit.o)
                0x0000000000003c04                exit
                0x0000000000003c04                _exit
 *(.fini9)
 *(.fini8)
 *(.fini8)
 *(.fini7)
 *(.fini7)
 *(.fini6)
 *(.fini6)
 *(.fini5)
 *(.fini5)
 *(.fini4)
 *(.fini4)
 *(.fini3)
 *(.fini3)
 *(.fini2)
 *(.fini2)
 *(.fini1)
 *(.fini1)
 *(.fini0)
 .fini0         0x0000000000003c04        0x4 /usr/lib/gcc/avr/4.5.3/avr5/libgcc.a(_exit.o)
 *(.fini0)
                0x0000000000003c08                _etext = .

.data           0x0000000000800100        0x2 load address 0x0000000000003c08
                0x0000000000800100                PROVIDE (__data_start, .)
 *(.data)
 .data          0x0000000000800100        0x0 /usr/lib/gcc/avr/4.5.3/../../../avr/lib/avr5/crtm328p.o
 .data          0x0000000000800100        0x0 lcd-routines.o
 .data          0x0000000000800100        0x0 lcd_hw_4_bit.o
 .data          0x0000000000800100        0x2 main.o
                0x0000000000800100                RHmultip
 .data          0x0000000000800102        0x0 swuart.o
 .data          0x0000000000800102        0x0 wait1000ms.o
 .data          0x0000000000800102        0x0 ReadCapacity.o
 .data          0x0000000000800102        0x0 ReadInductance.o
 .data          0x0000000000800102        0x0 ReadADC.o
 .data          0x0000000000800102        0x0 GetESR.o
 .data          0x0000000000800102        0x0 /usr/lib/gcc/avr/4.5.3/avr5/libgcc.a(_mulsi3.o)
 .data          0x0000000000800102        0x0 /usr/lib/gcc/avr/4.5.3/avr5/libgcc.a(_udivmodqi4.o)
 .data          0x0000000000800102        0x0 /usr/lib/gcc/avr/4.5.3/avr5/libgcc.a(_udivmodhi4.o)
 .data          0x0000000000800102        0x0 /usr/lib/gcc/avr/4.5.3/avr5/libgcc.a(_udivmodsi4.o)
 .data          0x0000000000800102        0x0 /usr/lib/gcc/avr/4.5.3/avr5/libgcc.a(_divmodsi4.o)
 .data          0x0000000000800102        0x0 /usr/lib/gcc/avr/4.5.3/avr5/libgcc.a(_exit.o)
 .data          0x0000000000800102        0x0 /usr/lib/gcc/avr/4.5.3/avr5/libgcc.a(_copy_data.o)
 .data          0x0000000000800102        0x0 /usr/lib/gcc/avr/4.5.3/avr5/libgcc.a(_clear_bss.o)
 .data          0x0000000000800102        0x0 /usr/lib/gcc/avr/4.5.3/../../../avr/lib/avr5/libc.a(itoa.o)
 .data          0x0000000000800102        0x0 /usr/lib/gcc/avr/4.5.3/../../../avr/lib/avr5/libc.a(utoa.o)
 .data          0x0000000000800102        0x0 /usr/lib/gcc/avr/4.5.3/../../../avr/lib/avr5/libc.a(eerd_byte_atmega328p.o)
 .data          0x0000000000800102        0x0 /usr/lib/gcc/avr/4.5.3/../../../avr/lib/avr5/libc.a(eerd_word_atmega328p.o)
 .data          0x0000000000800102        0x0 /usr/lib/gcc/avr/4.5.3/../../../avr/lib/avr5/libc.a(eewr_byte_atmega328p.o)
 .data          0x0000000000800102        0x0 /usr/lib/gcc/avr/4.5.3/../../../avr/lib/avr5/libc.a(eewr_word_atmega328p.o)
 .data          0x0000000000800102        0x0 /usr/lib/gcc/avr/4.5.3/../../../avr/lib/avr5/libc.a(strrev.o)
 .data          0x0000000000800102        0x0 /usr/lib/gcc/avr/4.5.3/../../../avr/lib/avr5/libc.a(eerd_block_atmega328p.o)
 *(.data*)
 *(.rodata)
 *(.rodata*)
 *(.gnu.linkonce.d*)
                0x0000000000800102                . = ALIGN (0x2)
                0x0000000000800102                _edata = .
                0x0000000000800102                PROVIDE (__data_end, .)

.bss            0x0000000000800102       0x82
                0x0000000000800102                PROVIDE (__bss_start, .)
 *(.bss)
 .bss           0x0000000000800102        0x0 /usr/lib/gcc/avr/4.5.3/../../../avr/lib/avr5/crtm328p.o
 .bss           0x0000000000800102        0x0 lcd-routines.o
 .bss           0x0000000000800102        0x0 lcd_hw_4_bit.o
 .bss           0x0000000000800102        0x0 main.o
 .bss           0x0000000000800102        0x0 swuart.o
 .bss           0x0000000000800102        0x0 wait1000ms.o
 .bss           0x0000000000800102        0x0 ReadCapacity.o
 .bss           0x0000000000800102        0x0 ReadInductance.o
 .bss           0x0000000000800102        0x0 ReadADC.o
 .bss           0x0000000000800102        0x0 GetESR.o
 .bss           0x0000000000800102        0x0 /usr/lib/gcc/avr/4.5.3/avr5/libgcc.a(_mulsi3.o)
 .bss           0x0000000000800102        0x0 /usr/lib/gcc/avr/4.5.3/avr5/libgcc.a(_udivmodqi4.o)
 .bss           0x0000000000800102        0x0 /usr/lib/gcc/avr/4.5.3/avr5/libgcc.a(_udivmodhi4.o)
 .bss           0x0000000000800102        0x0 /usr/lib/gcc/avr/4.5.3/avr5/libgcc.a(_udivmodsi4.o)
 .bss           0x0000000000800102        0x0 /usr/lib/gcc/avr/4.5.3/avr5/libgcc.a(_divmodsi4.o)
 .bss           0x0000000000800102        0x0 /usr/lib/gcc/avr/4.5.3/avr5/libgcc.a(_exit.o)
 .bss           0x0000000000800102        0x0 /usr/lib/gcc/avr/4.5.3/avr5/libgcc.a(_copy_data.o)
 .bss           0x0000000000800102        0x0 /usr/lib/gcc/avr/4.5.3/avr5/libgcc.a(_clear_bss.o)
 .bss           0x0000000000800102        0x0 /usr/lib/gcc/avr/4.5.3/../../../avr/lib/avr5/libc.a(itoa.o)
 .bss           0x0000000000800102        0x0 /usr/lib/gcc/avr/4.5.3/../../../avr/lib/avr5/libc.a(utoa.o)
 .bss           0x0000000000800102        0x0 /usr/lib/gcc/avr/4.5.3/../../../avr/lib/avr5/libc.a(eerd_byte_atmega328p.o)
 .bss           0x0000000000800102        0x0 /usr/lib/gcc/avr/4.5.3/../../../avr/lib/avr5/libc.a(eerd_word_atmega328p.o)
 .bss           0x0000000000800102        0x0 /usr/lib/gcc/avr/4.5.3/../../../avr/lib/avr5/libc.a(eewr_byte_atmega328p.o)
 .bss           0x0000000000800102        0x0 /usr/lib/gcc/avr/4.5.3/../../../avr/lib/avr5/libc.a(eewr_word_atmega328p.o)
 .bss           0x0000000000800102        0x0 /usr/lib/gcc/avr/4.5.3/../../../avr/lib/avr5/libc.a(strrev.o)
 .bss           0x0000000000800102        0x0 /usr/lib/gcc/avr/4.5.3/../../../avr/lib/avr5/libc.a(eerd_block_atmega328p.o)
 *(.bss*)
 *(COMMON)
 COMMON         0x0000000000800102       0x82 main.o
                0x0000000000800102                resis680mi
                0x0000000000800104                PartReady
                0x0000000000800105                NumOfDiodes
                0x0000000000800106                PartMode
                0x0000000000800107                PartFound
                0x0000000000800108                resis680pl
                0x000000000080010a                tmpval
                0x000000000080010b                mess_count
                0x000000000080010c                outval
                0x0000000000800118                resis
                0x0000000000800139                ADCconfig
                0x000000000080013f                ref_mv
                0x0000000000800141                tmpval2
                0x0000000000800142                WithReference
                0x0000000000800143                empty_count
                0x0000000000800144                ii
                0x0000000000800145                pin_combination
                0x0000000000800146                trans
                0x0000000000800155                ResistorsFound
                0x0000000000800156                gthvoltage
                0x0000000000800158                cap
                0x000000000080016a                load_diff
                0x000000000080016c                diodes
                0x0000000000800184                PROVIDE (__bss_end, .)
                0x0000000000003c08                __data_load_start = LOADADDR (.data)
                0x0000000000003c0a                __data_load_end = (__data_load_start + SIZEOF (.data))

.noinit         0x0000000000800184        0x0
                0x0000000000800184                PROVIDE (__noinit_start, .)
 *(.noinit*)
                0x0000000000800184                PROVIDE (__noinit_end, .)
                0x0000000000800184                _end = .
                0x0000000000800184                PROVIDE (__heap_start, .)

.eeprom         0x0000000000810000      0x270
 *(.eeprom*)
 .eeprom        0x0000000000810000      0x270 main.o
                0x0000000000810000                RLtab
                0x000000000081005a                LogTab
                0x00000000008100b6                RHtab
                0x00000000008100c8                TestRunning
                0x00000000008100d3                BatWeak
                0x00000000008100d8                BatEmpty
                0x00000000008100df                TestFailed2
                0x00000000008100e8                Bauteil
                0x00000000008100ed                Diode
                0x00000000008100f5                GAK
                0x00000000008100fa                Triac
                0x0000000000810100                Thyristor
                0x000000000081010a                Unknown
                0x0000000000810113                TestFailed1
                0x0000000000810123                OrBroken
                0x000000000081012f                TestTimedOut
                0x0000000000810138                SELFTEST
                0x0000000000810148                RELPROBE
                0x0000000000810157                ATE
                0x0000000000810160                Bat_str
                0x0000000000810166                OK_str
                0x0000000000810169                mosfet_str
                0x000000000081016e                jfet_str
                0x0000000000810173                GateCap_str
                0x0000000000810176                hfe_str
                0x0000000000810179                NPN_str
                0x000000000081017e                PNP_str
                0x0000000000810183                N123_str
                0x0000000000810189                Uf_str
                0x000000000081018d                vt_str
                0x0000000000810192                Vgs_str
                0x0000000000810198                CapZeich
                0x000000000081019c                Cell_str
                0x00000000008101a2                VCC_str
                0x00000000008101a7                ESR_str
                0x00000000008101ad                Lis_str
                0x00000000008101b0                AnKat
                0x00000000008101b4                KatAn
                0x00000000008101b8                Dioden
                0x00000000008101bd                Resistor_str
                0x00000000008101c2                VERSION_str
                0x00000000008101d0                URefT
                0x00000000008101d5                RHfakt
                0x00000000008101da                RH1L
                0x00000000008101de                RH1H
                0x00000000008101e2                RLRL
                0x00000000008101f0                RHRH
                0x00000000008101fe                RIHI
                0x0000000000810205                RILO
                0x000000000081020c                C0_str
                0x0000000000810210                T50HZ
                0x0000000000810216                MinCap_str
                0x000000000081021e                REF_C_str
                0x0000000000810225                REF_R_str
                0x000000000081022c                DiodeIcon1
                0x0000000000810234                DiodeIcon2
                0x000000000081023c                CapIcon
                0x0000000000810244                ResIcon1
                0x000000000081024c                ResIcon2
                0x0000000000810254                PinRLtab
                0x0000000000810257                PinADCtab
                0x000000000081025a                R680pl
                0x000000000081025c                R680mi
                0x000000000081025e                RefDiff
                0x000000000081025f                PrefixTab
                0x0000000000810266                ref_offset
                0x0000000000810268                c_zero_tab
                0x000000000081026f                EE_ESR_ZERO
                0x0000000000810270                __eeprom_end = .

.fuse
 *(.fuse)
 *(.lfuse)
 *(.hfuse)
 *(.efuse)

.lock
 *(.lock*)

.signature
 *(.signature*)

.stab           0x0000000000000000      0xdbc
 *(.stab)
 .stab          0x0000000000000000      0x6cc /usr/lib/gcc/avr/4.5.3/../../../avr/lib/avr5/crtm328p.o
 .stab          0x00000000000006cc      0x1b0 /usr/lib/gcc/avr/4.5.3/../../../avr/lib/avr5/libc.a(itoa.o)
                                        0x1bc (size before relaxing)
 .stab          0x000000000000087c      0x12c /usr/lib/gcc/avr/4.5.3/../../../avr/lib/avr5/libc.a(utoa.o)
                                        0x138 (size before relaxing)
 .stab          0x00000000000009a8       0x90 /usr/lib/gcc/avr/4.5.3/../../../avr/lib/avr5/libc.a(eerd_byte_atmega328p.o)
                                         0x9c (size before relaxing)
 .stab          0x0000000000000a38       0x6c /usr/lib/gcc/avr/4.5.3/../../../avr/lib/avr5/libc.a(eerd_word_atmega328p.o)
                                         0x78 (size before relaxing)
 .stab          0x0000000000000aa4       0xe4 /usr/lib/gcc/avr/4.5.3/../../../avr/lib/avr5/libc.a(eewr_byte_atmega328p.o)
                                         0xf0 (size before relaxing)
 .stab          0x0000000000000b88       0x54 /usr/lib/gcc/avr/4.5.3/../../../avr/lib/avr5/libc.a(eewr_word_atmega328p.o)
                                         0x60 (size before relaxing)
 .stab          0x0000000000000bdc       0xd8 /usr/lib/gcc/avr/4.5.3/../../../avr/lib/avr5/libc.a(strrev.o)
                                         0xe4 (size before relaxing)
 .stab          0x0000000000000cb4      0x108 /usr/lib/gcc/avr/4.5.3/../../../avr/lib/avr5/libc.a(eerd_block_atmega328p.o)
                                        0x114 (size before relaxing)

.stabstr        0x0000000000000000      0x1d2
 *(.stabstr)
 .stabstr       0x0000000000000000      0x1d2 /usr/lib/gcc/avr/4.5.3/../../../avr/lib/avr5/crtm328p.o

.stab.excl
 *(.stab.excl)

.stab.exclstr
 *(.stab.exclstr)

.stab.index
 *(.stab.index)

.stab.indexstr
 *(.stab.indexstr)

.comment
 *(.comment)

.debug
 *(.debug)

.line
 *(.line)

.debug_srcinfo
 *(.debug_srcinfo)

.debug_sfnames
 *(.debug_sfnames)

.debug_aranges  0x0000000000000000       0xa0
 *(.debug_aranges)
 .debug_aranges
                0x0000000000000000       0x20 lcd-routines.o
 .debug_aranges
                0x0000000000000020       0x20 main.o
 .debug_aranges
                0x0000000000000040       0x20 ReadCapacity.o
 .debug_aranges
                0x0000000000000060       0x20 ReadInductance.o
 .debug_aranges
                0x0000000000000080       0x20 GetESR.o

.debug_pubnames
                0x0000000000000000      0x678
 *(.debug_pubnames)
 .debug_pubnames
                0x0000000000000000       0xb2 lcd-routines.o
 .debug_pubnames
                0x00000000000000b2      0x53c main.o
 .debug_pubnames
                0x00000000000005ee       0x48 ReadCapacity.o
 .debug_pubnames
                0x0000000000000636       0x25 ReadInductance.o
 .debug_pubnames
                0x000000000000065b       0x1d GetESR.o

.debug_info     0x0000000000000000     0x251b
 *(.debug_info)
 .debug_info    0x0000000000000000      0x1fa lcd-routines.o
 .debug_info    0x00000000000001fa     0x173e main.o
 .debug_info    0x0000000000001938      0x4cf ReadCapacity.o
 .debug_info    0x0000000000001e07      0x45d ReadInductance.o
 .debug_info    0x0000000000002264      0x2b7 GetESR.o
 *(.gnu.linkonce.wi.*)

.debug_abbrev   0x0000000000000000      0x6e1
 *(.debug_abbrev)
 .debug_abbrev  0x0000000000000000       0xaf lcd-routines.o
 .debug_abbrev  0x00000000000000af      0x2a9 main.o
 .debug_abbrev  0x0000000000000358      0x18c ReadCapacity.o
 .debug_abbrev  0x00000000000004e4       0xfd ReadInductance.o
 .debug_abbrev  0x00000000000005e1      0x100 GetESR.o

.debug_line     0x0000000000000000     0x32e3
 *(.debug_line)
 .debug_line    0x0000000000000000      0x2b9 lcd-routines.o
 .debug_line    0x00000000000002b9     0x2208 main.o
 .debug_line    0x00000000000024c1      0x566 ReadCapacity.o
 .debug_line    0x0000000000002a27      0x42d ReadInductance.o
 .debug_line    0x0000000000002e54      0x48f GetESR.o

.debug_frame    0x0000000000000000      0x1f0
 *(.debug_frame)
 .debug_frame   0x0000000000000000       0xb0 lcd-routines.o
 .debug_frame   0x00000000000000b0       0xc0 main.o
 .debug_frame   0x0000000000000170       0x40 ReadCapacity.o
 .debug_frame   0x00000000000001b0       0x20 ReadInductance.o
 .debug_frame   0x00000000000001d0       0x20 GetESR.o

.debug_str      0x0000000000000000      0x7fd
 *(.debug_str)
 .debug_str     0x0000000000000000      0x134 lcd-routines.o
                                        0x172 (size before relaxing)
 .debug_str     0x0000000000000134      0x5bd main.o
                                        0x6af (size before relaxing)
 .debug_str     0x00000000000006f1       0x93 ReadCapacity.o
                                        0x28d (size before relaxing)
 .debug_str     0x0000000000000784       0x59 ReadInductance.o
                                        0x240 (size before relaxing)
 .debug_str     0x00000000000007dd       0x20 GetESR.o
                                        0x18a (size before relaxing)

.debug_loc      0x0000000000000000     0x10a4
 *(.debug_loc)
 .debug_loc     0x0000000000000000      0x118 lcd-routines.o
 .debug_loc     0x0000000000000118      0x9ef main.o
 .debug_loc     0x0000000000000b07      0x267 ReadCapacity.o
 .debug_loc     0x0000000000000d6e      0x25d ReadInductance.o
 .debug_loc     0x0000000000000fcb       0xd9 GetESR.o

.debug_macinfo
 *(.debug_macinfo)
OUTPUT(TransistorTester.elf elf32-avr)
LOAD linker stubs

.debug_pubtypes
                0x0000000000000000      0x1d2
 .debug_pubtypes
                0x0000000000000000       0x1e lcd-routines.o
 .debug_pubtypes
                0x000000000000001e       0x80 main.o
 .debug_pubtypes
                0x000000000000009e       0x74 ReadCapacity.o
 .debug_pubtypes
                0x0000000000000112       0x74 ReadInductance.o
 .debug_pubtypes
                0x0000000000000186       0x4c GetESR.o
